Archive member included because of file (symbol)

/home/nxtOSEK/ecrobot/../ecrobot/libecrobot++.a(Bluetooth.o)
                              build/Robot.o (_ZN7ecrobot9BluetoothC1Ev)
/home/nxtOSEK/ecrobot/../ecrobot/libecrobot++.a(Clock.o)
                              build/utils.o (_ZN7ecrobot5ClockC1Ev)
/home/nxtOSEK/ecrobot/../ecrobot/libecrobot++.a(GyroSensor.o)
                              build/Robot.o (_ZN7ecrobot10GyroSensorC1E6ePortS)
/home/nxtOSEK/ecrobot/../ecrobot/libecrobot++.a(I2c.o)
                              build/Robot.o (_ZN7ecrobot3I2cD2Ev)
/home/nxtOSEK/ecrobot/../ecrobot/libecrobot++.a(Lcd.o)
                              build/Robot.o (_ZN7ecrobot3LcdC1Ev)
/home/nxtOSEK/ecrobot/../ecrobot/libecrobot++.a(LightSensor.o)
                              build/Robot.o (_ZN7ecrobot11LightSensorD1Ev)
/home/nxtOSEK/ecrobot/../ecrobot/libecrobot++.a(Motor.o)
                              build/Robot.o (_ZN7ecrobot5MotorC1E6ePortMb)
/home/nxtOSEK/ecrobot/../ecrobot/libecrobot++.a(Nxt.o)
                              build/Robot.o (_ZN7ecrobot3NxtC1Ev)
/home/nxtOSEK/ecrobot/../ecrobot/libecrobot++.a(SonarSensor.o)
                              build/Robot.o (_ZN7ecrobot11SonarSensorC1E6ePortS)
/home/nxtOSEK/ecrobot/../ecrobot/libecrobot++.a(Speaker.o)
                              build/Robot.o (_ZN7ecrobot7SpeakerC1Ev)
/home/nxtOSEK/ecrobot/../ecrobot/libecrobot++.a(TouchSensor.o)
                              build/Robot.o (_ZN7ecrobot11TouchSensorC1E6ePortS)
/home/nxtOSEK/ecrobot/../ecrobot/libecrobot++.a(BTConnection.o)
                              build/Robot.o (_ZN7ecrobot12BTConnection7connectEPKcS2_)
/home/nxtOSEK/ecrobot/../ecrobot/libecrobot++.a(Daq.o)
                              build/Robot.o (_ZN7ecrobot3DaqC1ERNS_9BluetoothE)
/home/nxtOSEK/ecrobot/../ecrobot/libecrobot++.a(New.o)
                              build/Robot.o (_Znwm)
/home/nxtOSEK/ecrobot/../ecrobot/libecrobot.a(ecrobot_device_hook.o)
                              build/ecrobot.o (ecrobot_device_initialize)
/home/nxtOSEK/ecrobot/../ecrobot/libecrobot.a(ecrobot_interface.o)
                              build/ecrobot_base.o (ecrobot_get_battery_voltage)
/home/nxtOSEK/ecrobot/../ecrobot/libecrobot.a(colorsensor.o)
                              /home/nxtOSEK/ecrobot/../ecrobot/libecrobot.a(ecrobot_interface.o) (colorsensor_init)
/home/nxtOSEK/ecrobot/../ecrobot/libecrobot.a(osek_hook.o)
                              build/kernel/osctl.o (StartupHook)
/home/nxtOSEK/ecrobot/../ecrobot/libecrobot.a(uart.oram)
                              build/config/at91sam7s-gnu/irq.oram (uart_isr_C_0)
/home/nxtOSEK/ecrobot/../ecrobot/libecrobot.a(systick.oram)
                              build/syslib/at91sam7s-gnu/lego_nxt/hw_sys_timer.oram (systick_low_priority_C)
/home/nxtOSEK/ecrobot/../ecrobot/libecrobot.a(byte_fifo.oram)
                              /home/nxtOSEK/ecrobot/../ecrobot/libecrobot.a(uart.oram) (byte_fifo_put)
/home/nxtOSEK/ecrobot/../ecrobot/libecrobot.a(aic.oram)
                              /home/nxtOSEK/ecrobot/../ecrobot/libecrobot.a(uart.oram) (aic_set_vector)
/home/nxtOSEK/ecrobot/../ecrobot/libecrobot.a(udp.oram)
                              build/config/at91sam7s-gnu/irq.oram (udp_isr_C)
/home/nxtOSEK/ecrobot/../ecrobot/libecrobot.a(twi.oram)
                              build/config/at91sam7s-gnu/irq.oram (twi_isr_C)
/home/nxtOSEK/ecrobot/../ecrobot/libecrobot.a(nxt_spi.oram)
                              build/config/at91sam7s-gnu/irq.oram (spi_isr_C)
/home/nxtOSEK/ecrobot/../ecrobot/libecrobot.a(nxt_motors.oram)
                              build/Robot.o (nxt_motor_get_count)
/home/nxtOSEK/ecrobot/../ecrobot/libecrobot.a(data_abort.oram)
                              build/ecrobot_init.o (data_abort_C)
/home/nxtOSEK/ecrobot/../ecrobot/libecrobot.a(display.oram)
                              build/rtoscalls.o (display_update)
/home/nxtOSEK/ecrobot/../ecrobot/libecrobot.a(i2c.oram)
                              build/config/at91sam7s-gnu/irq.oram (i2c_timer_isr_C)
/home/nxtOSEK/ecrobot/../ecrobot/libecrobot.a(sound.oram)
                              /home/nxtOSEK/ecrobot/../ecrobot/libecrobot.a(ecrobot_interface.o) (sound_get_time)
/home/nxtOSEK/ecrobot/../ecrobot/libecrobot.a(bt.oram)
                              build/ecrobot_bluetooth.o (bt_send)
/home/nxtOSEK/ecrobot/../ecrobot/libecrobot.a(nxt_avr.oram)
                              build/ecrobot_base.o (nxt_avr_power_down)
/home/nxtOSEK/ecrobot/../ecrobot/libecrobot.a(sensors.oram)
                              /home/nxtOSEK/ecrobot/../ecrobot/libecrobot++.a(LightSensor.o) (unset_digi0)
/home/nxtOSEK/ecrobot/../ecrobot/libecrobot.a(sensors1.oram)
                              /home/nxtOSEK/ecrobot/../ecrobot/libecrobot.a(colorsensor.o) (sensor_pins)
/home/nxtOSEK/ecrobot/../ecrobot/libecrobot.a(nxt_lcd.oram)
                              /home/nxtOSEK/ecrobot/../ecrobot/libecrobot.a(display.oram) (nxt_lcd_force_update)
[...]
Memory Configuration

Name             Origin             Length             Attributes
header_ram       0x001ffff0         0x00000010
vector_ram       0x00200000         0x00000040
ram              0x00200040         0x0000ffc0
*default*        0x00000000         0xffffffff

Linker script and memory map

LOAD build/kernel/alarm.o
LOAD build/kernel/event.o
LOAD build/kernel/interrupt.o
LOAD build/kernel/osctl.o
LOAD build/kernel/resource.o
LOAD build/kernel/task.o
LOAD build/kernel/task_manage.o
LOAD build/config/at91sam7s-gnu/cpu_config.o
LOAD build/config/at91sam7s-gnu/lego_nxt/sys_config.o
LOAD build/./kernel_cfg.o
LOAD build/rtoscalls.o
LOAD build/syscalls.o
LOAD build/ecrobot_bluetooth.o
LOAD build/ecrobot_base.o
LOAD build/ecrobot.o
LOAD build/balancer_param.o
LOAD build/syslib/at91sam7s-gnu/lego_nxt/hw_sys_timer.oram
LOAD build/utils.o
LOAD build/CourseInfo.o
LOAD build/Robot.o
LOAD build/Navigator.o
LOAD build/Driver.o
LOAD build/Mission.o
LOAD build/PositionEstimation.o
LOAD build/MarkerCheck.o
LOAD build/Technic.o
LOAD build/Vec.o
LOAD build/TechBezierTrace.o
LOAD build/PIDController.o
LOAD build/nxtvm/platform/nxt/vectors.o
LOAD build/config/at91sam7s-gnu/debug.o
LOAD build/config/at91sam7s-gnu/lego_nxt/sys_support.o
LOAD build/nxt_binary_header.o
LOAD build/nxt_entry_point.o
LOAD build/ecrobot_init.o
LOAD build/config/at91sam7s-gnu/cpu_support.oram
LOAD build/config/at91sam7s-gnu/irq.oram
LOAD /home/nxtOSEK/ecrobot/../ecrobot/libecrobot++.a
LOAD /home/nxtOSEK/ecrobot/../ecrobot/libecrobot.a
LOAD /home/nxtOSEK/ecrobot/../ecrobot/libnxtway_gs_balancer.a
LOAD /home/GNUARM/bin/../lib/gcc/arm-elf/4.0.2/../../../../arm-elf/lib/thumb/interwork/libstdc++.a
LOAD /home/GNUARM/bin/../lib/gcc/arm-elf/4.0.2/../../../../arm-elf/lib/thumb/interwork/libm.a
LOAD /home/GNUARM/bin/../lib/gcc/arm-elf/4.0.2/thumb/interwork/libgcc.a
LOAD /home/GNUARM/bin/../lib/gcc/arm-elf/4.0.2/../../../../arm-elf/lib/thumb/interwork/libc.a
LOAD /home/GNUARM/bin/../lib/gcc/arm-elf/4.0.2/thumb/interwork/libgcc.a
                0x00200000                RAM_BASE = 0x200000
                0x00010000                RAM_SIZE = 0x10000

.header         0x001ffff0       0x10
 *nxt_binary_header.o(*.text *.text.*)
 .text          0x001ffff0       0x10 build/nxt_binary_header.o
                0x00200000                . = ALIGN (0x10)

.vectors        0x00200000       0x40
 vectors.o(*.text *.text.*)
 .text          0x00200000       0x38 build/nxtvm/platform/nxt/vectors.o
                0x00200040                . = ALIGN (0x10)
 *fill*         0x00200038        0x8 00
                0x00200000                __vectors_ram_start__ = ADDR (.vectors)
                0x00200040                __vectors_ram_end__ = (ADDR (.vectors) + SIZEOF (.vectors))
                0x00200000                __vectors_load_start__ = LOADADDR (.vectors)
                0x00200040                __vectors_load_end__ = (LOADADDR (.vectors) + SIZEOF (.vectors))

.entry          0x00200040       0x40
 *nxt_entry_point.o(*.text *.text.*)
 .text          0x00200040       0x38 build/nxt_entry_point.o
                0x00200040                NXT_Entry_Point
                0x00200080                . = ALIGN (0x10)
 *fill*         0x00200078        0x8 00

.init           0x00200080      0x280
 *ecrobot_init.o(*.text *.text.*)
 .text          0x00200080      0x280 build/ecrobot_init.o
                0x002001ec                undef_handler
                0x002001f4                prefetch_abort_handler
                0x002001f8                data_abort_handler
                0x002001f0                swi_handler
                0x00200080                start
                0x00200214                reserved_handler
                0x00200300                . = ALIGN (0x10)

.ram_text       0x00200300     0x3850
                0x00200300                . = ALIGN (0x10)
 *.oram(*.text *.text.* *.glue*)
 .text.systick_isr_C1
                0x00200300       0x28 build/syslib/at91sam7s-gnu/lego_nxt/hw_sys_timer.oram
                0x00200300                systick_isr_C1
 *fill*         0x00200328        0x8 00
 .text          0x00200330      0x230 build/config/at91sam7s-gnu/cpu_support.oram
                0x00200510                enable_int
                0x002003b0                start_dispatch
                0x00200370                activate_r
                0x00200508                disable_int
                0x00200330                dispatch
                0x002004dc                int_return
                0x0020046c                _interrupt
                0x002003a0                exit_and_dispatch
                0x00200518                nop
 .text          0x00200560      0x2c0 build/config/at91sam7s-gnu/irq.oram
                0x00200560                default_isr
                0x002006ec                uart_isr_entry_0
                0x0020066c                twi_isr_entry
                0x0020072c                uart_isr_entry_1
                0x0020062c                spi_isr_entry
                0x002005ac                systick_low_priority_entry
                0x0020076c                nxt_motor_isr_entry
                0x002007ac                i2c_timer_isr_entry
                0x00200560                default_fiq
                0x00200564                systick_isr_entry
                0x00200560                spurious_isr
                0x002006ac                sound_isr_entry
                0x002005ec                udp_isr_entry
 .text.uart_process_isr
                0x00200820       0x88 /home/nxtOSEK/ecrobot/../ecrobot/libecrobot.a(uart.oram)
 .text.uart_isr_C_0
                0x002008a8        0xc /home/nxtOSEK/ecrobot/../ecrobot/libecrobot.a(uart.oram)
                0x002008a8                uart_isr_C_0
 .text.uart_isr_C_1
                0x002008b4        0xc /home/nxtOSEK/ecrobot/../ecrobot/libecrobot.a(uart.oram)
                0x002008b4                uart_isr_C_1
 .text.systick_low_priority_C
                0x002008c0       0x1c /home/nxtOSEK/ecrobot/../ecrobot/libecrobot.a(systick.oram)
                0x002008c0                systick_low_priority_C
 .text.systick_isr_C
                0x002008dc       0x24 /home/nxtOSEK/ecrobot/../ecrobot/libecrobot.a(systick.oram)
                0x002008dc                systick_isr_C
 .text.systick_get_ms
                0x00200900        0xc /home/nxtOSEK/ecrobot/../ecrobot/libecrobot.a(systick.oram)
                0x00200900                systick_get_ms
 .text.systick_wait_ms
                0x0020090c       0x1c /home/nxtOSEK/ecrobot/../ecrobot/libecrobot.a(systick.oram)
                0x0020090c                systick_wait_ms
 .text.systick_wait_ns
                0x00200928       0x1c /home/nxtOSEK/ecrobot/../ecrobot/libecrobot.a(systick.oram)
                0x00200928                systick_wait_ns
 .text.systick_init
                0x00200944       0x58 /home/nxtOSEK/ecrobot/../ecrobot/libecrobot.a(systick.oram)
                0x00200944                systick_init
 .text.systick_suspend
                0x0020099c        0xc /home/nxtOSEK/ecrobot/../ecrobot/libecrobot.a(systick.oram)
                0x0020099c                systick_suspend
 .text.systick_resume
                0x002009a8        0xc /home/nxtOSEK/ecrobot/../ecrobot/libecrobot.a(systick.oram)
                0x002009a8                systick_resume
 .text.byte_fifo_put
                0x002009b4       0x58 /home/nxtOSEK/ecrobot/../ecrobot/libecrobot.a(byte_fifo.oram)
                0x002009b4                byte_fifo_put
 .text.byte_fifo_get
                0x00200a0c       0x2c /home/nxtOSEK/ecrobot/../ecrobot/libecrobot.a(byte_fifo.oram)
                0x00200a0c                byte_fifo_get
 .text.aic_initialise
                0x00200a38       0x5c /home/nxtOSEK/ecrobot/../ecrobot/libecrobot.a(aic.oram)
                0x00200a38                aic_initialise
 .text.aic_set_vector
                0x00200a94       0x30 /home/nxtOSEK/ecrobot/../ecrobot/libecrobot.a(aic.oram)
                0x00200a94                aic_set_vector
 .text.aic_mask_on
                0x00200ac4       0x24 /home/nxtOSEK/ecrobot/../ecrobot/libecrobot.a(aic.oram)
                0x00200ac4                aic_mask_on
 .text.aic_mask_off
                0x00200ae8       0x24 /home/nxtOSEK/ecrobot/../ecrobot/libecrobot.a(aic.oram)
                0x00200ae8                aic_mask_off
 .text.aic_clear
                0x00200b0c       0x24 /home/nxtOSEK/ecrobot/../ecrobot/libecrobot.a(aic.oram)
                0x00200b0c                aic_clear
 .text.reset    0x00200b30       0x4c /home/nxtOSEK/ecrobot/../ecrobot/libecrobot.a(udp.oram)
 .text.udp_send_null
                0x00200b7c       0x2c /home/nxtOSEK/ecrobot/../ecrobot/libecrobot.a(udp.oram)
 .text.udp_send_stall
                0x00200ba8       0x2c /home/nxtOSEK/ecrobot/../ecrobot/libecrobot.a(udp.oram)
 .text.udp_send_control
                0x00200bd4       0x60 /home/nxtOSEK/ecrobot/../ecrobot/libecrobot.a(udp.oram)
 .text.udp_isr_C
                0x00200c34      0x7d0 /home/nxtOSEK/ecrobot/../ecrobot/libecrobot.a(udp.oram)
                0x00200c34                udp_isr_C
 .text.twi_status
                0x00201404       0x20 /home/nxtOSEK/ecrobot/../ecrobot/libecrobot.a(twi.oram)
                0x00201404                twi_status
 .text.twi_isr_C
                0x00201424       0xc4 /home/nxtOSEK/ecrobot/../ecrobot/libecrobot.a(twi.oram)
                0x00201424                twi_isr_C
 .text.twi_reset
                0x002014e8       0xb4 /home/nxtOSEK/ecrobot/../ecrobot/libecrobot.a(twi.oram)
                0x002014e8                twi_reset
 .text.twi_init
                0x0020159c       0x4c /home/nxtOSEK/ecrobot/../ecrobot/libecrobot.a(twi.oram)
                0x0020159c                twi_init
 .text.twi_start_read
                0x002015e8       0x60 /home/nxtOSEK/ecrobot/../ecrobot/libecrobot.a(twi.oram)
                0x002015e8                twi_start_read
 .text.twi_start_write
                0x00201648       0x64 /home/nxtOSEK/ecrobot/../ecrobot/libecrobot.a(twi.oram)
                0x00201648                twi_start_write
 .text.spi_set_mode
                0x002016ac       0x40 /home/nxtOSEK/ecrobot/../ecrobot/libecrobot.a(nxt_spi.oram)
 .text.spi_isr_C
                0x002016ec       0x8c /home/nxtOSEK/ecrobot/../ecrobot/libecrobot.a(nxt_spi.oram)
                0x002016ec                spi_isr_C
 .text.nxt_spi_init
                0x00201778      0x12c /home/nxtOSEK/ecrobot/../ecrobot/libecrobot.a(nxt_spi.oram)
                0x00201778                nxt_spi_init
 .text.nxt_spi_write
                0x002018a4       0x44 /home/nxtOSEK/ecrobot/../ecrobot/libecrobot.a(nxt_spi.oram)
                0x002018a4                nxt_spi_write
 .text.nxt_spi_set_display
                0x002018e8       0x10 /home/nxtOSEK/ecrobot/../ecrobot/libecrobot.a(nxt_spi.oram)
                0x002018e8                nxt_spi_set_display
 .text.nxt_spi_refresh
                0x002018f8       0x24 /home/nxtOSEK/ecrobot/../ecrobot/libecrobot.a(nxt_spi.oram)
                0x002018f8                nxt_spi_refresh
 .text.nxt_motor_get_count
                0x0020191c       0x14 /home/nxtOSEK/ecrobot/../ecrobot/libecrobot.a(nxt_motors.oram)
                0x0020191c                nxt_motor_get_count
 .text.nxt_motor_set_count
                0x00201930       0x10 /home/nxtOSEK/ecrobot/../ecrobot/libecrobot.a(nxt_motors.oram)
                0x00201930                nxt_motor_set_count
 .text.nxt_motor_set_speed
                0x00201940       0x34 /home/nxtOSEK/ecrobot/../ecrobot/libecrobot.a(nxt_motors.oram)
                0x00201940                nxt_motor_set_speed
 .text.nxt_motor_1kHz_process
                0x00201974       0x28 /home/nxtOSEK/ecrobot/../ecrobot/libecrobot.a(nxt_motors.oram)
                0x00201974                nxt_motor_1kHz_process
 .text.nxt_motor_quad_decode
                0x0020199c       0x30 /home/nxtOSEK/ecrobot/../ecrobot/libecrobot.a(nxt_motors.oram)
                0x0020199c                nxt_motor_quad_decode
 .text.nxt_motor_isr_C
                0x002019cc       0x88 /home/nxtOSEK/ecrobot/../ecrobot/libecrobot.a(nxt_motors.oram)
                0x002019cc                nxt_motor_isr_C
 .text.nxt_motor_init
                0x00201a54       0x68 /home/nxtOSEK/ecrobot/../ecrobot/libecrobot.a(nxt_motors.oram)
                0x00201a54                nxt_motor_init
 .text.data_abort_C
                0x00201abc       0x7c /home/nxtOSEK/ecrobot/../ecrobot/libecrobot.a(data_abort.oram)
                0x00201abc                data_abort_C
 .text.display_update
                0x00201b38       0x14 /home/nxtOSEK/ecrobot/../ecrobot/libecrobot.a(display.oram)
                0x00201b38                display_update
 .text.display_force_update
                0x00201b4c        0xc /home/nxtOSEK/ecrobot/../ecrobot/libecrobot.a(display.oram)
                0x00201b4c                display_force_update
 .text.display_clear
                0x00201b58       0x24 /home/nxtOSEK/ecrobot/../ecrobot/libecrobot.a(display.oram)
                0x00201b58                display_clear
 .text.display_goto_xy
                0x00201b7c       0x14 /home/nxtOSEK/ecrobot/../ecrobot/libecrobot.a(display.oram)
                0x00201b7c                display_goto_xy
 .text.display_char
                0x00201b90       0x60 /home/nxtOSEK/ecrobot/../ecrobot/libecrobot.a(display.oram)
                0x00201b90                display_char
 .text.display_string
                0x00201bf0       0x3c /home/nxtOSEK/ecrobot/../ecrobot/libecrobot.a(display.oram)
                0x00201bf0                display_string
 .text.display_hex
                0x00201c2c       0x50 /home/nxtOSEK/ecrobot/../ecrobot/libecrobot.a(display.oram)
                0x00201c2c                display_hex
 .text.display_unsigned_worker
                0x00201c7c       0x70 /home/nxtOSEK/ecrobot/../ecrobot/libecrobot.a(display.oram)
 .text.display_unsigned
                0x00201cec        0xc /home/nxtOSEK/ecrobot/../ecrobot/libecrobot.a(display.oram)
                0x00201cec                display_unsigned
 .text.display_int
                0x00201cf8       0x14 /home/nxtOSEK/ecrobot/../ecrobot/libecrobot.a(display.oram)
                0x00201cf8                display_int
 .text.display_bitmap_copy
                0x00201d0c       0x5c /home/nxtOSEK/ecrobot/../ecrobot/libecrobot.a(display.oram)
                0x00201d0c                display_bitmap_copy
 .text.display_init
                0x00201d68       0x50 /home/nxtOSEK/ecrobot/../ecrobot/libecrobot.a(display.oram)
                0x00201d68                display_init
 .text.i2c_timer_isr_C
                0x00201db8      0x314 /home/nxtOSEK/ecrobot/../ecrobot/libecrobot.a(i2c.oram)
                0x00201db8                i2c_timer_isr_C
 .text.i2c_disable
                0x002020cc       0x20 /home/nxtOSEK/ecrobot/../ecrobot/libecrobot.a(i2c.oram)
                0x002020cc                i2c_disable
 .text.i2c_enable
                0x002020ec       0x40 /home/nxtOSEK/ecrobot/../ecrobot/libecrobot.a(i2c.oram)
                0x002020ec                i2c_enable
 .text.i2c_init
                0x0020212c       0xa4 /home/nxtOSEK/ecrobot/../ecrobot/libecrobot.a(i2c.oram)
                0x0020212c                i2c_init
 .text.i2c_busy
                0x002021d0       0x24 /home/nxtOSEK/ecrobot/../ecrobot/libecrobot.a(i2c.oram)
                0x002021d0                i2c_busy
 .text.i2c_start_transaction
                0x002021f4      0x108 /home/nxtOSEK/ecrobot/../ecrobot/libecrobot.a(i2c.oram)
                0x002021f4                i2c_start_transaction
 .text.set_vol  0x002022fc       0xa4 /home/nxtOSEK/ecrobot/../ecrobot/libecrobot.a(sound.oram)
 .text.sound_fill_sample_buffer
                0x002023a0       0xe4 /home/nxtOSEK/ecrobot/../ecrobot/libecrobot.a(sound.oram)
                0x002023a0                sound_fill_sample_buffer
 .text.sound_freq_vol
                0x00202484      0x1e4 /home/nxtOSEK/ecrobot/../ecrobot/libecrobot.a(sound.oram)
                0x00202484                sound_freq_vol
 .text.sound_init
                0x00202668       0xa0 /home/nxtOSEK/ecrobot/../ecrobot/libecrobot.a(sound.oram)
                0x00202668                sound_init
 .text.sound_isr_C
                0x00202708      0x144 /home/nxtOSEK/ecrobot/../ecrobot/libecrobot.a(sound.oram)
                0x00202708                sound_isr_C
 .text.bt_init  0x0020284c      0x1c0 /home/nxtOSEK/ecrobot/../ecrobot/libecrobot.a(bt.oram)
                0x0020284c                bt_init
 .text.bt_send  0x00202a0c       0x5c /home/nxtOSEK/ecrobot/../ecrobot/libecrobot.a(bt.oram)
                0x00202a0c                bt_send
 .text.bt_write
                0x00202a68       0x70 /home/nxtOSEK/ecrobot/../ecrobot/libecrobot.a(bt.oram)
                0x00202a68                bt_write
 .text.bt_pending
                0x00202ad8       0x50 /home/nxtOSEK/ecrobot/../ecrobot/libecrobot.a(bt.oram)
                0x00202ad8                bt_pending
 .text.bt_clear_arm7_cmd
                0x00202b28       0x10 /home/nxtOSEK/ecrobot/../ecrobot/libecrobot.a(bt.oram)
                0x00202b28                bt_clear_arm7_cmd
 .text.bt_set_arm7_cmd
                0x00202b38       0x10 /home/nxtOSEK/ecrobot/../ecrobot/libecrobot.a(bt.oram)
                0x00202b38                bt_set_arm7_cmd
 .text.bt_receive
                0x00202b48      0x160 /home/nxtOSEK/ecrobot/../ecrobot/libecrobot.a(bt.oram)
                0x00202b48                bt_receive
 .text.bt_read  0x00202ca8      0x140 /home/nxtOSEK/ecrobot/../ecrobot/libecrobot.a(bt.oram)
                0x00202ca8                bt_read
 .text.bt_reset
                0x00202de8       0x84 /home/nxtOSEK/ecrobot/../ecrobot/libecrobot.a(bt.oram)
                0x00202de8                bt_reset
 .text.nxt_avr_power_down
                0x00202e6c       0x10 /home/nxtOSEK/ecrobot/../ecrobot/libecrobot.a(nxt_avr.oram)
                0x00202e6c                nxt_avr_power_down
 .text.nxt_avr_link_init
                0x00202e7c       0x20 /home/nxtOSEK/ecrobot/../ecrobot/libecrobot.a(nxt_avr.oram)
                0x00202e7c                nxt_avr_link_init
 .text.nxt_avr_init
                0x00202e9c       0x6c /home/nxtOSEK/ecrobot/../ecrobot/libecrobot.a(nxt_avr.oram)
                0x00202e9c                nxt_avr_init
 .text.nxt_avr_1kHz_update
                0x00202f08      0x1cc /home/nxtOSEK/ecrobot/../ecrobot/libecrobot.a(nxt_avr.oram)
                0x00202f08                nxt_avr_1kHz_update
 .text.buttons_get
                0x002030d4        0xc /home/nxtOSEK/ecrobot/../ecrobot/libecrobot.a(nxt_avr.oram)
                0x002030d4                buttons_get
 .text.battery_voltage
                0x002030e0       0x28 /home/nxtOSEK/ecrobot/../ecrobot/libecrobot.a(nxt_avr.oram)
                0x002030e0                battery_voltage
 .text.sensor_adc
                0x00203108       0x20 /home/nxtOSEK/ecrobot/../ecrobot/libecrobot.a(nxt_avr.oram)
                0x00203108                sensor_adc
 .text.nxt_avr_set_motor
                0x00203128       0x34 /home/nxtOSEK/ecrobot/../ecrobot/libecrobot.a(nxt_avr.oram)
                0x00203128                nxt_avr_set_motor
 .text.nxt_avr_set_input_power
                0x0020315c       0x3c /home/nxtOSEK/ecrobot/../ecrobot/libecrobot.a(nxt_avr.oram)
                0x0020315c                nxt_avr_set_input_power
 .text.unset_digi0
                0x00203198       0x44 /home/nxtOSEK/ecrobot/../ecrobot/libecrobot.a(sensors.oram)
                0x00203198                unset_digi0
 .text.unset_digi1
                0x002031dc       0x44 /home/nxtOSEK/ecrobot/../ecrobot/libecrobot.a(sensors.oram)
                0x002031dc                unset_digi1
 .text.init_sensors
                0x00203220       0x4c /home/nxtOSEK/ecrobot/../ecrobot/libecrobot.a(sensors.oram)
                0x00203220                init_sensors
 .text.set_digi0
                0x0020326c       0x44 /home/nxtOSEK/ecrobot/../ecrobot/libecrobot.a(sensors.oram)
                0x0020326c                set_digi0
 .text.nxt_lcd_command
                0x002032b0       0x18 /home/nxtOSEK/ecrobot/../ecrobot/libecrobot.a(nxt_lcd.oram)
                0x002032b0                nxt_lcd_command
 .text.nxt_lcd_set_col
                0x002032c8       0x24 /home/nxtOSEK/ecrobot/../ecrobot/libecrobot.a(nxt_lcd.oram)
                0x002032c8                nxt_lcd_set_col
 .text.nxt_lcd_set_multiplex_rate
                0x002032ec       0x18 /home/nxtOSEK/ecrobot/../ecrobot/libecrobot.a(nxt_lcd.oram)
                0x002032ec                nxt_lcd_set_multiplex_rate
 .text.nxt_lcd_set_page_address
                0x00203304       0x18 /home/nxtOSEK/ecrobot/../ecrobot/libecrobot.a(nxt_lcd.oram)
                0x00203304                nxt_lcd_set_page_address
 .text.nxt_lcd_set_pot
                0x0020331c       0x1c /home/nxtOSEK/ecrobot/../ecrobot/libecrobot.a(nxt_lcd.oram)
                0x0020331c                nxt_lcd_set_pot
 .text.nxt_lcd_set_ram_address_control
                0x00203338       0x18 /home/nxtOSEK/ecrobot/../ecrobot/libecrobot.a(nxt_lcd.oram)
                0x00203338                nxt_lcd_set_ram_address_control
 .text.nxt_lcd_enable
                0x00203350       0x14 /home/nxtOSEK/ecrobot/../ecrobot/libecrobot.a(nxt_lcd.oram)
                0x00203350                nxt_lcd_enable
 .text.nxt_lcd_set_map_control
                0x00203364       0x18 /home/nxtOSEK/ecrobot/../ecrobot/libecrobot.a(nxt_lcd.oram)
                0x00203364                nxt_lcd_set_map_control
 .text.nxt_lcd_reset
                0x0020337c        0xc /home/nxtOSEK/ecrobot/../ecrobot/libecrobot.a(nxt_lcd.oram)
                0x0020337c                nxt_lcd_reset
 .text.nxt_lcd_set_bias_ratio
                0x00203388       0x18 /home/nxtOSEK/ecrobot/../ecrobot/libecrobot.a(nxt_lcd.oram)
                0x00203388                nxt_lcd_set_bias_ratio
 .text.nxt_lcd_force_update
                0x002033a0       0x30 /home/nxtOSEK/ecrobot/../ecrobot/libecrobot.a(nxt_lcd.oram)
                0x002033a0                nxt_lcd_force_update
 .text.nxt_lcd_update
                0x002033d0        0xc /home/nxtOSEK/ecrobot/../ecrobot/libecrobot.a(nxt_lcd.oram)
                0x002033d0                nxt_lcd_update
 .text.nxt_lcd_power_up
                0x002033dc       0x48 /home/nxtOSEK/ecrobot/../ecrobot/libecrobot.a(nxt_lcd.oram)
                0x002033dc                nxt_lcd_power_up
 .text.nxt_lcd_power_down
                0x00203424        0xc /home/nxtOSEK/ecrobot/../ecrobot/libecrobot.a(nxt_lcd.oram)
                0x00203424                nxt_lcd_power_down
 .text.nxt_lcd_init
                0x00203430       0x18 /home/nxtOSEK/ecrobot/../ecrobot/libecrobot.a(nxt_lcd.oram)
                0x00203430                nxt_lcd_init
 .text.verify_flash_page
                0x00203448       0x34 /home/nxtOSEK/ecrobot/../ecrobot/libecrobot.a(flash_loader.oram)
 .text.set_flash_request
                0x0020347c       0x38 /home/nxtOSEK/ecrobot/../ecrobot/libecrobot.a(flash_loader.oram)
                0x0020347c                set_flash_request
 .text.nxt_device_init
                0x002034b4       0x38 /home/nxtOSEK/ecrobot/../ecrobot/libecrobot.a(flash_loader.oram)
                0x002034b4                nxt_device_init
 .text          0x002034ec       0x68 /home/nxtOSEK/ecrobot/../ecrobot/libecrobot.a(interrupts.oram)
                0x00203544                fiq_enable
                0x002034ec                interrupts_get_and_disable
                0x00203520                fiq_get_and_disable
                0x00203510                interrupts_enable
 .text.flash_write_page
                0x00203554       0xc0 /home/nxtOSEK/ecrobot/../ecrobot/libecrobot.a(flashprog.oram)
                0x00203554                flash_write_page
                0x00203620                . = ALIGN (0x10)
 *fill*         0x00203614        0xc 00
 *.oram(*.rodata *.rodata.*)
 .rodata.ld     0x00203620        0x4 /home/nxtOSEK/ecrobot/../ecrobot/libecrobot.a(udp.oram)
 .rodata.cfd    0x00203624       0x20 /home/nxtOSEK/ecrobot/../ecrobot/libecrobot.a(udp.oram)
 .rodata.dd     0x00203644       0x12 /home/nxtOSEK/ecrobot/../ecrobot/libecrobot.a(udp.oram)
 *fill*         0x00203656        0x2 00
 .rodata.str1.4
                0x00203658       0x22 /home/nxtOSEK/ecrobot/../ecrobot/libecrobot.a(data_abort.oram)
                                 0x24 (size before relaxing)
 .rodata.font   0x0020367a      0x280 /home/nxtOSEK/ecrobot/../ecrobot/libecrobot.a(display.oram)
 *fill*         0x002038fa        0x2 00
 .rodata.str1.4
                0x002038fc       0x76 /home/nxtOSEK/ecrobot/../ecrobot/libecrobot.a(display.oram)
                                 0x78 (size before relaxing)
 *fill*         0x00203972        0x2 00
 .rodata.i2c_pin
                0x00203974       0x20 /home/nxtOSEK/ecrobot/../ecrobot/libecrobot.a(i2c.oram)
 .rodata.i2c_timer_isr_C
                0x00203994       0x38 /home/nxtOSEK/ecrobot/../ecrobot/libecrobot.a(i2c.oram)
 .rodata.logvol
                0x002039cc        0xc /home/nxtOSEK/ecrobot/../ecrobot/libecrobot.a(sound.oram)
                0x002039cc                logvol
 .rodata.silence
                0x002039d8       0x40 /home/nxtOSEK/ecrobot/../ecrobot/libecrobot.a(sound.oram)
                0x002039d8                silence
 .rodata.sine   0x00203a18       0x10 /home/nxtOSEK/ecrobot/../ecrobot/libecrobot.a(sound.oram)
                0x00203a18                sine
 .rodata.sample_pattern
                0x00203a28       0x84 /home/nxtOSEK/ecrobot/../ecrobot/libecrobot.a(sound.oram)
                0x00203a28                sample_pattern
 .rodata        0x00203aac        0xc /home/nxtOSEK/ecrobot/../ecrobot/libecrobot.a(sound.oram)
 .rodata.avr_brainwash_string
                0x00203ab8       0x30 /home/nxtOSEK/ecrobot/../ecrobot/libecrobot.a(nxt_avr.oram)
                0x00203ab8                avr_brainwash_string
 .rodata.nxt_avr_1kHz_update
                0x00203ae8       0x14 /home/nxtOSEK/ecrobot/../ecrobot/libecrobot.a(nxt_avr.oram)
 .rodata.C.33.1823
                0x00203afc       0x10 /home/nxtOSEK/ecrobot/../ecrobot/libecrobot.a(sensors.oram)
 .rodata.C.37.1857
                0x00203b0c       0x10 /home/nxtOSEK/ecrobot/../ecrobot/libecrobot.a(sensors.oram)
 .rodata.C.31.1806
                0x00203b1c       0x10 /home/nxtOSEK/ecrobot/../ecrobot/libecrobot.a(sensors.oram)
 .rodata.str1.4
                0x00203b2c       0x23 /home/nxtOSEK/ecrobot/../ecrobot/libecrobot.a(flash_loader.oram)
                                 0x24 (size before relaxing)
                0x00203b50                . = ALIGN (0x10)
 *fill*         0x00203b4f        0x1 00
                0x00200300                __ramtext_ram_start__ = ADDR (.ram_text)
                0x00203b50                __ramtext_ram_end__ = (ADDR (.ram_text) + SIZEOF (.ram_text))
                0x00200300                __ramtext_load_start__ = LOADADDR (.ram_text)
                0x00203b50                __ramtext_load_end__ = (__ramtext_load_start__ + SIZEOF (.ram_text))

.wav_data       0x00203b50        0x0
 *.owav(*.data *.data.*)
                0x00203b50                . = ALIGN (0x10)

.bmp_data       0x00203b50      0x440
 *.obmp(*.data *.data.*)
 .data          0x00203b50      0x43e /home/nxtOSEK/ecrobot/../ecrobot/libecrobot.a(nxtosek_splash.obmp)
                0x00203b50                nxtosek_splash_bmp_start
                0x00203f8e                nxtosek_splash_bmp_end
                0x00203f90                . = ALIGN (0x10)
 *fill*         0x00203f8e        0x2 00

.spr_data       0x00203f90        0x0
 *.ospr(*.data *.data.*)
                0x00203f90                . = ALIGN (0x10)

.data           0x00203f90      0x8b0
 *(*.data *.data.*)
 .data.bt_status
                0x00203f90        0x1 build/ecrobot_bluetooth.o
 *fill*         0x00203f91        0x3 00
 .data.K_THETADOT
                0x00203f94        0x4 build/balancer_param.o
                0x00203f94                K_THETADOT
 .data.K_PHIDOT
                0x00203f98        0x4 build/balancer_param.o
                0x00203f98                K_PHIDOT
 .data.K_I      0x00203f9c        0x4 build/balancer_param.o
                0x00203f9c                K_I
 .data.K_F      0x00203fa0       0x10 build/balancer_param.o
                0x00203fa0                K_F
 .data.A_R      0x00203fb0        0x4 build/balancer_param.o
                0x00203fb0                A_R
 .data.A_D      0x00203fb4        0x4 build/balancer_param.o
                0x00203fb4                A_D
 .data._ZN10CourseInfo5ratioE
                0x00203fb8        0x4 build/CourseInfo.o
                0x00203fb8                _ZN10CourseInfo5ratioE
 .data.notes    0x00203fbc       0x1a build/Driver.o
                0x00203fbc                notes
 .data.deviceStatus
                0x00203fd6        0x1 /home/nxtOSEK/ecrobot/../ecrobot/libecrobot.a(ecrobot_interface.o)
 .data.named    0x00203fd7       0x22 /home/nxtOSEK/ecrobot/../ecrobot/libecrobot.a(udp.oram)
 .data.snd      0x00203ff9       0x1a /home/nxtOSEK/ecrobot/../ecrobot/libecrobot.a(udp.oram)
 *fill*         0x00204013        0x1 00
 .data.configured
                0x00204014        0x4 /home/nxtOSEK/ecrobot/../ecrobot/libecrobot.a(udp.oram)
 .data.mode     0x00204018        0x1 /home/nxtOSEK/ecrobot/../ecrobot/libecrobot.a(nxt_spi.oram)
                0x00204018                mode
 *fill*         0x00204019        0x3 00
 .bss.data      0x0020401c        0x4 /home/nxtOSEK/ecrobot/../ecrobot/libecrobot.a(nxt_spi.oram)
                0x0020401c                data
 .data.display_auto_update
                0x00204020        0x4 /home/nxtOSEK/ecrobot/../ecrobot/libecrobot.a(display.oram)
                0x00204020                display_auto_update
 .data.display_buffer
                0x00204024        0x4 /home/nxtOSEK/ecrobot/../ecrobot/libecrobot.a(display.oram)
 .data          0x00204028      0x404 /home/GNUARM/bin/../lib/gcc/arm-elf/4.0.2/../../../../arm-elf/lib/thumb/interwork/libc.a(impure.o)
                0x00204428                _impure_ptr
 .data          0x0020442c      0x410 /home/GNUARM/bin/../lib/gcc/arm-elf/4.0.2/../../../../arm-elf/lib/thumb/interwork/libc.a(mallocr.o)
                0x0020442c                __malloc_sbrk_base
                0x00204434                __malloc_av_
                0x00204430                __malloc_trim_threshold
                0x00204840                . = ALIGN (0x10)
 *fill*         0x0020483c        0x4 00
                0x00203f90                __data_ram_start__ = ADDR (.data)
                0x00204840                __data_ram_end__ = (ADDR (.data) + SIZEOF (.data))
                0x00203f90                __data_load_start__ = LOADADDR (.data)
                0x00204840                __data_load_end__ = (__data_load_start__ + SIZEOF (.data))

.text           0x00204840     0x7a30
                0x00204840                . = ALIGN (0x10)
 *(*.text *.text.* *.glue*)
 .text.enqueue_alarm
                0x00204840       0x90 build/kernel/alarm.o
 .text.alarm_initialize
                0x002048d0       0x98 build/kernel/alarm.o
                0x002048d0                alarm_initialize
 .text.SetRelAlarm
                0x00204968       0xe8 build/kernel/alarm.o
                0x00204968                SetRelAlarm
 .text.CancelAlarm
                0x00204a50       0x9c build/kernel/alarm.o
                0x00204a50                CancelAlarm
 .text.SignalCounter
                0x00204aec      0x134 build/kernel/alarm.o
                0x00204aec                SignalCounter
 .text.SetEvent
                0x00204c20       0xac build/kernel/event.o
                0x00204c20                SetEvent
 .text.ClearEvent
                0x00204ccc       0x64 build/kernel/event.o
                0x00204ccc                ClearEvent
 .text.WaitEvent
                0x00204d30       0xa8 build/kernel/event.o
                0x00204d30                WaitEvent
 .text.StartOS  0x00204dd8       0x58 build/kernel/osctl.o
                0x00204dd8                StartOS
 .text.ShutdownOS
                0x00204e30       0x4c build/kernel/osctl.o
                0x00204e30                ShutdownOS
 .text.call_pretaskhook
                0x00204e7c       0x24 build/kernel/osctl.o
                0x00204e7c                call_pretaskhook
 .text.call_errorhook
                0x00204ea0       0x78 build/kernel/osctl.o
                0x00204ea0                call_errorhook
 .text.call_posttaskhook
                0x00204f18       0x24 build/kernel/osctl.o
                0x00204f18                call_posttaskhook
 .text.resource_initialize
                0x00204f3c       0x2c build/kernel/resource.o
                0x00204f3c                resource_initialize
 .text.search_schedtsk
                0x00204f68       0x94 build/kernel/task.o
                0x00204f68                search_schedtsk
 .text.make_runnable
                0x00204ffc       0xac build/kernel/task.o
                0x00204ffc                make_runnable
 .text.make_active
                0x002050a8       0x78 build/kernel/task.o
                0x002050a8                make_active
 .text.task_initialize
                0x00205120       0x90 build/kernel/task.o
                0x00205120                task_initialize
 .text.TerminateTask
                0x002051b0       0x74 build/kernel/task_manage.o
                0x002051b0                TerminateTask
 .text.GetTaskID
                0x00205224       0x40 build/kernel/task_manage.o
                0x00205224                GetTaskID
 .text.cpu_initialize
                0x00205264        0x4 build/config/at91sam7s-gnu/cpu_config.o
                0x00205264                cpu_initialize
 .text.cpu_terminate
                0x00205268        0x4 build/config/at91sam7s-gnu/cpu_config.o
                0x00205268                cpu_terminate
 .text.sys_initialize
                0x0020526c        0x4 build/config/at91sam7s-gnu/lego_nxt/sys_config.o
                0x0020526c                sys_initialize
 .text.sys_exit
                0x00205270        0x4 build/config/at91sam7s-gnu/lego_nxt/sys_config.o
                0x00205270                sys_exit
 .text._setevent_alarm_Alarm4msec
                0x00205274       0x10 build/./kernel_cfg.o
 .text.object_initialize
                0x00205284       0x14 build/./kernel_cfg.o
                0x00205284                object_initialize
 .text.SleeperMonitor
                0x00205298       0x84 build/rtoscalls.o
                0x00205298                SleeperMonitor
 .text.SleepI2C
                0x0020531c       0x50 build/rtoscalls.o
                0x0020531c                SleepI2C
 .text.Sleep    0x0020536c       0x60 build/rtoscalls.o
                0x0020536c                Sleep
 .text.AssertDeviceConstructor
                0x002053cc       0x2c build/rtoscalls.o
                0x002053cc                AssertDeviceConstructor
 .text._sbrk_r  0x002053f8       0x1c build/syscalls.o
                0x002053f8                _sbrk_r
 .text.ecrobot_get_bt_status
                0x00205414       0x10 build/ecrobot_bluetooth.o
                0x00205414                ecrobot_get_bt_status
 .text.close_bt_stream
                0x00205424       0x2c build/ecrobot_bluetooth.o
 .text.ecrobot_send_bt_packet
                0x00205450       0x54 build/ecrobot_bluetooth.o
                0x00205450                ecrobot_send_bt_packet
 .text.ecrobot_read_bt
                0x002054a4       0x24 build/ecrobot_bluetooth.o
                0x002054a4                ecrobot_read_bt
 .text.send_bt_command
                0x002054c8       0x40 build/ecrobot_bluetooth.o
 .text.ecrobot_term_bt_connection
                0x00205508       0x48 build/ecrobot_bluetooth.o
                0x00205508                ecrobot_term_bt_connection
 .text.ecrobot_set_bt_device_name
                0x00205550       0x4c build/ecrobot_bluetooth.o
                0x00205550                ecrobot_set_bt_device_name
 .text.read_bt_command
                0x0020559c       0x5c build/ecrobot_bluetooth.o
 .text.open_bt_stream
                0x002055f8       0x50 build/ecrobot_bluetooth.o
 .text.ecrobot_get_bt_device_name
                0x00205648       0x74 build/ecrobot_bluetooth.o
                0x00205648                ecrobot_get_bt_device_name
 .text.ecrobot_get_bt_device_address
                0x002056bc       0x6c build/ecrobot_bluetooth.o
                0x002056bc                ecrobot_get_bt_device_address
 .text.ecrobot_init_bt_slave
                0x00205728      0x12c build/ecrobot_bluetooth.o
                0x00205728                ecrobot_init_bt_slave
 .text.init_OS_flag
                0x00205854        0xc build/ecrobot_base.o
                0x00205854                init_OS_flag
 .text.set_OS_flag
                0x00205860        0xc build/ecrobot_base.o
                0x00205860                set_OS_flag
 .text.get_OS_flag
                0x0020586c        0xc build/ecrobot_base.o
                0x0020586c                get_OS_flag
 .text.cpp_constructor
                0x00205878       0x28 build/ecrobot_base.o
                0x00205878                cpp_constructor
 .text.cpp_destructor
                0x002058a0       0x28 build/ecrobot_base.o
                0x002058a0                cpp_destructor
 .text.execution_mode
                0x002058c8       0x24 build/ecrobot_base.o
                0x002058c8                execution_mode
 .text.show_main_screen
                0x002058ec       0x48 build/ecrobot_base.o
                0x002058ec                show_main_screen
 .text.display_status_bar
                0x00205934       0x5c build/ecrobot_base.o
                0x00205934                display_status_bar
 .text.restart_NXT
                0x00205990       0x2c build/ecrobot_base.o
                0x00205990                restart_NXT
 .text.shutdown_NXT
                0x002059bc       0x2c build/ecrobot_base.o
                0x002059bc                shutdown_NXT
 .text.check_NXT_buttons
                0x002059e8       0x38 build/ecrobot_base.o
                0x002059e8                check_NXT_buttons
 .text.show_bd_addr
                0x00205a20       0x44 build/ecrobot_base.o
                0x00205a20                show_bd_addr
 .text.show_bd_addr_err
                0x00205a64       0x3c build/ecrobot_base.o
                0x00205a64                show_bd_addr_err
 .text.add_status_info
                0x00205aa0       0x68 build/ecrobot_base.o
                0x00205aa0                add_status_info
 .text.show_splash_screen
                0x00205b08       0x90 build/ecrobot_base.o
                0x00205b08                show_splash_screen
 .text.main     0x00205b98      0x10c build/ecrobot.o
                0x00205b98                main
 .text._Z10Sleep_msecm
                0x00205ca4       0x14 build/utils.o
                0x00205ca4                _Z10Sleep_msecm
 .text._Z41__static_initialization_and_destruction_0ii
                0x00205cb8       0x20 build/utils.o
 .text._GLOBAL__I_clock
                0x00205cd8       0x14 build/utils.o
 .text._ZN10CourseInfo11getStartPosERdS0_S0_
                0x00205cec       0x20 build/CourseInfo.o
                0x00205cec                _ZN10CourseInfo11getStartPosERdS0_S0_
 .text._ZN5Robot14ClearObserversEv
                0x00205d0c       0x18 build/Robot.o
                0x00205d0c                _ZN5Robot14ClearObserversEv
 .text._ZN5Robot10CallNotifyENS_10RobotEventE
                0x00205d24       0x2c build/Robot.o
                0x00205d24                _ZN5Robot10CallNotifyENS_10RobotEventE
 .text._ZN5Robot16CheckTouchSensorEv
                0x00205d50       0x28 build/Robot.o
                0x00205d50                _ZN5Robot16CheckTouchSensorEv
 .text._ZN5Robot16CheckSonarSensorEv
                0x00205d78       0x28 build/Robot.o
                0x00205d78                _ZN5Robot16CheckSonarSensorEv
 .text._ZN5Robot16CheckRemoteStartEv
                0x00205da0       0x8c build/Robot.o
                0x00205da0                _ZN5Robot16CheckRemoteStartEv
 .text._ZN5Robot6BTSendE8RobotCmd9RobotInfo7NavInfo
                0x00205e2c       0xbc build/Robot.o
                0x00205e2c                _ZN5Robot6BTSendE8RobotCmd9RobotInfo7NavInfo
 .text._ZN5Robot9BTConnectEv
                0x00205ee8       0x30 build/Robot.o
                0x00205ee8                _ZN5Robot9BTConnectEv
 .text._ZN5Robot11AddObserverEPP13RobotObserverj
                0x00205f18       0x34 build/Robot.o
                0x00205f18                _ZN5Robot11AddObserverEPP13RobotObserverj
 .text._ZN5Robot11TailControlER8RobotCmd
                0x00205f4c       0x70 build/Robot.o
                0x00205f4c                _ZN5Robot11TailControlER8RobotCmd
 .text._ZN5Robot7calcPWMEN7ecrobot7VectorTIsEE
                0x00205fbc       0xbc build/Robot.o
                0x00205fbc                _ZN5Robot7calcPWMEN7ecrobot7VectorTIsEE
 .text._ZN5Robot5DriveE8RobotCmd
                0x00206078       0xa0 build/Robot.o
                0x00206078                _ZN5Robot5DriveE8RobotCmd
 .text._ZN5Robot15CheckGyroSensorEv
                0x00206118       0x6c build/Robot.o
                0x00206118                _ZN5Robot15CheckGyroSensorEv
 .text._ZN5Robot16CheckLightSensorEv
                0x00206184       0x80 build/Robot.o
                0x00206184                _ZN5Robot16CheckLightSensorEv
 .text._ZN5Robot7ProcessEv
                0x00206204       0x2c build/Robot.o
                0x00206204                _ZN5Robot7ProcessEv
 .text._ZN5Robot7GetInfoEv
                0x00206230       0x48 build/Robot.o
                0x00206230                _ZN5Robot7GetInfoEv
 .text._Z41__static_initialization_and_destruction_0ii
                0x00206278       0xfc build/Robot.o
 .text._GLOBAL__D_touch
                0x00206374       0x14 build/Robot.o
 .text._GLOBAL__I_touch
                0x00206388       0x14 build/Robot.o
 .text._ZN5Robot4StopEv
                0x0020639c       0x48 build/Robot.o
                0x0020639c                _ZN5Robot4StopEv
 .text._ZN5RobotC1Ev
                0x002063e4       0x84 build/Robot.o
                0x002063e4                _ZN5RobotC1Ev
 .text._ZN5Robot8InstanceEv
                0x00206468       0x24 build/Robot.o
                0x00206468                _ZN5Robot8InstanceEv
 .text._ZN5Robot11CalibrationEv
                0x0020648c       0xa0 build/Robot.o
                0x0020648c                _ZN5Robot11CalibrationEv
 .text.TaskMainTaskRobot
                0x0020652c       0x14 build/Robot.o
                0x0020652c                TaskMainTaskRobot
 .text._ZN9Navigator4InitEv
                0x00206540       0x3c build/Navigator.o
                0x00206540                _ZN9Navigator4InitEv
 .text._ZN9NavigatorC1Ev
                0x0020657c        0xc build/Navigator.o
                0x0020657c                _ZN9NavigatorC1Ev
 .text._ZN9Navigator8InstanceEv
                0x00206588       0x24 build/Navigator.o
                0x00206588                _ZN9Navigator8InstanceEv
 .text._ZN9Navigator9GetNowPosEv
                0x002065ac       0x14 build/Navigator.o
                0x002065ac                _ZN9Navigator9GetNowPosEv
 .text._ZN9Navigator17CalcDirCorrectionEv
                0x002065c0      0x1d8 build/Navigator.o
                0x002065c0                _ZN9Navigator17CalcDirCorrectionEv
 .text._ZN9Navigator7GetInfoERK9RobotInfo
                0x00206798       0x84 build/Navigator.o
                0x00206798                _ZN9Navigator7GetInfoERK9RobotInfo
 .text.user_1ms_isr_type2
                0x0020681c       0x20 build/Driver.o
                0x0020681c                user_1ms_isr_type2
 .text._ZN6Driver12ClearMissionEv
                0x0020683c       0x34 build/Driver.o
                0x0020683c                _ZN6Driver12ClearMissionEv
 .text._ZN6Driver14ClearEventFlagEv
                0x00206870       0x10 build/Driver.o
                0x00206870                _ZN6Driver14ClearEventFlagEv
 .text._ZN6Driver10AddMissionEPP7Missionj
                0x00206880       0x34 build/Driver.o
                0x00206880                _ZN6Driver10AddMissionEPP7Missionj
 .text._ZN6Driver12SetEventFlagEN5Robot10RobotEventE
                0x002068b4        0xc build/Driver.o
                0x002068b4                _ZN6Driver12SetEventFlagEN5Robot10RobotEventE
 .text._ZN6Driver6NotifyEN5Robot10RobotEventE
                0x002068c0        0xc build/Driver.o
                0x002068c0                _ZN6Driver6NotifyEN5Robot10RobotEventE
 .text._ZN6Driver15is_SetEventFlagEN5Robot10RobotEventE
                0x002068cc        0x8 build/Driver.o
                0x002068cc                _ZN6Driver15is_SetEventFlagEN5Robot10RobotEventE
 .text._ZN6Driver16state_bt_connectEv
                0x002068d4       0x24 build/Driver.o
                0x002068d4                _ZN6Driver16state_bt_connectEv
 .text._ZN6DriverD0Ev
                0x002068f8       0x14 build/Driver.o
                0x002068f8                _ZN6DriverD0Ev
 .text._ZN6Driver13state_drivingEv
                0x0020690c      0x314 build/Driver.o
                0x0020690c                _ZN6Driver13state_drivingEv
 .text._Z41__static_initialization_and_destruction_0ii
                0x00206c20       0x58 build/Driver.o
 .text._GLOBAL__I_notes
                0x00206c78       0x14 build/Driver.o
 .text._ZN6Driver23state_self_introductionEv
                0x00206c8c       0xa4 build/Driver.o
                0x00206c8c                _ZN6Driver23state_self_introductionEv
 .text._ZN6Driver17state_calibrationEv
                0x00206d30      0x1a4 build/Driver.o
                0x00206d30                _ZN6Driver17state_calibrationEv
 .text._ZN6Driver16state_wait_startEv
                0x00206ed4      0x194 build/Driver.o
                0x00206ed4                _ZN6Driver16state_wait_startEv
 .text._ZN6Driver7ProcessEv
                0x00207068       0xbc build/Driver.o
                0x00207068                _ZN6Driver7ProcessEv
 .text._ZN6DriverC1Ev
                0x00207124       0x4c build/Driver.o
                0x00207124                _ZN6DriverC1Ev
 .text._ZN6Driver8InstanceEv
                0x00207170       0x24 build/Driver.o
                0x00207170                _ZN6Driver8InstanceEv
 .text.TaskMainTaskDrive
                0x00207194       0xb0 build/Driver.o
                0x00207194                TaskMainTaskDrive
 .text._ZN6DriverD1Ev
                0x00207244        0xc build/Driver.o
                0x00207244                _ZN6DriverD1Ev
 .text._ZN7MissionC2Ev
                0x00207250       0x10 build/Mission.o
                0x00207250                _ZN7MissionC2Ev
 .text._ZN7MissionD2Ev
                0x00207260        0xc build/Mission.o
                0x00207260                _ZN7MissionD2Ev
 .text._ZN7MissionD1Ev
                0x0020726c        0xc build/Mission.o
                0x0020726c                _ZN7MissionD1Ev
 .text._ZN7MissionD0Ev
                0x00207278       0x14 build/Mission.o
                0x00207278                _ZN7MissionD0Ev
 .text._ZN7Mission4InitE9RobotInfo7NavInfo
                0x0020728c        0xc build/Mission.o
                0x0020728c                _ZN7Mission4InitE9RobotInfo7NavInfo
 .text._ZN7Mission3RunE9RobotInfo7NavInfo9EventFlagR8RobotCmd
                0x00207298       0x18 build/Mission.o
                0x00207298                _ZN7Mission3RunE9RobotInfo7NavInfo9EventFlagR8RobotCmd
 .text._ZN7Mission4NameEv
                0x002072b0        0x8 build/Mission.o
                0x002072b0                _ZN7Mission4NameEv
 .text._Z21getPositionEstimationRK9_PositionllddRS_
                0x002072b8      0x148 build/PositionEstimation.o
                0x002072b8                _Z21getPositionEstimationRK9_PositionllddRS_
 .text._ZN11MarkerCheck11is_straightEv
                0x00207400       0x7c build/MarkerCheck.o
                0x00207400                _ZN11MarkerCheck11is_straightEv
 .text._ZN11MarkerCheck8IsMarkerEs
                0x0020747c       0x9c build/MarkerCheck.o
                0x0020747c                _ZN11MarkerCheck8IsMarkerEs
 .text._ZN8TecMusic9note2freqEh
                0x00207518       0xac build/Technic.o
                0x00207518                _ZN8TecMusic9note2freqEh
 .text._ZN8TecMusic6PlayerEv
                0x002075c4       0xa4 build/Technic.o
                0x002075c4                _ZN8TecMusic6PlayerEv
 .text._ZN8TecMusic8InstanceEv
                0x00207668       0x20 build/Technic.o
                0x00207668                _ZN8TecMusic8InstanceEv
 .text._ZN14TecBezierTrace4InitE7NavInfoPK3VecPKllb
                0x00207688       0x54 build/TechBezierTrace.o
                0x00207688                _ZN14TecBezierTrace4InitE7NavInfoPK3VecPKllb
 .text._ZN7ecrobot9BluetoothC1Ev
                0x002076dc       0x18 /home/nxtOSEK/ecrobot/../ecrobot/libecrobot++.a(Bluetooth.o)
                0x002076dc                _ZN7ecrobot9BluetoothC1Ev
 .text._ZN7ecrobot9Bluetooth17waitForConnectionEPKcm
                0x002076f4       0x4c /home/nxtOSEK/ecrobot/../ecrobot/libecrobot++.a(Bluetooth.o)
                0x002076f4                _ZN7ecrobot9Bluetooth17waitForConnectionEPKcm
 .text._ZN7ecrobot9Bluetooth23cancelWaitForConnectionEv
                0x00207740        0x8 /home/nxtOSEK/ecrobot/../ecrobot/libecrobot++.a(Bluetooth.o)
                0x00207740                _ZN7ecrobot9Bluetooth23cancelWaitForConnectionEv
 .text._ZNK7ecrobot9Bluetooth16getDeviceAddressEPh
                0x00207748       0x14 /home/nxtOSEK/ecrobot/../ecrobot/libecrobot++.a(Bluetooth.o)
                0x00207748                _ZNK7ecrobot9Bluetooth16getDeviceAddressEPh
 .text._ZNK7ecrobot9Bluetooth15getFriendlyNameEPc
                0x0020775c       0x14 /home/nxtOSEK/ecrobot/../ecrobot/libecrobot++.a(Bluetooth.o)
                0x0020775c                _ZNK7ecrobot9Bluetooth15getFriendlyNameEPc
 .text._ZN7ecrobot9Bluetooth15setFriendlyNameEPKc
                0x00207770       0x14 /home/nxtOSEK/ecrobot/../ecrobot/libecrobot++.a(Bluetooth.o)
                0x00207770                _ZN7ecrobot9Bluetooth15setFriendlyNameEPKc
 .text._ZNK7ecrobot9Bluetooth11isConnectedEv
                0x00207784        0x4 /home/nxtOSEK/ecrobot/../ecrobot/libecrobot++.a(Bluetooth.o)
                0x00207784                _ZNK7ecrobot9Bluetooth11isConnectedEv
 .text._ZN7ecrobot9Bluetooth4sendEPhm
                0x00207788       0x10 /home/nxtOSEK/ecrobot/../ecrobot/libecrobot++.a(Bluetooth.o)
                0x00207788                _ZN7ecrobot9Bluetooth4sendEPhm
 .text._ZNK7ecrobot9Bluetooth7receiveEPvmm
                0x00207798       0x10 /home/nxtOSEK/ecrobot/../ecrobot/libecrobot++.a(Bluetooth.o)
                0x00207798                _ZNK7ecrobot9Bluetooth7receiveEPvmm
 .text._ZN7ecrobot9Bluetooth5closeEv
                0x002077a8       0x14 /home/nxtOSEK/ecrobot/../ecrobot/libecrobot++.a(Bluetooth.o)
                0x002077a8                _ZN7ecrobot9Bluetooth5closeEv
 .text._ZN7ecrobot9BluetoothD1Ev
                0x002077bc        0xc /home/nxtOSEK/ecrobot/../ecrobot/libecrobot++.a(Bluetooth.o)
                0x002077bc                _ZN7ecrobot9BluetoothD1Ev
 .text._ZN7ecrobot5ClockC1Ev
                0x002077c8       0x10 /home/nxtOSEK/ecrobot/../ecrobot/libecrobot++.a(Clock.o)
                0x002077c8                _ZN7ecrobot5ClockC1Ev
 .text._ZNK7ecrobot5Clock3nowEv
                0x002077d8       0x14 /home/nxtOSEK/ecrobot/../ecrobot/libecrobot++.a(Clock.o)
                0x002077d8                _ZNK7ecrobot5Clock3nowEv
 .text._ZN7ecrobot5Clock5sleepEm
                0x002077ec       0x10 /home/nxtOSEK/ecrobot/../ecrobot/libecrobot++.a(Clock.o)
                0x002077ec                _ZN7ecrobot5Clock5sleepEm
 .text._ZN7ecrobot10GyroSensorC1E6ePortS
                0x002077fc       0x38 /home/nxtOSEK/ecrobot/../ecrobot/libecrobot++.a(GyroSensor.o)
                0x002077fc                _ZN7ecrobot10GyroSensorC1E6ePortS
 .text._ZN7ecrobot3I2cC2E6ePortS6ePower
                0x00207834       0x30 /home/nxtOSEK/ecrobot/../ecrobot/libecrobot++.a(I2c.o)
                0x00207834                _ZN7ecrobot3I2cC2E6ePortS6ePower
 .text._ZN7ecrobot3I2cD2Ev
                0x00207864       0x20 /home/nxtOSEK/ecrobot/../ecrobot/libecrobot++.a(I2c.o)
                0x00207864                _ZN7ecrobot3I2cD2Ev
 .text._ZN7ecrobot3I2cD1Ev
                0x00207884       0x20 /home/nxtOSEK/ecrobot/../ecrobot/libecrobot++.a(I2c.o)
                0x00207884                _ZN7ecrobot3I2cD1Ev
 .text._ZN7ecrobot3I2cD0Ev
                0x002078a4       0x28 /home/nxtOSEK/ecrobot/../ecrobot/libecrobot++.a(I2c.o)
                0x002078a4                _ZN7ecrobot3I2cD0Ev
 .text._ZNK7ecrobot3I2c7receiveEmPhm
                0x002078cc       0x40 /home/nxtOSEK/ecrobot/../ecrobot/libecrobot++.a(I2c.o)
                0x002078cc                _ZNK7ecrobot3I2c7receiveEmPhm
 .text._ZN7ecrobot3LcdC1Ev
                0x0020790c        0x8 /home/nxtOSEK/ecrobot/../ecrobot/libecrobot++.a(Lcd.o)
                0x0020790c                _ZN7ecrobot3LcdC1Ev
 .text._ZN7ecrobot3Lcd5clearEb
                0x00207914       0x20 /home/nxtOSEK/ecrobot/../ecrobot/libecrobot++.a(Lcd.o)
                0x00207914                _ZN7ecrobot3Lcd5clearEb
 .text._ZN7ecrobot3Lcd6cursorEmm
                0x00207934       0x20 /home/nxtOSEK/ecrobot/../ecrobot/libecrobot++.a(Lcd.o)
                0x00207934                _ZN7ecrobot3Lcd6cursorEmm
 .text._ZN7ecrobot3Lcd4putfEPKcz
                0x00207954       0x98 /home/nxtOSEK/ecrobot/../ecrobot/libecrobot++.a(Lcd.o)
                0x00207954                _ZN7ecrobot3Lcd4putfEPKcz
 .text._ZN7ecrobot3Lcd4dispEv
                0x002079ec        0xc /home/nxtOSEK/ecrobot/../ecrobot/libecrobot++.a(Lcd.o)
                0x002079ec                _ZN7ecrobot3Lcd4dispEv
 .text._ZN7ecrobot11LightSensorD0Ev
                0x002079f8       0x30 /home/nxtOSEK/ecrobot/../ecrobot/libecrobot++.a(LightSensor.o)
                0x002079f8                _ZN7ecrobot11LightSensorD0Ev
 .text._ZN7ecrobot11LightSensor7setLampEb
                0x00207a28       0x1c /home/nxtOSEK/ecrobot/../ecrobot/libecrobot++.a(LightSensor.o)
                0x00207a28                _ZN7ecrobot11LightSensor7setLampEb
 .text._ZN7ecrobot11LightSensorC1E6ePortSb
                0x00207a44       0x3c /home/nxtOSEK/ecrobot/../ecrobot/libecrobot++.a(LightSensor.o)
                0x00207a44                _ZN7ecrobot11LightSensorC1E6ePortSb
 .text._ZN7ecrobot11LightSensorD1Ev
                0x00207a80       0x28 /home/nxtOSEK/ecrobot/../ecrobot/libecrobot++.a(LightSensor.o)
                0x00207a80                _ZN7ecrobot11LightSensorD1Ev
 .text._ZN7ecrobot5MotorC1E6ePortMb
                0x00207aa8       0x18 /home/nxtOSEK/ecrobot/../ecrobot/libecrobot++.a(Motor.o)
                0x00207aa8                _ZN7ecrobot5MotorC1E6ePortMb
 .text._ZN7ecrobot5MotorD1Ev
                0x00207ac0       0x10 /home/nxtOSEK/ecrobot/../ecrobot/libecrobot++.a(Motor.o)
                0x00207ac0                _ZN7ecrobot5MotorD1Ev
 .text._ZN7ecrobot5Motor6setPWMEa
                0x00207ad0       0x3c /home/nxtOSEK/ecrobot/../ecrobot/libecrobot++.a(Motor.o)
                0x00207ad0                _ZN7ecrobot5Motor6setPWMEa
 .text._ZN7ecrobot3NxtC1Ev
                0x00207b0c        0x4 /home/nxtOSEK/ecrobot/../ecrobot/libecrobot++.a(Nxt.o)
                0x00207b0c                _ZN7ecrobot3NxtC1Ev
 .text._ZNK7ecrobot3Nxt9getBattMvEv
                0x00207b10       0x10 /home/nxtOSEK/ecrobot/../ecrobot/libecrobot++.a(Nxt.o)
                0x00207b10                _ZNK7ecrobot3Nxt9getBattMvEv
 .text._ZNK7ecrobot3Nxt10getButtonsEv
                0x00207b20       0x28 /home/nxtOSEK/ecrobot/../ecrobot/libecrobot++.a(Nxt.o)
                0x00207b20                _ZNK7ecrobot3Nxt10getButtonsEv
 .text._ZN7ecrobot11SonarSensorC1E6ePortS
                0x00207b48       0x18 /home/nxtOSEK/ecrobot/../ecrobot/libecrobot++.a(SonarSensor.o)
                0x00207b48                _ZN7ecrobot11SonarSensorC1E6ePortS
 .text._ZNK7ecrobot11SonarSensor11getDistanceEv
                0x00207b60       0x1c /home/nxtOSEK/ecrobot/../ecrobot/libecrobot++.a(SonarSensor.o)
                0x00207b60                _ZNK7ecrobot11SonarSensor11getDistanceEv
 .text._ZN7ecrobot7SpeakerC1Ev
                0x00207b7c        0x4 /home/nxtOSEK/ecrobot/../ecrobot/libecrobot++.a(Speaker.o)
                0x00207b7c                _ZN7ecrobot7SpeakerC1Ev
 .text._ZN7ecrobot7Speaker8playToneEmmm
                0x00207b80       0x28 /home/nxtOSEK/ecrobot/../ecrobot/libecrobot++.a(Speaker.o)
                0x00207b80                _ZN7ecrobot7Speaker8playToneEmmm
 .text._ZN7ecrobot11TouchSensorC1E6ePortS
                0x00207ba8       0x30 /home/nxtOSEK/ecrobot/../ecrobot/libecrobot++.a(TouchSensor.o)
                0x00207ba8                _ZN7ecrobot11TouchSensorC1E6ePortS
 .text._ZNK7ecrobot11TouchSensor9isPressedEv
                0x00207bd8       0x20 /home/nxtOSEK/ecrobot/../ecrobot/libecrobot++.a(TouchSensor.o)
                0x00207bd8                _ZNK7ecrobot11TouchSensor9isPressedEv
 .text._ZN7ecrobot12BTConnection7connectEPKcS2_
                0x00207bf8      0x174 /home/nxtOSEK/ecrobot/../ecrobot/libecrobot++.a(BTConnection.o)
                0x00207bf8                _ZN7ecrobot12BTConnection7connectEPKcS2_
 .text._ZN7ecrobot3DaqC1ERNS_9BluetoothE
                0x00207d6c        0x4 /home/nxtOSEK/ecrobot/../ecrobot/libecrobot++.a(Daq.o)
                0x00207d6c                _ZN7ecrobot3DaqC1ERNS_9BluetoothE
 .text._ZN7ecrobot3Daq4sendEPatPsPl
                0x00207d70       0x6c /home/nxtOSEK/ecrobot/../ecrobot/libecrobot++.a(Daq.o)
                0x00207d70                _ZN7ecrobot3Daq4sendEPatPsPl
 .text._Znwm    0x00207ddc       0x10 /home/nxtOSEK/ecrobot/../ecrobot/libecrobot++.a(New.o)
                0x00207ddc                _Znwm
 .text._Znam    0x00207dec       0x10 /home/nxtOSEK/ecrobot/../ecrobot/libecrobot++.a(New.o)
                0x00207dec                _Znam
 .text._ZdlPv   0x00207dfc        0xc /home/nxtOSEK/ecrobot/../ecrobot/libecrobot++.a(New.o)
                0x00207dfc                _ZdlPv
 .text.ecrobot_device_initialize
                0x00207e08        0x4 /home/nxtOSEK/ecrobot/../ecrobot/libecrobot.a(ecrobot_device_hook.o)
                0x00207e08                ecrobot_device_initialize
 .text.ecrobot_device_terminate
                0x00207e0c        0x4 /home/nxtOSEK/ecrobot/../ecrobot/libecrobot.a(ecrobot_device_hook.o)
                0x00207e0c                ecrobot_device_terminate
 .text.ecrobot_get_battery_voltage
                0x00207e10        0xc /home/nxtOSEK/ecrobot/../ecrobot/libecrobot.a(ecrobot_interface.o)
                0x00207e10                ecrobot_get_battery_voltage
 .text.ecrobot_get_button_state
                0x00207e1c        0xc /home/nxtOSEK/ecrobot/../ecrobot/libecrobot.a(ecrobot_interface.o)
                0x00207e1c                ecrobot_get_button_state
 .text.ecrobot_init_nxtstate
                0x00207e28       0x28 /home/nxtOSEK/ecrobot/../ecrobot/libecrobot.a(ecrobot_interface.o)
                0x00207e28                ecrobot_init_nxtstate
 .text.ecrobot_poll_nxtstate
                0x00207e50       0x64 /home/nxtOSEK/ecrobot/../ecrobot/libecrobot.a(ecrobot_interface.o)
                0x00207e50                ecrobot_poll_nxtstate
 .text.ecrobot_setDeviceInitialized
                0x00207eb4       0x18 /home/nxtOSEK/ecrobot/../ecrobot/libecrobot.a(ecrobot_interface.o)
                0x00207eb4                ecrobot_setDeviceInitialized
 .text.ecrobot_initDeviceStatus
                0x00207ecc        0xc /home/nxtOSEK/ecrobot/../ecrobot/libecrobot.a(ecrobot_interface.o)
                0x00207ecc                ecrobot_initDeviceStatus
 .text.ecrobot_bmp2lcd
                0x00207ed8      0x1c8 /home/nxtOSEK/ecrobot/../ecrobot/libecrobot.a(ecrobot_interface.o)
                0x00207ed8                ecrobot_bmp2lcd
 .text.ecrobot_sound_tone
                0x002080a0        0xc /home/nxtOSEK/ecrobot/../ecrobot/libecrobot.a(ecrobot_interface.o)
                0x002080a0                ecrobot_sound_tone
 .text.ecrobot_is_ENTER_button_pressed
                0x002080ac       0x10 /home/nxtOSEK/ecrobot/../ecrobot/libecrobot.a(ecrobot_interface.o)
                0x002080ac                ecrobot_is_ENTER_button_pressed
 .text.ecrobot_is_RUN_button_pressed
                0x002080bc       0x10 /home/nxtOSEK/ecrobot/../ecrobot/libecrobot.a(ecrobot_interface.o)
                0x002080bc                ecrobot_is_RUN_button_pressed
 .text.StartupHook
                0x002080cc        0x4 /home/nxtOSEK/ecrobot/../ecrobot/libecrobot.a(osek_hook.o)
                0x002080cc                StartupHook
 .text.PreTaskHook
                0x002080d0        0x4 /home/nxtOSEK/ecrobot/../ecrobot/libecrobot.a(osek_hook.o)
                0x002080d0                PreTaskHook
 .text.PostTaskHook
                0x002080d4        0x4 /home/nxtOSEK/ecrobot/../ecrobot/libecrobot.a(osek_hook.o)
                0x002080d4                PostTaskHook
 .text.ErrorHook
                0x002080d8        0x4 /home/nxtOSEK/ecrobot/../ecrobot/libecrobot.a(osek_hook.o)
                0x002080d8                ErrorHook
 .text.ShutdownHook
                0x002080dc        0x4 /home/nxtOSEK/ecrobot/../ecrobot/libecrobot.a(osek_hook.o)
                0x002080dc                ShutdownHook
 .text.balance_control
                0x002080e0      0x254 /home/nxtOSEK/ecrobot/../ecrobot/libnxtway_gs_balancer.a(balancer.o)
                0x002080e0                balance_control
 .text.balance_init
                0x00208334       0x30 /home/nxtOSEK/ecrobot/../ecrobot/libnxtway_gs_balancer.a(balancer.o)
                0x00208334                balance_init
 .text          0x00208364       0xb8 /home/GNUARM/bin/../lib/gcc/arm-elf/4.0.2/../../../../arm-elf/lib/thumb/interwork/libm.a(s_cos.o)
                0x00208364                cos
 .text          0x0020841c       0xbc /home/GNUARM/bin/../lib/gcc/arm-elf/4.0.2/../../../../arm-elf/lib/thumb/interwork/libm.a(s_sin.o)
                0x0020841c                sin
 .text          0x002084d8       0xc4 /home/GNUARM/bin/../lib/gcc/arm-elf/4.0.2/../../../../arm-elf/lib/thumb/interwork/libm.a(w_sqrt.o)
                0x002084d8                sqrt
 .text          0x0020859c      0x434 /home/GNUARM/bin/../lib/gcc/arm-elf/4.0.2/../../../../arm-elf/lib/thumb/interwork/libm.a(e_rem_pio2.o)
                0x0020859c                __ieee754_rem_pio2
 .text          0x002089d0      0x1e8 /home/GNUARM/bin/../lib/gcc/arm-elf/4.0.2/../../../../arm-elf/lib/thumb/interwork/libm.a(e_sqrt.o)
                0x002089d0                __ieee754_sqrt
 .text          0x00208bb8      0x20c /home/GNUARM/bin/../lib/gcc/arm-elf/4.0.2/../../../../arm-elf/lib/thumb/interwork/libm.a(k_cos.o)
                0x00208bb8                __kernel_cos
 .text          0x00208dc4      0x8d8 /home/GNUARM/bin/../lib/gcc/arm-elf/4.0.2/../../../../arm-elf/lib/thumb/interwork/libm.a(k_rem_pio2.o)
                0x00208dc4                __kernel_rem_pio2
 .text          0x0020969c      0x180 /home/GNUARM/bin/../lib/gcc/arm-elf/4.0.2/../../../../arm-elf/lib/thumb/interwork/libm.a(k_sin.o)
                0x0020969c                __kernel_sin
 .text          0x0020981c       0x14 /home/GNUARM/bin/../lib/gcc/arm-elf/4.0.2/../../../../arm-elf/lib/thumb/interwork/libm.a(s_fabs.o)
                0x0020981c                fabs
 .text          0x00209830      0x16c /home/GNUARM/bin/../lib/gcc/arm-elf/4.0.2/../../../../arm-elf/lib/thumb/interwork/libm.a(s_floor.o)
                0x00209830                floor
 .text          0x0020999c       0x1c /home/GNUARM/bin/../lib/gcc/arm-elf/4.0.2/../../../../arm-elf/lib/thumb/interwork/libm.a(s_isnan.o)
                0x0020999c                isnan
 .text          0x002099b8        0x4 /home/GNUARM/bin/../lib/gcc/arm-elf/4.0.2/../../../../arm-elf/lib/thumb/interwork/libm.a(s_matherr.o)
                0x002099b8                matherr
 .text          0x002099bc      0x130 /home/GNUARM/bin/../lib/gcc/arm-elf/4.0.2/../../../../arm-elf/lib/thumb/interwork/libm.a(s_scalbn.o)
                0x002099bc                scalbn
 .text          0x00209aec       0x24 /home/GNUARM/bin/../lib/gcc/arm-elf/4.0.2/../../../../arm-elf/lib/thumb/interwork/libm.a(s_copysign.o)
                0x00209aec                copysign
 .text          0x00209b10       0x8c /home/GNUARM/bin/../lib/gcc/arm-elf/4.0.2/thumb/interwork/libgcc.a(_udivsi3.o)
                0x00209b10                __udivsi3
                0x00209b8c                __aeabi_uidivmod
 .text          0x00209b9c       0xa4 /home/GNUARM/bin/../lib/gcc/arm-elf/4.0.2/thumb/interwork/libgcc.a(_divsi3.o)
                0x00209b9c                __divsi3
                0x00209c30                __aeabi_idivmod
 .text          0x00209c40       0xc8 /home/GNUARM/bin/../lib/gcc/arm-elf/4.0.2/thumb/interwork/libgcc.a(_umodsi3.o)
                0x00209c40                __umodsi3
 .text          0x00209d08       0xd8 /home/GNUARM/bin/../lib/gcc/arm-elf/4.0.2/thumb/interwork/libgcc.a(_modsi3.o)
                0x00209d08                __modsi3
 .text          0x00209de0        0x4 /home/GNUARM/bin/../lib/gcc/arm-elf/4.0.2/thumb/interwork/libgcc.a(_dvmd_tls.o)
                0x00209de0                __aeabi_ldiv0
                0x00209de0                __div0
                0x00209de0                __aeabi_idiv0
 .text          0x00209de4      0x430 /home/GNUARM/bin/../lib/gcc/arm-elf/4.0.2/thumb/interwork/libgcc.a(_addsubdf3.o)
                0x0020a1a8                __floatdidf
                0x0020a128                __floatsidf
                0x0020a100                __aeabi_ui2d
                0x00209de4                __aeabi_drsub
                0x0020a154                __extendsfdf2
                0x00209df0                __adddf3
                0x0020a100                __floatunsidf
                0x00209df0                __aeabi_dadd
                0x0020a194                __aeabi_ul2d
                0x00209dec                __aeabi_dsub
                0x0020a194                __floatundidf
                0x0020a128                __aeabi_i2d
                0x0020a1a8                __aeabi_l2d
                0x0020a154                __aeabi_f2d
                0x00209dec                __subdf3
 .text          0x0020a214      0x49c /home/GNUARM/bin/../lib/gcc/arm-elf/4.0.2/thumb/interwork/libgcc.a(_muldivdf3.o)
                0x0020a4a4                __aeabi_ddiv
                0x0020a214                __aeabi_dmul
                0x0020a4a4                __divdf3
                0x0020a214                __muldf3
 .text          0x0020a6b0      0x140 /home/GNUARM/bin/../lib/gcc/arm-elf/4.0.2/thumb/interwork/libgcc.a(_cmpdf2.o)
                0x0020a7a8                __aeabi_dcmple
                0x0020a6c0                __cmpdf2
                0x0020a6c0                __eqdf2
                0x0020a6b0                __gtdf2
                0x0020a760                __aeabi_cdcmple
                0x0020a744                __aeabi_cdrcmple
                0x0020a6b8                __ltdf2
                0x0020a790                __aeabi_dcmplt
                0x0020a6b8                __ledf2
                0x0020a7d8                __aeabi_dcmpgt
                0x0020a7c0                __aeabi_dcmpge
                0x0020a6c0                __nedf2
                0x0020a778                __aeabi_dcmpeq
                0x0020a760                __aeabi_cdcmpeq
                0x0020a6b0                __gedf2
 .text          0x0020a7f0       0x5c /home/GNUARM/bin/../lib/gcc/arm-elf/4.0.2/thumb/interwork/libgcc.a(_fixdfsi.o)
                0x0020a7f0                __fixdfsi
                0x0020a7f0                __aeabi_d2iz
 .text          0x0020a84c       0xa0 /home/GNUARM/bin/../lib/gcc/arm-elf/4.0.2/thumb/interwork/libgcc.a(_truncdfsf2.o)
                0x0020a84c                __aeabi_d2f
                0x0020a84c                __truncdfsf2
 .text          0x0020a8ec      0x2ac /home/GNUARM/bin/../lib/gcc/arm-elf/4.0.2/thumb/interwork/libgcc.a(_addsubsf3.o)
                0x0020a8f8                __aeabi_fadd
                0x0020a8f4                __subsf3
                0x0020aabc                __aeabi_i2f
                0x0020a8f4                __aeabi_fsub
                0x0020aaec                __floatdisf
                0x0020aabc                __floatsisf
                0x0020aadc                __floatundisf
                0x0020aab4                __aeabi_ui2f
                0x0020aaec                __aeabi_l2f
                0x0020aadc                __aeabi_ul2f
                0x0020a8ec                __aeabi_frsub
                0x0020aab4                __floatunsisf
                0x0020a8f8                __addsf3
 .text          0x0020ab98      0x2f8 /home/GNUARM/bin/../lib/gcc/arm-elf/4.0.2/thumb/interwork/libgcc.a(_muldivsf3.o)
                0x0020ad30                __divsf3
                0x0020ad30                __aeabi_fdiv
                0x0020ab98                __mulsf3
                0x0020ab98                __aeabi_fmul
 .text          0x0020ae90      0x110 /home/GNUARM/bin/../lib/gcc/arm-elf/4.0.2/thumb/interwork/libgcc.a(_cmpsf2.o)
                0x0020af88                __aeabi_fcmpgt
                0x0020ae98                __lesf2
                0x0020aea0                __nesf2
                0x0020af70                __aeabi_fcmpge
                0x0020ae90                __gtsf2
                0x0020af58                __aeabi_fcmple
                0x0020aea0                __eqsf2
                0x0020aea0                __cmpsf2
                0x0020ae98                __ltsf2
                0x0020af10                __aeabi_cfcmple
                0x0020ae90                __gesf2
                0x0020af28                __aeabi_fcmpeq
                0x0020af00                __aeabi_cfrcmple
                0x0020af40                __aeabi_fcmplt
                0x0020af10                __aeabi_cfcmpeq
 .text          0x0020afa0       0x5c /home/GNUARM/bin/../lib/gcc/arm-elf/4.0.2/thumb/interwork/libgcc.a(_fixsfsi.o)
                0x0020afa0                __fixsfsi
                0x0020afa0                __aeabi_f2iz
 .text          0x0020affc        0xc /home/GNUARM/bin/../lib/gcc/arm-elf/4.0.2/../../../../arm-elf/lib/thumb/interwork/libc.a(errno.o)
                0x0020affc                __errno
 .text          0x0020b008       0x28 /home/GNUARM/bin/../lib/gcc/arm-elf/4.0.2/../../../../arm-elf/lib/thumb/interwork/libc.a(malloc.o)
                0x0020b008                malloc
                0x0020b01c                free
 .text          0x0020b030      0x548 /home/GNUARM/bin/../lib/gcc/arm-elf/4.0.2/../../../../arm-elf/lib/thumb/interwork/libc.a(mallocr.o)
                0x0020b030                _malloc_r
 .text          0x0020b578       0x68 /home/GNUARM/bin/../lib/gcc/arm-elf/4.0.2/../../../../arm-elf/lib/thumb/interwork/libc.a(memcpy.o)
                0x0020b578                memcpy
 .text          0x0020b5e0       0x68 /home/GNUARM/bin/../lib/gcc/arm-elf/4.0.2/../../../../arm-elf/lib/thumb/interwork/libc.a(memset.o)
                0x0020b5e0                memset
 .text          0x0020b648        0x8 /home/GNUARM/bin/../lib/gcc/arm-elf/4.0.2/../../../../arm-elf/lib/thumb/interwork/libc.a(mlock.o)
                0x0020b64c                __malloc_unlock
                0x0020b648                __malloc_lock
 .text          0x0020b650       0x60 /home/GNUARM/bin/../lib/gcc/arm-elf/4.0.2/../../../../arm-elf/lib/thumb/interwork/libc.a(strcpy.o)
                0x0020b650                strcpy
 .text          0x0020b6b0       0x48 /home/GNUARM/bin/../lib/gcc/arm-elf/4.0.2/../../../../arm-elf/lib/thumb/interwork/libc.a(strlen.o)
                0x0020b6b0                strlen
 .text          0x0020b6f8       0x84 /home/GNUARM/bin/../lib/gcc/arm-elf/4.0.2/../../../../arm-elf/lib/thumb/interwork/libc.a(strncpy.o)
                0x0020b6f8                strncpy
 .text          0x0020b77c      0x260 /home/GNUARM/bin/../lib/gcc/arm-elf/4.0.2/../../../../arm-elf/lib/thumb/interwork/libc.a(freer.o)
                0x0020b81c                _free_r
                0x0020b77c                _malloc_trim_r
 .glue_7        0x0020b9dc       0x30 /home/GNUARM/bin/../lib/gcc/arm-elf/4.0.2/../../../../arm-elf/lib/thumb/interwork/libc.a(freer.o)
                0x0020b9f4                __call_posttaskhook_from_arm
                0x0020b9dd                __ecrobot_debug1_from_arm
                0x0020b9e9                __ecrobot_debug2_from_arm
                0x0020ba00                __call_pretaskhook_from_arm
 .glue_7t       0x0020ba0c      0x108 /home/GNUARM/bin/../lib/gcc/arm-elf/4.0.2/../../../../arm-elf/lib/thumb/interwork/libc.a(freer.o)
                0x0020ba38                __start_change_to_arm
                0x0020bae4                __interrupts_get_and_disable_from_thumb
                0x0020bafc                ____lesf2_from_thumb
                0x0020babc                ____gtdf2_from_thumb
                0x0020ba2c                __exit_and_dispatch_from_thumb
                0x0020baa4                ____divsf3_from_thumb
                0x0020baa0                ____gesf2_change_to_arm
                0x0020ba8c                ____subdf3_from_thumb
                0x0020bab8                ____ltdf2_change_to_arm
                0x0020ba60                ____fixsfsi_change_to_arm
                0x0020bae0                ____eqsf2_change_to_arm
                0x0020bad4                ____ledf2_from_thumb
                0x0020bad0                ____addsf3_change_to_arm
                0x0020ba90                ____subdf3_change_to_arm
                0x0020ba5c                ____fixsfsi_from_thumb
                0x0020ba64                ____floatsisf_from_thumb
                0x0020ba84                ____extendsfdf2_from_thumb
                0x0020bb10                ____gedf2_change_to_arm
                0x0020ba30                __exit_and_dispatch_change_to_arm
                0x0020bb04                ____eqdf2_from_thumb
                0x0020ba0c                __disable_int_from_thumb
                0x0020ba9c                ____gesf2_from_thumb
                0x0020ba24                __start_dispatch_from_thumb
                0x0020ba7c                ____ltsf2_from_thumb
                0x0020ba3c                ____fixdfsi_from_thumb
                0x0020ba50                ____divdf3_change_to_arm
                0x0020bb00                ____lesf2_change_to_arm
                0x0020bb0c                ____gedf2_from_thumb
                0x0020ba34                __start_from_thumb
                0x0020ba54                ____truncdfsf2_from_thumb
                0x0020ba48                ____muldf3_change_to_arm
                0x0020baa8                ____divsf3_change_to_arm
                0x0020ba40                ____fixdfsi_change_to_arm
                0x0020ba4c                ____divdf3_from_thumb
                0x0020ba14                __enable_int_from_thumb
                0x0020ba1c                __dispatch_from_thumb
                0x0020baf0                __interrupts_enable_change_to_arm
                0x0020ba74                ____gtsf2_from_thumb
                0x0020bae8                __interrupts_get_and_disable_change_to_arm
                0x0020ba20                __dispatch_change_to_arm
                0x0020ba70                ____mulsf3_change_to_arm
                0x0020ba98                ____adddf3_change_to_arm
                0x0020bac0                ____gtdf2_change_to_arm
                0x0020ba58                ____truncdfsf2_change_to_arm
                0x0020ba88                ____extendsfdf2_change_to_arm
                0x0020baac                ____floatsidf_from_thumb
                0x0020bab4                ____ltdf2_from_thumb
                0x0020ba68                ____floatsisf_change_to_arm
                0x0020baf5                __display_bios_status_from_thumb
                0x0020bac4                ____subsf3_from_thumb
                0x0020ba94                ____adddf3_from_thumb
                0x0020ba78                ____gtsf2_change_to_arm
                0x0020bb08                ____eqdf2_change_to_arm
                0x0020ba10                __disable_int_change_to_arm
                0x0020ba80                ____ltsf2_change_to_arm
                0x0020ba6c                ____mulsf3_from_thumb
                0x0020bacc                ____addsf3_from_thumb
                0x0020ba44                ____muldf3_from_thumb
                0x0020badd                ____eqsf2_from_thumb
                0x0020bac8                ____subsf3_change_to_arm
                0x0020bad8                ____ledf2_change_to_arm
                0x0020ba18                __enable_int_change_to_arm
                0x0020bab0                ____floatsidf_change_to_arm
                0x0020baec                __interrupts_enable_from_thumb
                0x0020baf8                __display_bios_status_change_to_arm
                0x0020ba28                __start_dispatch_change_to_arm
                0x0020bb20                . = ALIGN (0x10)
 *fill*         0x0020bb14        0xc 00
 *(*.rodata *.rodata.*)
 .rodata.search_table.966
                0x0020bb20        0xf build/kernel/task.o
 *fill*         0x0020bb2f        0x1 00
 .rodata.EventSleep
                0x0020bb30        0x4 build/./kernel_cfg.o
                0x0020bb30                EventSleep
 .rodata.EventSleepI2C
                0x0020bb34        0x4 build/./kernel_cfg.o
                0x0020bb34                EventSleepI2C
 .rodata.EventDrive
                0x0020bb38        0x4 build/./kernel_cfg.o
                0x0020bb38                EventDrive
 .rodata.alminib_cycle
                0x0020bb3c        0x4 build/./kernel_cfg.o
                0x0020bb3c                alminib_cycle
 .rodata.alminib_almval
                0x0020bb40        0x4 build/./kernel_cfg.o
                0x0020bb40                alminib_almval
 .rodata.alminib_autosta
                0x0020bb44        0x1 build/./kernel_cfg.o
                0x0020bb44                alminib_autosta
 *fill*         0x0020bb45        0x3 00
 .rodata.alminib_cback
                0x0020bb48        0x4 build/./kernel_cfg.o
                0x0020bb48                alminib_cback
 .rodata.alminib_cntid
                0x0020bb4c        0x1 build/./kernel_cfg.o
                0x0020bb4c                alminib_cntid
 .rodata.Alarm4msec
                0x0020bb4d        0x1 build/./kernel_cfg.o
                0x0020bb4d                Alarm4msec
 *fill*         0x0020bb4e        0x2 00
 .rodata.cntinib_mincyc
                0x0020bb50        0x4 build/./kernel_cfg.o
                0x0020bb50                cntinib_mincyc
 .rodata.cntinib_tickbase
                0x0020bb54        0x4 build/./kernel_cfg.o
                0x0020bb54                cntinib_tickbase
 .rodata.cntinib_maxval2
                0x0020bb58        0x4 build/./kernel_cfg.o
                0x0020bb58                cntinib_maxval2
 .rodata.cntinib_maxval
                0x0020bb5c        0x4 build/./kernel_cfg.o
                0x0020bb5c                cntinib_maxval
 .rodata.SysTimerCnt
                0x0020bb60        0x1 build/./kernel_cfg.o
                0x0020bb60                SysTimerCnt
 *fill*         0x0020bb61        0x1 00
 .rodata.tinib_stksz
                0x0020bb62        0x4 build/./kernel_cfg.o
                0x0020bb62                tinib_stksz
 *fill*         0x0020bb66        0x2 00
 .rodata.tinib_stk
                0x0020bb68        0x8 build/./kernel_cfg.o
                0x0020bb68                tinib_stk
 .rodata.tinib_task
                0x0020bb70        0x8 build/./kernel_cfg.o
                0x0020bb70                tinib_task
 .rodata.tinib_autoact
                0x0020bb78        0x2 build/./kernel_cfg.o
                0x0020bb78                tinib_autoact
 .rodata.tinib_exepri
                0x0020bb7a        0x2 build/./kernel_cfg.o
                0x0020bb7a                tinib_exepri
 .rodata.tinib_inipri
                0x0020bb7c        0x2 build/./kernel_cfg.o
                0x0020bb7c                tinib_inipri
 .rodata.tnum_exttask
                0x0020bb7e        0x1 build/./kernel_cfg.o
                0x0020bb7e                tnum_exttask
 .rodata.tnum_task
                0x0020bb7f        0x1 build/./kernel_cfg.o
                0x0020bb7f                tnum_task
 .rodata.tnum_resource
                0x0020bb80        0x1 build/./kernel_cfg.o
                0x0020bb80                tnum_resource
 .rodata.tnum_counter
                0x0020bb81        0x1 build/./kernel_cfg.o
                0x0020bb81                tnum_counter
 .rodata.tnum_alarm
                0x0020bb82        0x1 build/./kernel_cfg.o
                0x0020bb82                tnum_alarm
 *fill*         0x0020bb83        0x1 00
 .rodata.exec_addr
                0x0020bb84        0x4 build/ecrobot_base.o
                0x0020bb84                exec_addr
 .rodata.str1.4
                0x0020bb88       0x80 build/ecrobot_base.o
 .rodata.BATTERY_OFFSET
                0x0020bc08        0x4 build/balancer_param.o
                0x0020bc08                BATTERY_OFFSET
 .rodata.BATTERY_GAIN
                0x0020bc0c        0x4 build/balancer_param.o
                0x0020bc0c                BATTERY_GAIN
 .rodata.BT_PASS_KEY
                0x0020bc10        0x8 build/Robot.o
 .rodata.str1.4
                0x0020bc18       0x24 build/Robot.o
                                 0x28 (size before relaxing)
 .rodata._ZN25Mission_PosBased_Straight15patternRR_time_E
                0x0020bc3c        0x4 build/Driver.o
                0x0020bc3c                _ZN25Mission_PosBased_Straight15patternRR_time_E
 .rodata.str1.4
                0x0020bc40       0xc9 build/Driver.o
                                 0xd0 (size before relaxing)
 *fill*         0x0020bd09        0x3 00
 .rodata.str1.4
                0x0020bd0c        0x8 build/Mission.o
 .rodata.str1.4
                0x0020bd14        0x2 build/PositionEstimation.o
                                  0x4 (size before relaxing)
 *fill*         0x0020bd16        0x2 00
 .rodata.str1.4
                0x0020bd18        0xa /home/nxtOSEK/ecrobot/../ecrobot/libecrobot++.a(Bluetooth.o)
                                  0xc (size before relaxing)
 *fill*         0x0020bd22        0x2 00
 .rodata.str1.4
                0x0020bd24        0xe /home/nxtOSEK/ecrobot/../ecrobot/libecrobot++.a(GyroSensor.o)
                                 0x10 (size before relaxing)
 *fill*         0x0020bd32        0x2 00
 .rodata.str1.4
                0x0020bd34        0xb /home/nxtOSEK/ecrobot/../ecrobot/libecrobot++.a(I2c.o)
                                  0xc (size before relaxing)
 .rodata.str1.4
                0x0020bd3f        0x0 /home/nxtOSEK/ecrobot/../ecrobot/libecrobot++.a(LightSensor.o)
                                 0x10 (size before relaxing)
 *fill*         0x0020bd3f        0x1 00
 .rodata.str1.4
                0x0020bd40        0xd /home/nxtOSEK/ecrobot/../ecrobot/libecrobot++.a(Motor.o)
                                 0x10 (size before relaxing)
 .rodata.str1.4
                0x0020bd4d        0x0 /home/nxtOSEK/ecrobot/../ecrobot/libecrobot++.a(TouchSensor.o)
                                 0x10 (size before relaxing)
 *fill*         0x0020bd4d        0x3 00
 .rodata.str1.4
                0x0020bd50       0x7d /home/nxtOSEK/ecrobot/../ecrobot/libecrobot++.a(BTConnection.o)
                                 0xc0 (size before relaxing)
 *fill*         0x0020bdcd        0x3 00
 .rodata.str1.4
                0x0020bdd0        0x5 /home/GNUARM/bin/../lib/gcc/arm-elf/4.0.2/../../../../arm-elf/lib/thumb/interwork/libm.a(w_sqrt.o)
                                  0x8 (size before relaxing)
 *fill*         0x0020bdd5        0x3 00
 .rodata        0x0020bdd8      0x188 /home/GNUARM/bin/../lib/gcc/arm-elf/4.0.2/../../../../arm-elf/lib/thumb/interwork/libm.a(e_rem_pio2.o)
 .rodata        0x0020bf60       0x50 /home/GNUARM/bin/../lib/gcc/arm-elf/4.0.2/../../../../arm-elf/lib/thumb/interwork/libm.a(k_rem_pio2.o)
 .rodata        0x0020bfb0        0x4 /home/GNUARM/bin/../lib/gcc/arm-elf/4.0.2/../../../../arm-elf/lib/thumb/interwork/libm.a(s_lib_ver.o)
                0x0020bfb0                __fdlib_version
 .rodata.str1.4
                0x0020bfb4        0x2 /home/GNUARM/bin/../lib/gcc/arm-elf/4.0.2/../../../../arm-elf/lib/thumb/interwork/libc.a(impure.o)
                                  0x4 (size before relaxing)
                0x0020bfc0                . = ALIGN (0x10)
 *fill*         0x0020bfb6        0xa 00
 *(*.gnu.linkonce.* .gcc_except_table)
 .gnu.linkonce.r._ZTVN7ecrobot10GyroSensorE
                0x0020bfc0       0x10 build/Robot.o
                0x0020bfc0                _ZTVN7ecrobot10GyroSensorE
 .gnu.linkonce.r._ZTVN7ecrobot6SensorE
                0x0020bfd0       0x10 build/Robot.o
                0x0020bfd0                _ZTVN7ecrobot6SensorE
 .gnu.linkonce.r._ZTVN7ecrobot11SonarSensorE
                0x0020bfe0       0x10 build/Robot.o
                0x0020bfe0                _ZTVN7ecrobot11SonarSensorE
 .gnu.linkonce.r._ZTVN7ecrobot11TouchSensorE
                0x0020bff0       0x10 build/Robot.o
                0x0020bff0                _ZTVN7ecrobot11TouchSensorE
 .gnu.linkonce.t._ZN7ecrobot6SensorD1Ev
                0x0020c000       0x18 build/Robot.o
                0x0020c000                _ZN7ecrobot6SensorD1Ev
 .gnu.linkonce.t._ZN7ecrobot6SensorD0Ev
                0x0020c018       0x20 build/Robot.o
                0x0020c018                _ZN7ecrobot6SensorD0Ev
 .gnu.linkonce.t._ZN7ecrobot10GyroSensorD1Ev
                0x0020c038       0x18 build/Robot.o
                0x0020c038                _ZN7ecrobot10GyroSensorD1Ev
 .gnu.linkonce.t._ZN7ecrobot11SonarSensorD1Ev
                0x0020c050       0x14 build/Robot.o
                0x0020c050                _ZN7ecrobot11SonarSensorD1Ev
 .gnu.linkonce.t._ZN7ecrobot11SonarSensorD0Ev
                0x0020c064       0x1c build/Robot.o
                0x0020c064                _ZN7ecrobot11SonarSensorD0Ev
 .gnu.linkonce.t._ZN7ecrobot11TouchSensorD0Ev
                0x0020c080       0x20 build/Robot.o
                0x0020c080                _ZN7ecrobot11TouchSensorD0Ev
 .gnu.linkonce.t._ZN7ecrobot11TouchSensorD1Ev
                0x0020c0a0       0x18 build/Robot.o
                0x0020c0a0                _ZN7ecrobot11TouchSensorD1Ev
 .gnu.linkonce.t._ZN7ecrobot10GyroSensorD0Ev
                0x0020c0b8       0x20 build/Robot.o
                0x0020c0b8                _ZN7ecrobot10GyroSensorD0Ev
 .gnu.linkonce.r._ZTV6Driver
                0x0020c0d8       0x14 build/Driver.o
                0x0020c0d8                _ZTV6Driver
 .gnu.linkonce.r._ZTV13RobotObserver
                0x0020c0ec       0x14 build/Driver.o
                0x0020c0ec                _ZTV13RobotObserver
 .gnu.linkonce.r._ZTV25Mission_PosBased_Straight
                0x0020c100       0x1c build/Driver.o
                0x0020c100                _ZTV25Mission_PosBased_Straight
 .gnu.linkonce.t._ZN13RobotObserverD1Ev
                0x0020c11c        0xc build/Driver.o
                0x0020c11c                _ZN13RobotObserverD1Ev
 .gnu.linkonce.t._ZN13RobotObserverD0Ev
                0x0020c128       0x14 build/Driver.o
                0x0020c128                _ZN13RobotObserverD0Ev
 .gnu.linkonce.t._ZN13RobotObserver6NotifyEN5Robot10RobotEventE
                0x0020c13c        0x4 build/Driver.o
                0x0020c13c                _ZN13RobotObserver6NotifyEN5Robot10RobotEventE
 .gnu.linkonce.t._ZN25Mission_PosBased_Straight4InitE9RobotInfo7NavInfo
                0x0020c140       0x58 build/Driver.o
                0x0020c140                _ZN25Mission_PosBased_Straight4InitE9RobotInfo7NavInfo
 .gnu.linkonce.t._ZN25Mission_PosBased_StraightD1Ev
                0x0020c198       0x14 build/Driver.o
                0x0020c198                _ZN25Mission_PosBased_StraightD1Ev
 .gnu.linkonce.t._ZN25Mission_PosBased_StraightD0Ev
                0x0020c1ac       0x1c build/Driver.o
                0x0020c1ac                _ZN25Mission_PosBased_StraightD0Ev
 .gnu.linkonce.t._ZN25Mission_PosBased_Straight3RunE9RobotInfo7NavInfo9EventFlagR8RobotCmd
                0x0020c1c8       0x6c build/Driver.o
                0x0020c1c8                _ZN25Mission_PosBased_Straight3RunE9RobotInfo7NavInfo9EventFlagR8RobotCmd
 .gnu.linkonce.r._ZTV7Mission
                0x0020c234       0x1c build/Mission.o
                0x0020c234                _ZTV7Mission
 .gnu.linkonce.r._ZTVN7ecrobot3I2cE
                0x0020c250       0x10 /home/nxtOSEK/ecrobot/../ecrobot/libecrobot++.a(I2c.o)
                0x0020c250                _ZTVN7ecrobot3I2cE
 .gnu.linkonce.r._ZTVN7ecrobot11LightSensorE
                0x0020c260       0x10 /home/nxtOSEK/ecrobot/../ecrobot/libecrobot++.a(LightSensor.o)
                0x0020c260                _ZTVN7ecrobot11LightSensorE
                0x0020c270                . = ALIGN (0x10)

.tors           0x0020c270       0x20
                0x0020c270                . = ALIGN (0x10)
                0x0020c270                __ctor_begin = .
 *(*.ctors*)
 .ctors         0x0020c270        0x4 build/utils.o
 .ctors         0x0020c274        0x4 build/Robot.o
 .ctors         0x0020c278        0x4 build/Driver.o
                0x0020c27c                __ctor_end = .
                0x0020c280                . = ALIGN (0x10)
 *fill*         0x0020c27c        0x4 00
                0x0020c280                __dtor_begin = .
 *(*.dtors*)
 .dtors         0x0020c280        0x4 build/Robot.o
                0x0020c284                __dtor_end = .
                0x0020c290                . = ALIGN (0x10)
 *fill*         0x0020c284        0xc 00

.bss            0x0020c290     0x1f84
 *(*.bss *.bss.*)
 .bss.ready_primap
                0x0020c290        0x2 build/kernel/task.o
 .bss.ready_queue_last
                0x0020c292       0x10 build/kernel/task.o
 .bss.ready_queue_first
                0x0020c2a2       0x10 build/kernel/task.o
 *fill*         0x0020c2b2        0x2 00
 .bss._stack_TaskRobot
                0x0020c2b4      0x400 build/./kernel_cfg.o
 .bss._stack_TaskDrive
                0x0020c6b4      0x880 build/./kernel_cfg.o
 .bss.sleepTaskCounter
                0x0020cf34       0x20 build/rtoscalls.o
 .bss.isTaskSleeping
                0x0020cf54        0x8 build/rtoscalls.o
 .bss.isI2cSleeping
                0x0020cf5c        0x4 build/rtoscalls.o
 .bss.sleeperTask_ID
                0x0020cf60        0x8 build/rtoscalls.o
 .bss.sleeperI2C_ID
                0x0020cf68        0x4 build/rtoscalls.o
 .bss.heap_ptr  0x0020cf6c        0x4 build/syscalls.o
 .bss.receiveBuf
                0x0020cf70       0x80 build/ecrobot_bluetooth.o
 .bss.sendBuf   0x0020cff0      0x100 build/ecrobot_bluetooth.o
 .bss.handle    0x0020d0f0        0x1 build/ecrobot_bluetooth.o
 *fill*         0x0020d0f1        0x3 00
 .bss.status_bar_position
                0x0020d0f4        0x4 build/ecrobot_base.o
 .bss.last_act_time.2742
                0x0020d0f8        0x4 build/ecrobot_base.o
 .bss.lcd.2671  0x0020d0fc      0x320 build/ecrobot_base.o
 .bss.OS_flag   0x0020d41c        0x4 build/ecrobot_base.o
 .bss.status_bar
                0x0020d420       0x10 build/ecrobot_base.o
 .bss.clock     0x0020d430        0x4 build/utils.o
                0x0020d430                clock
 .bss._ZN10CourseInfo4typeE
                0x0020d434        0x4 build/CourseInfo.o
                0x0020d434                _ZN10CourseInfo4typeE
 .bss._ZN10CourseInfo10colorWhiteE
                0x0020d438        0x2 build/CourseInfo.o
                0x0020d438                _ZN10CourseInfo10colorWhiteE
 .bss._ZN10CourseInfo10colorBlackE
                0x0020d43a        0x2 build/CourseInfo.o
                0x0020d43a                _ZN10CourseInfo10colorBlackE
 .bss._ZN5Robot12theInstance_E
                0x0020d43c        0x4 build/Robot.o
                0x0020d43c                _ZN5Robot12theInstance_E
 .bss.marker_check
                0x0020d440       0x48 build/Robot.o
                0x0020d440                marker_check
 .bss.speaker   0x0020d488        0x4 build/Robot.o
                0x0020d488                speaker
 .bss.nxt       0x0020d48c        0x4 build/Robot.o
                0x0020d48c                nxt
 .bss.lcd       0x0020d490        0x4 build/Robot.o
                0x0020d490                lcd
 .bss.bt        0x0020d494        0x4 build/Robot.o
                0x0020d494                bt
 .bss.tail      0x0020d498        0x8 build/Robot.o
                0x0020d498                tail
 .bss.motorR    0x0020d4a0        0x8 build/Robot.o
                0x0020d4a0                motorR
 .bss.motorL    0x0020d4a8        0x8 build/Robot.o
                0x0020d4a8                motorL
 .bss.gyro      0x0020d4b0        0xc build/Robot.o
                0x0020d4b0                gyro
 .bss.light     0x0020d4bc        0x8 build/Robot.o
                0x0020d4bc                light
 .bss.sonar     0x0020d4c4        0x8 build/Robot.o
                0x0020d4c4                sonar
 .bss.touch     0x0020d4cc        0x8 build/Robot.o
                0x0020d4cc                touch
 .bss.logL      0x0020d4d4        0x1 build/Robot.o
 .bss.logR      0x0020d4d5        0x1 build/Robot.o
 *fill*         0x0020d4d6        0x2 00