Archive member included because of file (symbol)

/home/nxtOSEK/ecrobot/../ecrobot/libecrobot++.a(Bluetooth.o)
                              build/Robot.o (_ZN7ecrobot9BluetoothC1Ev)
/home/nxtOSEK/ecrobot/../ecrobot/libecrobot++.a(Clock.o)
                              build/Utils.o (_ZN7ecrobot5ClockC1Ev)
/home/nxtOSEK/ecrobot/../ecrobot/libecrobot++.a(GyroSensor.o)
                              build/Robot.o (_ZN7ecrobot10GyroSensorC1E6ePortS)
/home/nxtOSEK/ecrobot/../ecrobot/libecrobot++.a(I2c.o)
                              build/Robot.o (_ZN7ecrobot3I2cD2Ev)
/home/nxtOSEK/ecrobot/../ecrobot/libecrobot++.a(Lcd.o)
                              build/Robot.o (_ZN7ecrobot3LcdC1Ev)
/home/nxtOSEK/ecrobot/../ecrobot/libecrobot++.a(LightSensor.o)
                              build/Robot.o (_ZN7ecrobot11LightSensorD1Ev)
/home/nxtOSEK/ecrobot/../ecrobot/libecrobot++.a(Motor.o)
                              build/Robot.o (_ZN7ecrobot5MotorC1E6ePortMb)
/home/nxtOSEK/ecrobot/../ecrobot/libecrobot++.a(Nxt.o)
                              build/Robot.o (_ZN7ecrobot3NxtC1Ev)
/home/nxtOSEK/ecrobot/../ecrobot/libecrobot++.a(SonarSensor.o)
                              build/Robot.o (_ZN7ecrobot11SonarSensorC1E6ePortS)
/home/nxtOSEK/ecrobot/../ecrobot/libecrobot++.a(Speaker.o)
                              build/Robot.o (_ZN7ecrobot7SpeakerC1Ev)
/home/nxtOSEK/ecrobot/../ecrobot/libecrobot++.a(TouchSensor.o)
                              build/Robot.o (_ZN7ecrobot11TouchSensorC1E6ePortS)
/home/nxtOSEK/ecrobot/../ecrobot/libecrobot++.a(BTConnection.o)
                              build/Robot.o (_ZN7ecrobot12BTConnection7connectEPKcS2_)
/home/nxtOSEK/ecrobot/../ecrobot/libecrobot++.a(Daq.o)
                              build/Robot.o (_ZN7ecrobot3DaqC1ERNS_9BluetoothE)
/home/nxtOSEK/ecrobot/../ecrobot/libecrobot++.a(New.o)
                              build/Robot.o (_Znwm)
/home/nxtOSEK/ecrobot/../ecrobot/libecrobot.a(ecrobot_device_hook.o)
                              build/ecrobot.o (ecrobot_device_initialize)
/home/nxtOSEK/ecrobot/../ecrobot/libecrobot.a(ecrobot_interface.o)
                              build/ecrobot_base.o (ecrobot_get_battery_voltage)
/home/nxtOSEK/ecrobot/../ecrobot/libecrobot.a(colorsensor.o)
                              /home/nxtOSEK/ecrobot/../ecrobot/libecrobot.a(ecrobot_interface.o) (colorsensor_init)
/home/nxtOSEK/ecrobot/../ecrobot/libecrobot.a(osek_hook.o)
                              build/kernel/osctl.o (StartupHook)
/home/nxtOSEK/ecrobot/../ecrobot/libecrobot.a(uart.oram)
                              build/config/at91sam7s-gnu/irq.oram (uart_isr_C_0)
/home/nxtOSEK/ecrobot/../ecrobot/libecrobot.a(systick.oram)
                              build/syslib/at91sam7s-gnu/lego_nxt/hw_sys_timer.oram (systick_low_priority_C)
/home/nxtOSEK/ecrobot/../ecrobot/libecrobot.a(byte_fifo.oram)
                              /home/nxtOSEK/ecrobot/../ecrobot/libecrobot.a(uart.oram) (byte_fifo_put)
/home/nxtOSEK/ecrobot/../ecrobot/libecrobot.a(aic.oram)
                              /home/nxtOSEK/ecrobot/../ecrobot/libecrobot.a(uart.oram) (aic_set_vector)
/home/nxtOSEK/ecrobot/../ecrobot/libecrobot.a(udp.oram)
                              build/config/at91sam7s-gnu/irq.oram (udp_isr_C)
/home/nxtOSEK/ecrobot/../ecrobot/libecrobot.a(twi.oram)
                              build/config/at91sam7s-gnu/irq.oram (twi_isr_C)
/home/nxtOSEK/ecrobot/../ecrobot/libecrobot.a(nxt_spi.oram)
                              build/config/at91sam7s-gnu/irq.oram (spi_isr_C)
/home/nxtOSEK/ecrobot/../ecrobot/libecrobot.a(nxt_motors.oram)
                              build/Robot.o (nxt_motor_get_count)
/home/nxtOSEK/ecrobot/../ecrobot/libecrobot.a(data_abort.oram)
                              build/ecrobot_init.o (data_abort_C)
/home/nxtOSEK/ecrobot/../ecrobot/libecrobot.a(display.oram)
                              build/rtoscalls.o (display_update)
/home/nxtOSEK/ecrobot/../ecrobot/libecrobot.a(i2c.oram)
                              build/config/at91sam7s-gnu/irq.oram (i2c_timer_isr_C)
/home/nxtOSEK/ecrobot/../ecrobot/libecrobot.a(sound.oram)
                              /home/nxtOSEK/ecrobot/../ecrobot/libecrobot.a(ecrobot_interface.o) (sound_get_time)
/home/nxtOSEK/ecrobot/../ecrobot/libecrobot.a(bt.oram)
                              build/ecrobot_bluetooth.o (bt_send)
/home/nxtOSEK/ecrobot/../ecrobot/libecrobot.a(nxt_avr.oram)
                              build/ecrobot_base.o (nxt_avr_power_down)
/home/nxtOSEK/ecrobot/../ecrobot/libecrobot.a(sensors.oram)
                              /home/nxtOSEK/ecrobot/../ecrobot/libecrobot++.a(LightSensor.o) (unset_digi0)
/home/nxtOSEK/ecrobot/../ecrobot/libecrobot.a(sensors1.oram)
                              /home/nxtOSEK/ecrobot/../ecrobot/libecrobot.a(colorsensor.o) (sensor_pins)
/home/nxtOSEK/ecrobot/../ecrobot/libecrobot.a(nxt_lcd.oram)
                              /home/nxtOSEK/ecrobot/../ecrobot/libecrobot.a(display.oram) (nxt_lcd_force_update)
[...]
Memory Configuration

Name             Origin             Length             Attributes
header_ram       0x001ffff0         0x00000010
vector_ram       0x00200000         0x00000040
ram              0x00200040         0x0000ffc0
*default*        0x00000000         0xffffffff

Linker script and memory map

LOAD build/kernel/alarm.o
LOAD build/kernel/event.o
LOAD build/kernel/interrupt.o
LOAD build/kernel/osctl.o
LOAD build/kernel/resource.o
LOAD build/kernel/task.o
LOAD build/kernel/task_manage.o
LOAD build/config/at91sam7s-gnu/cpu_config.o
LOAD build/config/at91sam7s-gnu/lego_nxt/sys_config.o
LOAD build/./kernel_cfg.o
LOAD build/rtoscalls.o
LOAD build/syscalls.o
LOAD build/ecrobot_bluetooth.o
LOAD build/ecrobot_base.o
LOAD build/ecrobot.o
LOAD build/balancer_param.o
LOAD build/syslib/at91sam7s-gnu/lego_nxt/hw_sys_timer.oram
LOAD build/Utils.o
LOAD build/CourseInfo.o
LOAD build/Robot.o
LOAD build/Navigator.o
LOAD build/Driver.o
LOAD build/Mission.o
LOAD build/PositionEstimation.o
LOAD build/MarkerCheck.o
LOAD build/Technic.o
LOAD build/Vec.o
LOAD build/PIDController.o
LOAD build/nxtvm/platform/nxt/vectors.o
LOAD build/config/at91sam7s-gnu/debug.o
LOAD build/config/at91sam7s-gnu/lego_nxt/sys_support.o
LOAD build/nxt_binary_header.o
LOAD build/nxt_entry_point.o
LOAD build/ecrobot_init.o
LOAD build/config/at91sam7s-gnu/cpu_support.oram
LOAD build/config/at91sam7s-gnu/irq.oram
LOAD /home/nxtOSEK/ecrobot/../ecrobot/libecrobot++.a
LOAD /home/nxtOSEK/ecrobot/../ecrobot/libecrobot.a
LOAD /home/nxtOSEK/ecrobot/../ecrobot/libnxtway_gs_balancer.a
LOAD /home/GNUARM/bin/../lib/gcc/arm-elf/4.0.2/../../../../arm-elf/lib/thumb/interwork/libstdc++.a
LOAD /home/GNUARM/bin/../lib/gcc/arm-elf/4.0.2/../../../../arm-elf/lib/thumb/interwork/libm.a
LOAD /home/GNUARM/bin/../lib/gcc/arm-elf/4.0.2/thumb/interwork/libgcc.a
LOAD /home/GNUARM/bin/../lib/gcc/arm-elf/4.0.2/../../../../arm-elf/lib/thumb/interwork/libc.a
LOAD /home/GNUARM/bin/../lib/gcc/arm-elf/4.0.2/thumb/interwork/libgcc.a
                0x00200000                RAM_BASE = 0x200000
                0x00010000                RAM_SIZE = 0x10000

.header         0x001ffff0       0x10
 *nxt_binary_header.o(*.text *.text.*)
 .text          0x001ffff0       0x10 build/nxt_binary_header.o
                0x00200000                . = ALIGN (0x10)

.vectors        0x00200000       0x40
 vectors.o(*.text *.text.*)
 .text          0x00200000       0x38 build/nxtvm/platform/nxt/vectors.o
                0x00200040                . = ALIGN (0x10)
 *fill*         0x00200038        0x8 00
                0x00200000                __vectors_ram_start__ = ADDR (.vectors)
                0x00200040                __vectors_ram_end__ = (ADDR (.vectors) + SIZEOF (.vectors))
                0x00200000                __vectors_load_start__ = LOADADDR (.vectors)
                0x00200040                __vectors_load_end__ = (LOADADDR (.vectors) + SIZEOF (.vectors))

.entry          0x00200040       0x40
 *nxt_entry_point.o(*.text *.text.*)
 .text          0x00200040       0x38 build/nxt_entry_point.o
                0x00200040                NXT_Entry_Point
                0x00200080                . = ALIGN (0x10)
 *fill*         0x00200078        0x8 00

.init           0x00200080      0x280
 *ecrobot_init.o(*.text *.text.*)
 .text          0x00200080      0x280 build/ecrobot_init.o
                0x002001ec                undef_handler
                0x002001f4                prefetch_abort_handler
                0x002001f8                data_abort_handler
                0x002001f0                swi_handler
                0x00200080                start
                0x00200214                reserved_handler
                0x00200300                . = ALIGN (0x10)

.ram_text       0x00200300     0x3790
                0x00200300                . = ALIGN (0x10)
 *.oram(*.text *.text.* *.glue*)
 .text.systick_isr_C1
                0x00200300       0x28 build/syslib/at91sam7s-gnu/lego_nxt/hw_sys_timer.oram
                0x00200300                systick_isr_C1
 *fill*         0x00200328        0x8 00
 .text          0x00200330      0x230 build/config/at91sam7s-gnu/cpu_support.oram
                0x00200510                enable_int
                0x002003b0                start_dispatch
                0x00200370                activate_r
                0x00200508                disable_int
                0x00200330                dispatch
                0x002004dc                int_return
                0x0020046c                _interrupt
                0x002003a0                exit_and_dispatch
                0x00200518                nop
 .text          0x00200560      0x2c0 build/config/at91sam7s-gnu/irq.oram
                0x00200560                default_isr
                0x002006ec                uart_isr_entry_0
                0x0020066c                twi_isr_entry
                0x0020072c                uart_isr_entry_1
                0x0020062c                spi_isr_entry
                0x002005ac                systick_low_priority_entry
                0x0020076c                nxt_motor_isr_entry
                0x002007ac                i2c_timer_isr_entry
                0x00200560                default_fiq
                0x00200564                systick_isr_entry
                0x00200560                spurious_isr
                0x002006ac                sound_isr_entry
                0x002005ec                udp_isr_entry
 .text.uart_process_isr
                0x00200820       0x88 /home/nxtOSEK/ecrobot/../ecrobot/libecrobot.a(uart.oram)
 .text.uart_isr_C_0
                0x002008a8        0xc /home/nxtOSEK/ecrobot/../ecrobot/libecrobot.a(uart.oram)
                0x002008a8                uart_isr_C_0
 .text.uart_isr_C_1
                0x002008b4        0xc /home/nxtOSEK/ecrobot/../ecrobot/libecrobot.a(uart.oram)
                0x002008b4                uart_isr_C_1
 .text.systick_low_priority_C
                0x002008c0       0x1c /home/nxtOSEK/ecrobot/../ecrobot/libecrobot.a(systick.oram)
                0x002008c0                systick_low_priority_C
 .text.systick_isr_C
                0x002008dc       0x24 /home/nxtOSEK/ecrobot/../ecrobot/libecrobot.a(systick.oram)
                0x002008dc                systick_isr_C
 .text.systick_get_ms
                0x00200900        0xc /home/nxtOSEK/ecrobot/../ecrobot/libecrobot.a(systick.oram)
                0x00200900                systick_get_ms
 .text.systick_wait_ms
                0x0020090c       0x1c /home/nxtOSEK/ecrobot/../ecrobot/libecrobot.a(systick.oram)
                0x0020090c                systick_wait_ms
 .text.systick_wait_ns
                0x00200928       0x1c /home/nxtOSEK/ecrobot/../ecrobot/libecrobot.a(systick.oram)
                0x00200928                systick_wait_ns
 .text.systick_init
                0x00200944       0x58 /home/nxtOSEK/ecrobot/../ecrobot/libecrobot.a(systick.oram)
                0x00200944                systick_init
 .text.systick_suspend
                0x0020099c        0xc /home/nxtOSEK/ecrobot/../ecrobot/libecrobot.a(systick.oram)
                0x0020099c                systick_suspend
 .text.systick_resume
                0x002009a8        0xc /home/nxtOSEK/ecrobot/../ecrobot/libecrobot.a(systick.oram)
                0x002009a8                systick_resume
 .text.byte_fifo_put
                0x002009b4       0x58 /home/nxtOSEK/ecrobot/../ecrobot/libecrobot.a(byte_fifo.oram)
                0x002009b4                byte_fifo_put
 .text.byte_fifo_get
                0x00200a0c       0x2c /home/nxtOSEK/ecrobot/../ecrobot/libecrobot.a(byte_fifo.oram)
                0x00200a0c                byte_fifo_get
 .text.aic_initialise
                0x00200a38       0x5c /home/nxtOSEK/ecrobot/../ecrobot/libecrobot.a(aic.oram)
                0x00200a38                aic_initialise
 .text.aic_set_vector
                0x00200a94       0x30 /home/nxtOSEK/ecrobot/../ecrobot/libecrobot.a(aic.oram)
                0x00200a94                aic_set_vector
 .text.aic_mask_on
                0x00200ac4       0x24 /home/nxtOSEK/ecrobot/../ecrobot/libecrobot.a(aic.oram)
                0x00200ac4                aic_mask_on
 .text.aic_mask_off
                0x00200ae8       0x24 /home/nxtOSEK/ecrobot/../ecrobot/libecrobot.a(aic.oram)
                0x00200ae8                aic_mask_off
 .text.aic_clear
                0x00200b0c       0x24 /home/nxtOSEK/ecrobot/../ecrobot/libecrobot.a(aic.oram)
                0x00200b0c                aic_clear
 .text.reset    0x00200b30       0x4c /home/nxtOSEK/ecrobot/../ecrobot/libecrobot.a(udp.oram)
 .text.udp_send_null
                0x00200b7c       0x2c /home/nxtOSEK/ecrobot/../ecrobot/libecrobot.a(udp.oram)
 .text.udp_send_stall
                0x00200ba8       0x2c /home/nxtOSEK/ecrobot/../ecrobot/libecrobot.a(udp.oram)
 .text.udp_send_control
                0x00200bd4       0x60 /home/nxtOSEK/ecrobot/../ecrobot/libecrobot.a(udp.oram)
 .text.udp_isr_C
                0x00200c34      0x7d0 /home/nxtOSEK/ecrobot/../ecrobot/libecrobot.a(udp.oram)
                0x00200c34                udp_isr_C
 .text.twi_status
                0x00201404       0x20 /home/nxtOSEK/ecrobot/../ecrobot/libecrobot.a(twi.oram)
                0x00201404                twi_status
 .text.twi_isr_C
                0x00201424       0xc4 /home/nxtOSEK/ecrobot/../ecrobot/libecrobot.a(twi.oram)
                0x00201424                twi_isr_C
 .text.twi_reset
                0x002014e8       0xb4 /home/nxtOSEK/ecrobot/../ecrobot/libecrobot.a(twi.oram)
                0x002014e8                twi_reset
 .text.twi_init
                0x0020159c       0x4c /home/nxtOSEK/ecrobot/../ecrobot/libecrobot.a(twi.oram)
                0x0020159c                twi_init
 .text.twi_start_read
                0x002015e8       0x60 /home/nxtOSEK/ecrobot/../ecrobot/libecrobot.a(twi.oram)
                0x002015e8                twi_start_read
 .text.twi_start_write
                0x00201648       0x64 /home/nxtOSEK/ecrobot/../ecrobot/libecrobot.a(twi.oram)
                0x00201648                twi_start_write
 .text.spi_set_mode
                0x002016ac       0x40 /home/nxtOSEK/ecrobot/../ecrobot/libecrobot.a(nxt_spi.oram)
 .text.spi_isr_C
                0x002016ec       0x8c /home/nxtOSEK/ecrobot/../ecrobot/libecrobot.a(nxt_spi.oram)
                0x002016ec                spi_isr_C
 .text.nxt_spi_init
                0x00201778      0x12c /home/nxtOSEK/ecrobot/../ecrobot/libecrobot.a(nxt_spi.oram)
                0x00201778                nxt_spi_init
 .text.nxt_spi_write
                0x002018a4       0x44 /home/nxtOSEK/ecrobot/../ecrobot/libecrobot.a(nxt_spi.oram)
                0x002018a4                nxt_spi_write
 .text.nxt_spi_set_display
                0x002018e8       0x10 /home/nxtOSEK/ecrobot/../ecrobot/libecrobot.a(nxt_spi.oram)
                0x002018e8                nxt_spi_set_display
 .text.nxt_spi_refresh
                0x002018f8       0x24 /home/nxtOSEK/ecrobot/../ecrobot/libecrobot.a(nxt_spi.oram)
                0x002018f8                nxt_spi_refresh
 .text.nxt_motor_get_count
                0x0020191c       0x14 /home/nxtOSEK/ecrobot/../ecrobot/libecrobot.a(nxt_motors.oram)
                0x0020191c                nxt_motor_get_count
 .text.nxt_motor_set_count
                0x00201930       0x10 /home/nxtOSEK/ecrobot/../ecrobot/libecrobot.a(nxt_motors.oram)
                0x00201930                nxt_motor_set_count
 .text.nxt_motor_set_speed
                0x00201940       0x34 /home/nxtOSEK/ecrobot/../ecrobot/libecrobot.a(nxt_motors.oram)
                0x00201940                nxt_motor_set_speed
 .text.nxt_motor_1kHz_process
                0x00201974       0x28 /home/nxtOSEK/ecrobot/../ecrobot/libecrobot.a(nxt_motors.oram)
                0x00201974                nxt_motor_1kHz_process
 .text.nxt_motor_quad_decode
                0x0020199c       0x30 /home/nxtOSEK/ecrobot/../ecrobot/libecrobot.a(nxt_motors.oram)
                0x0020199c                nxt_motor_quad_decode
 .text.nxt_motor_isr_C
                0x002019cc       0x88 /home/nxtOSEK/ecrobot/../ecrobot/libecrobot.a(nxt_motors.oram)
                0x002019cc                nxt_motor_isr_C
 .text.nxt_motor_init
                0x00201a54       0x68 /home/nxtOSEK/ecrobot/../ecrobot/libecrobot.a(nxt_motors.oram)
                0x00201a54                nxt_motor_init
 .text.data_abort_C
                0x00201abc       0x7c /home/nxtOSEK/ecrobot/../ecrobot/libecrobot.a(data_abort.oram)
                0x00201abc                data_abort_C
 .text.display_update
                0x00201b38       0x14 /home/nxtOSEK/ecrobot/../ecrobot/libecrobot.a(display.oram)
                0x00201b38                display_update
 .text.display_force_update
                0x00201b4c        0xc /home/nxtOSEK/ecrobot/../ecrobot/libecrobot.a(display.oram)
                0x00201b4c                display_force_update
 .text.display_clear
                0x00201b58       0x24 /home/nxtOSEK/ecrobot/../ecrobot/libecrobot.a(display.oram)
                0x00201b58                display_clear
 .text.display_goto_xy
                0x00201b7c       0x14 /home/nxtOSEK/ecrobot/../ecrobot/libecrobot.a(display.oram)
                0x00201b7c                display_goto_xy
 .text.display_char
                0x00201b90       0x60 /home/nxtOSEK/ecrobot/../ecrobot/libecrobot.a(display.oram)
                0x00201b90                display_char
 .text.display_string
                0x00201bf0       0x3c /home/nxtOSEK/ecrobot/../ecrobot/libecrobot.a(display.oram)
                0x00201bf0                display_string
 .text.display_hex
                0x00201c2c       0x50 /home/nxtOSEK/ecrobot/../ecrobot/libecrobot.a(display.oram)
                0x00201c2c                display_hex
 .text.display_unsigned_worker
                0x00201c7c       0x70 /home/nxtOSEK/ecrobot/../ecrobot/libecrobot.a(display.oram)
 .text.display_unsigned
                0x00201cec        0xc /home/nxtOSEK/ecrobot/../ecrobot/libecrobot.a(display.oram)
                0x00201cec                display_unsigned
 .text.display_int
                0x00201cf8       0x14 /home/nxtOSEK/ecrobot/../ecrobot/libecrobot.a(display.oram)
                0x00201cf8                display_int
 .text.display_bitmap_copy
                0x00201d0c       0x5c /home/nxtOSEK/ecrobot/../ecrobot/libecrobot.a(display.oram)
                0x00201d0c                display_bitmap_copy
 .text.display_init
                0x00201d68       0x50 /home/nxtOSEK/ecrobot/../ecrobot/libecrobot.a(display.oram)
                0x00201d68                display_init
 .text.i2c_timer_isr_C
                0x00201db8      0x314 /home/nxtOSEK/ecrobot/../ecrobot/libecrobot.a(i2c.oram)
                0x00201db8                i2c_timer_isr_C
 .text.i2c_disable
                0x002020cc       0x20 /home/nxtOSEK/ecrobot/../ecrobot/libecrobot.a(i2c.oram)
                0x002020cc                i2c_disable
 .text.i2c_enable
                0x002020ec       0x40 /home/nxtOSEK/ecrobot/../ecrobot/libecrobot.a(i2c.oram)
                0x002020ec                i2c_enable
 .text.i2c_init
                0x0020212c       0xa4 /home/nxtOSEK/ecrobot/../ecrobot/libecrobot.a(i2c.oram)
                0x0020212c                i2c_init
 .text.i2c_busy
                0x002021d0       0x24 /home/nxtOSEK/ecrobot/../ecrobot/libecrobot.a(i2c.oram)
                0x002021d0                i2c_busy
 .text.i2c_start_transaction
                0x002021f4      0x108 /home/nxtOSEK/ecrobot/../ecrobot/libecrobot.a(i2c.oram)
                0x002021f4                i2c_start_transaction
 .text.set_vol  0x002022fc       0xa4 /home/nxtOSEK/ecrobot/../ecrobot/libecrobot.a(sound.oram)
 .text.sound_fill_sample_buffer
                0x002023a0       0xe4 /home/nxtOSEK/ecrobot/../ecrobot/libecrobot.a(sound.oram)
                0x002023a0                sound_fill_sample_buffer
 .text.sound_freq_vol
                0x00202484      0x1e4 /home/nxtOSEK/ecrobot/../ecrobot/libecrobot.a(sound.oram)
                0x00202484                sound_freq_vol
 .text.sound_init
                0x00202668       0xa0 /home/nxtOSEK/ecrobot/../ecrobot/libecrobot.a(sound.oram)
                0x00202668                sound_init
 .text.sound_isr_C
                0x00202708      0x144 /home/nxtOSEK/ecrobot/../ecrobot/libecrobot.a(sound.oram)
                0x00202708                sound_isr_C
 .text.bt_init  0x0020284c      0x1c0 /home/nxtOSEK/ecrobot/../ecrobot/libecrobot.a(bt.oram)
                0x0020284c                bt_init
 .text.bt_send  0x00202a0c       0x5c /home/nxtOSEK/ecrobot/../ecrobot/libecrobot.a(bt.oram)
                0x00202a0c                bt_send
 .text.bt_clear_arm7_cmd
                0x00202a68       0x10 /home/nxtOSEK/ecrobot/../ecrobot/libecrobot.a(bt.oram)
                0x00202a68                bt_clear_arm7_cmd
 .text.bt_set_arm7_cmd
                0x00202a78       0x10 /home/nxtOSEK/ecrobot/../ecrobot/libecrobot.a(bt.oram)
                0x00202a78                bt_set_arm7_cmd
 .text.bt_receive
                0x00202a88      0x160 /home/nxtOSEK/ecrobot/../ecrobot/libecrobot.a(bt.oram)
                0x00202a88                bt_receive
 .text.bt_read  0x00202be8      0x140 /home/nxtOSEK/ecrobot/../ecrobot/libecrobot.a(bt.oram)
                0x00202be8                bt_read
 .text.bt_reset
                0x00202d28       0x84 /home/nxtOSEK/ecrobot/../ecrobot/libecrobot.a(bt.oram)
                0x00202d28                bt_reset
 .text.nxt_avr_power_down
                0x00202dac       0x10 /home/nxtOSEK/ecrobot/../ecrobot/libecrobot.a(nxt_avr.oram)
                0x00202dac                nxt_avr_power_down
 .text.nxt_avr_link_init
                0x00202dbc       0x20 /home/nxtOSEK/ecrobot/../ecrobot/libecrobot.a(nxt_avr.oram)
                0x00202dbc                nxt_avr_link_init
 .text.nxt_avr_init
                0x00202ddc       0x6c /home/nxtOSEK/ecrobot/../ecrobot/libecrobot.a(nxt_avr.oram)
                0x00202ddc                nxt_avr_init
 .text.nxt_avr_1kHz_update
                0x00202e48      0x1cc /home/nxtOSEK/ecrobot/../ecrobot/libecrobot.a(nxt_avr.oram)
                0x00202e48                nxt_avr_1kHz_update
 .text.buttons_get
                0x00203014        0xc /home/nxtOSEK/ecrobot/../ecrobot/libecrobot.a(nxt_avr.oram)
                0x00203014                buttons_get
 .text.battery_voltage
                0x00203020       0x28 /home/nxtOSEK/ecrobot/../ecrobot/libecrobot.a(nxt_avr.oram)
                0x00203020                battery_voltage
 .text.sensor_adc
                0x00203048       0x20 /home/nxtOSEK/ecrobot/../ecrobot/libecrobot.a(nxt_avr.oram)
                0x00203048                sensor_adc
 .text.nxt_avr_set_motor
                0x00203068       0x34 /home/nxtOSEK/ecrobot/../ecrobot/libecrobot.a(nxt_avr.oram)
                0x00203068                nxt_avr_set_motor
 .text.nxt_avr_set_input_power
                0x0020309c       0x3c /home/nxtOSEK/ecrobot/../ecrobot/libecrobot.a(nxt_avr.oram)
                0x0020309c                nxt_avr_set_input_power
 .text.unset_digi0
                0x002030d8       0x44 /home/nxtOSEK/ecrobot/../ecrobot/libecrobot.a(sensors.oram)
                0x002030d8                unset_digi0
 .text.unset_digi1
                0x0020311c       0x44 /home/nxtOSEK/ecrobot/../ecrobot/libecrobot.a(sensors.oram)
                0x0020311c                unset_digi1
 .text.init_sensors
                0x00203160       0x4c /home/nxtOSEK/ecrobot/../ecrobot/libecrobot.a(sensors.oram)
                0x00203160                init_sensors
 .text.set_digi0
                0x002031ac       0x44 /home/nxtOSEK/ecrobot/../ecrobot/libecrobot.a(sensors.oram)
                0x002031ac                set_digi0
 .text.nxt_lcd_command
                0x002031f0       0x18 /home/nxtOSEK/ecrobot/../ecrobot/libecrobot.a(nxt_lcd.oram)
                0x002031f0                nxt_lcd_command
 .text.nxt_lcd_set_col
                0x00203208       0x24 /home/nxtOSEK/ecrobot/../ecrobot/libecrobot.a(nxt_lcd.oram)
                0x00203208                nxt_lcd_set_col
 .text.nxt_lcd_set_multiplex_rate
                0x0020322c       0x18 /home/nxtOSEK/ecrobot/../ecrobot/libecrobot.a(nxt_lcd.oram)
                0x0020322c                nxt_lcd_set_multiplex_rate
 .text.nxt_lcd_set_page_address
                0x00203244       0x18 /home/nxtOSEK/ecrobot/../ecrobot/libecrobot.a(nxt_lcd.oram)
                0x00203244                nxt_lcd_set_page_address
 .text.nxt_lcd_set_pot
                0x0020325c       0x1c /home/nxtOSEK/ecrobot/../ecrobot/libecrobot.a(nxt_lcd.oram)
                0x0020325c                nxt_lcd_set_pot
 .text.nxt_lcd_set_ram_address_control
                0x00203278       0x18 /home/nxtOSEK/ecrobot/../ecrobot/libecrobot.a(nxt_lcd.oram)
                0x00203278                nxt_lcd_set_ram_address_control
 .text.nxt_lcd_enable
                0x00203290       0x14 /home/nxtOSEK/ecrobot/../ecrobot/libecrobot.a(nxt_lcd.oram)
                0x00203290                nxt_lcd_enable
 .text.nxt_lcd_set_map_control
                0x002032a4       0x18 /home/nxtOSEK/ecrobot/../ecrobot/libecrobot.a(nxt_lcd.oram)
                0x002032a4                nxt_lcd_set_map_control
 .text.nxt_lcd_reset
                0x002032bc        0xc /home/nxtOSEK/ecrobot/../ecrobot/libecrobot.a(nxt_lcd.oram)
                0x002032bc                nxt_lcd_reset
 .text.nxt_lcd_set_bias_ratio
                0x002032c8       0x18 /home/nxtOSEK/ecrobot/../ecrobot/libecrobot.a(nxt_lcd.oram)
                0x002032c8                nxt_lcd_set_bias_ratio
 .text.nxt_lcd_force_update
                0x002032e0       0x30 /home/nxtOSEK/ecrobot/../ecrobot/libecrobot.a(nxt_lcd.oram)
                0x002032e0                nxt_lcd_force_update
 .text.nxt_lcd_update
                0x00203310        0xc /home/nxtOSEK/ecrobot/../ecrobot/libecrobot.a(nxt_lcd.oram)
                0x00203310                nxt_lcd_update
 .text.nxt_lcd_power_up
                0x0020331c       0x48 /home/nxtOSEK/ecrobot/../ecrobot/libecrobot.a(nxt_lcd.oram)
                0x0020331c                nxt_lcd_power_up
 .text.nxt_lcd_power_down
                0x00203364        0xc /home/nxtOSEK/ecrobot/../ecrobot/libecrobot.a(nxt_lcd.oram)
                0x00203364                nxt_lcd_power_down
 .text.nxt_lcd_init
                0x00203370       0x18 /home/nxtOSEK/ecrobot/../ecrobot/libecrobot.a(nxt_lcd.oram)
                0x00203370                nxt_lcd_init
 .text.verify_flash_page
                0x00203388       0x34 /home/nxtOSEK/ecrobot/../ecrobot/libecrobot.a(flash_loader.oram)
 .text.set_flash_request
                0x002033bc       0x38 /home/nxtOSEK/ecrobot/../ecrobot/libecrobot.a(flash_loader.oram)
                0x002033bc                set_flash_request
 .text.nxt_device_init
                0x002033f4       0x38 /home/nxtOSEK/ecrobot/../ecrobot/libecrobot.a(flash_loader.oram)
                0x002033f4                nxt_device_init
 .text          0x0020342c       0x68 /home/nxtOSEK/ecrobot/../ecrobot/libecrobot.a(interrupts.oram)
                0x00203484                fiq_enable
                0x0020342c                interrupts_get_and_disable
                0x00203460                fiq_get_and_disable
                0x00203450                interrupts_enable
 .text.flash_write_page
                0x00203494       0xc0 /home/nxtOSEK/ecrobot/../ecrobot/libecrobot.a(flashprog.oram)
                0x00203494                flash_write_page
                0x00203560                . = ALIGN (0x10)
 *fill*         0x00203554        0xc 00
 *.oram(*.rodata *.rodata.*)
 .rodata.ld     0x00203560        0x4 /home/nxtOSEK/ecrobot/../ecrobot/libecrobot.a(udp.oram)
 .rodata.cfd    0x00203564       0x20 /home/nxtOSEK/ecrobot/../ecrobot/libecrobot.a(udp.oram)
 .rodata.dd     0x00203584       0x12 /home/nxtOSEK/ecrobot/../ecrobot/libecrobot.a(udp.oram)
 *fill*         0x00203596        0x2 00
 .rodata.str1.4
                0x00203598       0x22 /home/nxtOSEK/ecrobot/../ecrobot/libecrobot.a(data_abort.oram)
                                 0x24 (size before relaxing)
 .rodata.font   0x002035ba      0x280 /home/nxtOSEK/ecrobot/../ecrobot/libecrobot.a(display.oram)
 *fill*         0x0020383a        0x2 00
 .rodata.str1.4
                0x0020383c       0x76 /home/nxtOSEK/ecrobot/../ecrobot/libecrobot.a(display.oram)
                                 0x78 (size before relaxing)
 *fill*         0x002038b2        0x2 00
 .rodata.i2c_pin
                0x002038b4       0x20 /home/nxtOSEK/ecrobot/../ecrobot/libecrobot.a(i2c.oram)
 .rodata.i2c_timer_isr_C
                0x002038d4       0x38 /home/nxtOSEK/ecrobot/../ecrobot/libecrobot.a(i2c.oram)
 .rodata.logvol
                0x0020390c        0xc /home/nxtOSEK/ecrobot/../ecrobot/libecrobot.a(sound.oram)
                0x0020390c                logvol
 .rodata.silence
                0x00203918       0x40 /home/nxtOSEK/ecrobot/../ecrobot/libecrobot.a(sound.oram)
                0x00203918                silence
 .rodata.sine   0x00203958       0x10 /home/nxtOSEK/ecrobot/../ecrobot/libecrobot.a(sound.oram)
                0x00203958                sine
 .rodata.sample_pattern
                0x00203968       0x84 /home/nxtOSEK/ecrobot/../ecrobot/libecrobot.a(sound.oram)
                0x00203968                sample_pattern
 .rodata        0x002039ec        0xc /home/nxtOSEK/ecrobot/../ecrobot/libecrobot.a(sound.oram)
 .rodata.avr_brainwash_string
                0x002039f8       0x30 /home/nxtOSEK/ecrobot/../ecrobot/libecrobot.a(nxt_avr.oram)
                0x002039f8                avr_brainwash_string
 .rodata.nxt_avr_1kHz_update
                0x00203a28       0x14 /home/nxtOSEK/ecrobot/../ecrobot/libecrobot.a(nxt_avr.oram)
 .rodata.C.33.1823
                0x00203a3c       0x10 /home/nxtOSEK/ecrobot/../ecrobot/libecrobot.a(sensors.oram)
 .rodata.C.37.1857
                0x00203a4c       0x10 /home/nxtOSEK/ecrobot/../ecrobot/libecrobot.a(sensors.oram)
 .rodata.C.31.1806
                0x00203a5c       0x10 /home/nxtOSEK/ecrobot/../ecrobot/libecrobot.a(sensors.oram)
 .rodata.str1.4
                0x00203a6c       0x23 /home/nxtOSEK/ecrobot/../ecrobot/libecrobot.a(flash_loader.oram)
                                 0x24 (size before relaxing)
                0x00203a90                . = ALIGN (0x10)
 *fill*         0x00203a8f        0x1 00
                0x00200300                __ramtext_ram_start__ = ADDR (.ram_text)
                0x00203a90                __ramtext_ram_end__ = (ADDR (.ram_text) + SIZEOF (.ram_text))
                0x00200300                __ramtext_load_start__ = LOADADDR (.ram_text)
                0x00203a90                __ramtext_load_end__ = (__ramtext_load_start__ + SIZEOF (.ram_text))

.wav_data       0x00203a90        0x0
 *.owav(*.data *.data.*)
                0x00203a90                . = ALIGN (0x10)

.bmp_data       0x00203a90      0x440
 *.obmp(*.data *.data.*)
 .data          0x00203a90      0x43e /home/nxtOSEK/ecrobot/../ecrobot/libecrobot.a(nxtosek_splash.obmp)
                0x00203a90                nxtosek_splash_bmp_start
                0x00203ece                nxtosek_splash_bmp_end
                0x00203ed0                . = ALIGN (0x10)
 *fill*         0x00203ece        0x2 00

.spr_data       0x00203ed0        0x0
 *.ospr(*.data *.data.*)
                0x00203ed0                . = ALIGN (0x10)

.data           0x00203ed0      0x8d0
 *(*.data *.data.*)
 .data.bt_status
                0x00203ed0        0x1 build/ecrobot_bluetooth.o
 *fill*         0x00203ed1        0x3 00
 .data.K_THETADOT
                0x00203ed4        0x4 build/balancer_param.o
                0x00203ed4                K_THETADOT
 .data.K_PHIDOT
                0x00203ed8        0x4 build/balancer_param.o
                0x00203ed8                K_PHIDOT
 .data.K_I      0x00203edc        0x4 build/balancer_param.o
                0x00203edc                K_I
 .data.K_F      0x00203ee0       0x10 build/balancer_param.o
                0x00203ee0                K_F
 .data.A_R      0x00203ef0        0x4 build/balancer_param.o
                0x00203ef0                A_R
 .data.A_D      0x00203ef4        0x4 build/balancer_param.o
                0x00203ef4                A_D
 .data._ZN10CourseInfo14startPosAngOutE
                0x00203ef8        0x4 build/CourseInfo.o
                0x00203ef8                _ZN10CourseInfo14startPosAngOutE
 .data._ZN10CourseInfo12startPosYOutE
                0x00203efc        0x4 build/CourseInfo.o
                0x00203efc                _ZN10CourseInfo12startPosYOutE
 .data._ZN10CourseInfo12startPosXOutE
                0x00203f00        0x4 build/CourseInfo.o
                0x00203f00                _ZN10CourseInfo12startPosXOutE
 .data._ZN10CourseInfo13startPosAngInE
                0x00203f04        0x4 build/CourseInfo.o
                0x00203f04                _ZN10CourseInfo13startPosAngInE
 .data._ZN10CourseInfo11startPosYInE
                0x00203f08        0x4 build/CourseInfo.o
                0x00203f08                _ZN10CourseInfo11startPosYInE
 .data._ZN10CourseInfo11startPosXInE
                0x00203f0c        0x4 build/CourseInfo.o
                0x00203f0c                _ZN10CourseInfo11startPosXInE
 .data.notes    0x00203f10       0x1a build/Driver.o
                0x00203f10                notes
 *fill*         0x00203f2a        0x2 00
 .data.pid_light_param
                0x00203f2c        0xc build/PIDController.o
                0x00203f2c                pid_light_param
 .data.deviceStatus
                0x00203f38        0x1 /home/nxtOSEK/ecrobot/../ecrobot/libecrobot.a(ecrobot_interface.o)
 .data.named    0x00203f39       0x22 /home/nxtOSEK/ecrobot/../ecrobot/libecrobot.a(udp.oram)
 .data.snd      0x00203f5b       0x1a /home/nxtOSEK/ecrobot/../ecrobot/libecrobot.a(udp.oram)
 *fill*         0x00203f75        0x3 00
 .data.configured
                0x00203f78        0x4 /home/nxtOSEK/ecrobot/../ecrobot/libecrobot.a(udp.oram)
 .data.mode     0x00203f7c        0x1 /home/nxtOSEK/ecrobot/../ecrobot/libecrobot.a(nxt_spi.oram)
                0x00203f7c                mode
 *fill*         0x00203f7d        0x3 00
 .bss.data      0x00203f80        0x4 /home/nxtOSEK/ecrobot/../ecrobot/libecrobot.a(nxt_spi.oram)
                0x00203f80                data
 .data.display_auto_update
                0x00203f84        0x4 /home/nxtOSEK/ecrobot/../ecrobot/libecrobot.a(display.oram)
                0x00203f84                display_auto_update
 .data.display_buffer
                0x00203f88        0x4 /home/nxtOSEK/ecrobot/../ecrobot/libecrobot.a(display.oram)
 .data          0x00203f8c      0x404 /home/GNUARM/bin/../lib/gcc/arm-elf/4.0.2/../../../../arm-elf/lib/thumb/interwork/libc.a(impure.o)
                0x0020438c                _impure_ptr
 .data          0x00204390      0x410 /home/GNUARM/bin/../lib/gcc/arm-elf/4.0.2/../../../../arm-elf/lib/thumb/interwork/libc.a(mallocr.o)
                0x00204390                __malloc_sbrk_base
                0x00204398                __malloc_av_
                0x00204394                __malloc_trim_threshold
                0x002047a0                . = ALIGN (0x10)
                0x00203ed0                __data_ram_start__ = ADDR (.data)
                0x002047a0                __data_ram_end__ = (ADDR (.data) + SIZEOF (.data))
                0x00203ed0                __data_load_start__ = LOADADDR (.data)
                0x002047a0                __data_load_end__ = (__data_load_start__ + SIZEOF (.data))

.text           0x002047a0     0x8030
                0x002047a0                . = ALIGN (0x10)
 *(*.text *.text.* *.glue*)
 .text.enqueue_alarm
                0x002047a0       0x90 build/kernel/alarm.o
 .text.alarm_initialize
                0x00204830       0x98 build/kernel/alarm.o
                0x00204830                alarm_initialize
 .text.SetRelAlarm
                0x002048c8       0xe8 build/kernel/alarm.o
                0x002048c8                SetRelAlarm
 .text.CancelAlarm
                0x002049b0       0x9c build/kernel/alarm.o
                0x002049b0                CancelAlarm
 .text.SignalCounter
                0x00204a4c      0x134 build/kernel/alarm.o
                0x00204a4c                SignalCounter
 .text.SetEvent
                0x00204b80       0xac build/kernel/event.o
                0x00204b80                SetEvent
 .text.ClearEvent
                0x00204c2c       0x64 build/kernel/event.o
                0x00204c2c                ClearEvent
 .text.WaitEvent
                0x00204c90       0xa8 build/kernel/event.o
                0x00204c90                WaitEvent
 .text.StartOS  0x00204d38       0x58 build/kernel/osctl.o
                0x00204d38                StartOS
 .text.ShutdownOS
                0x00204d90       0x4c build/kernel/osctl.o
                0x00204d90                ShutdownOS
 .text.call_pretaskhook
                0x00204ddc       0x24 build/kernel/osctl.o
                0x00204ddc                call_pretaskhook
 .text.call_errorhook
                0x00204e00       0x78 build/kernel/osctl.o
                0x00204e00                call_errorhook
 .text.call_posttaskhook
                0x00204e78       0x24 build/kernel/osctl.o
                0x00204e78                call_posttaskhook
 .text.resource_initialize
                0x00204e9c       0x2c build/kernel/resource.o
                0x00204e9c                resource_initialize
 .text.search_schedtsk
                0x00204ec8       0x94 build/kernel/task.o
                0x00204ec8                search_schedtsk
 .text.make_runnable
                0x00204f5c       0xac build/kernel/task.o
                0x00204f5c                make_runnable
 .text.make_active
                0x00205008       0x78 build/kernel/task.o
                0x00205008                make_active
 .text.task_initialize
                0x00205080       0x90 build/kernel/task.o
                0x00205080                task_initialize
 .text.TerminateTask
                0x00205110       0x74 build/kernel/task_manage.o
                0x00205110                TerminateTask
 .text.GetTaskID
                0x00205184       0x40 build/kernel/task_manage.o
                0x00205184                GetTaskID
 .text.cpu_initialize
                0x002051c4        0x4 build/config/at91sam7s-gnu/cpu_config.o
                0x002051c4                cpu_initialize
 .text.cpu_terminate
                0x002051c8        0x4 build/config/at91sam7s-gnu/cpu_config.o
                0x002051c8                cpu_terminate
 .text.sys_initialize
                0x002051cc        0x4 build/config/at91sam7s-gnu/lego_nxt/sys_config.o
                0x002051cc                sys_initialize
 .text.sys_exit
                0x002051d0        0x4 build/config/at91sam7s-gnu/lego_nxt/sys_config.o
                0x002051d0                sys_exit
 .text._setevent_alarm_Alarm4msec
                0x002051d4       0x10 build/./kernel_cfg.o
 .text.object_initialize
                0x002051e4       0x14 build/./kernel_cfg.o
                0x002051e4                object_initialize
 .text.SleeperMonitor
                0x002051f8       0x84 build/rtoscalls.o
                0x002051f8                SleeperMonitor
 .text.SleepI2C
                0x0020527c       0x50 build/rtoscalls.o
                0x0020527c                SleepI2C
 .text.Sleep    0x002052cc       0x60 build/rtoscalls.o
                0x002052cc                Sleep
 .text.AssertDeviceConstructor
                0x0020532c       0x2c build/rtoscalls.o
                0x0020532c                AssertDeviceConstructor
 .text._sbrk_r  0x00205358       0x1c build/syscalls.o
                0x00205358                _sbrk_r
 .text.ecrobot_get_bt_status
                0x00205374       0x10 build/ecrobot_bluetooth.o
                0x00205374                ecrobot_get_bt_status
 .text.close_bt_stream
                0x00205384       0x2c build/ecrobot_bluetooth.o
 .text.ecrobot_read_bt
                0x002053b0       0x24 build/ecrobot_bluetooth.o
                0x002053b0                ecrobot_read_bt
 .text.send_bt_command
                0x002053d4       0x40 build/ecrobot_bluetooth.o
 .text.ecrobot_term_bt_connection
                0x00205414       0x48 build/ecrobot_bluetooth.o
                0x00205414                ecrobot_term_bt_connection
 .text.ecrobot_set_bt_device_name
                0x0020545c       0x4c build/ecrobot_bluetooth.o
                0x0020545c                ecrobot_set_bt_device_name
 .text.read_bt_command
                0x002054a8       0x5c build/ecrobot_bluetooth.o
 .text.open_bt_stream
                0x00205504       0x50 build/ecrobot_bluetooth.o
 .text.ecrobot_get_bt_device_name
                0x00205554       0x74 build/ecrobot_bluetooth.o
                0x00205554                ecrobot_get_bt_device_name
 .text.ecrobot_get_bt_device_address
                0x002055c8       0x6c build/ecrobot_bluetooth.o
                0x002055c8                ecrobot_get_bt_device_address
 .text.ecrobot_init_bt_slave
                0x00205634      0x12c build/ecrobot_bluetooth.o
                0x00205634                ecrobot_init_bt_slave
 .text.init_OS_flag
                0x00205760        0xc build/ecrobot_base.o
                0x00205760                init_OS_flag
 .text.set_OS_flag
                0x0020576c        0xc build/ecrobot_base.o
                0x0020576c                set_OS_flag
 .text.get_OS_flag
                0x00205778        0xc build/ecrobot_base.o
                0x00205778                get_OS_flag
 .text.cpp_constructor
                0x00205784       0x28 build/ecrobot_base.o
                0x00205784                cpp_constructor
 .text.cpp_destructor
                0x002057ac       0x28 build/ecrobot_base.o
                0x002057ac                cpp_destructor
 .text.execution_mode
                0x002057d4       0x24 build/ecrobot_base.o
                0x002057d4                execution_mode
 .text.show_main_screen
                0x002057f8       0x48 build/ecrobot_base.o
                0x002057f8                show_main_screen
 .text.display_status_bar
                0x00205840       0x5c build/ecrobot_base.o
                0x00205840                display_status_bar
 .text.restart_NXT
                0x0020589c       0x2c build/ecrobot_base.o
                0x0020589c                restart_NXT
 .text.shutdown_NXT
                0x002058c8       0x2c build/ecrobot_base.o
                0x002058c8                shutdown_NXT
 .text.check_NXT_buttons
                0x002058f4       0x38 build/ecrobot_base.o
                0x002058f4                check_NXT_buttons
 .text.show_bd_addr
                0x0020592c       0x44 build/ecrobot_base.o
                0x0020592c                show_bd_addr
 .text.show_bd_addr_err
                0x00205970       0x3c build/ecrobot_base.o
                0x00205970                show_bd_addr_err
 .text.add_status_info
                0x002059ac       0x68 build/ecrobot_base.o
                0x002059ac                add_status_info
 .text.show_splash_screen
                0x00205a14       0x90 build/ecrobot_base.o
                0x00205a14                show_splash_screen
 .text.main     0x00205aa4      0x10c build/ecrobot.o
                0x00205aa4                main
 .text._Z10Sleep_msecm
                0x00205bb0       0x14 build/Utils.o
                0x00205bb0                _Z10Sleep_msecm
 .text._Z41__static_initialization_and_destruction_0ii
                0x00205bc4       0x20 build/Utils.o
 .text._GLOBAL__I_clock
                0x00205be4       0x14 build/Utils.o
 .text._ZN10CourseInfo11getStartPosERdS0_S0_
                0x00205bf8       0x74 build/CourseInfo.o
                0x00205bf8                _ZN10CourseInfo11getStartPosERdS0_S0_
 .text._ZN5Robot9BTConnectEv
                0x00205c6c       0x30 build/Robot.o
                0x00205c6c                _ZN5Robot9BTConnectEv
 .text._ZN5Robot11AddObserverEP13RobotObserver
                0x00205c9c       0x38 build/Robot.o
                0x00205c9c                _ZN5Robot11AddObserverEP13RobotObserver
 .text._ZN5Robot10CallNotifyENS_10RobotEventE
                0x00205cd4       0x2c build/Robot.o
                0x00205cd4                _ZN5Robot10CallNotifyENS_10RobotEventE
 .text._ZN5Robot16CheckRemoteStartEv
                0x00205d00       0x8c build/Robot.o
                0x00205d00                _ZN5Robot16CheckRemoteStartEv
 .text._ZN5Robot16CheckSonarSensorEv
                0x00205d8c       0x28 build/Robot.o
                0x00205d8c                _ZN5Robot16CheckSonarSensorEv
 .text._ZN5Robot16CheckTouchSensorEv
                0x00205db4       0x28 build/Robot.o
                0x00205db4                _ZN5Robot16CheckTouchSensorEv
 .text._ZN5Robot11TailControlER8RobotCmd
                0x00205ddc       0x70 build/Robot.o
                0x00205ddc                _ZN5Robot11TailControlER8RobotCmd
 .text._ZN5Robot7calcPWMEN7ecrobot7VectorTIsEE
                0x00205e4c       0xbc build/Robot.o
                0x00205e4c                _ZN5Robot7calcPWMEN7ecrobot7VectorTIsEE
 .text._ZN5Robot5DriveE8RobotCmd
                0x00205f08       0xb8 build/Robot.o
                0x00205f08                _ZN5Robot5DriveE8RobotCmd
 .text._ZN5Robot15CheckGyroSensorEv
                0x00205fc0       0x6c build/Robot.o
                0x00205fc0                _ZN5Robot15CheckGyroSensorEv
 .text._ZN5Robot16CheckLightSensorEv
                0x0020602c       0x80 build/Robot.o
                0x0020602c                _ZN5Robot16CheckLightSensorEv
 .text._ZN5Robot7ProcessEv
                0x002060ac       0x2c build/Robot.o
                0x002060ac                _ZN5Robot7ProcessEv
 .text._ZN5Robot7GetInfoEv
                0x002060d8       0x48 build/Robot.o
                0x002060d8                _ZN5Robot7GetInfoEv
 .text._Z41__static_initialization_and_destruction_0ii
                0x00206120       0xec build/Robot.o
 .text._GLOBAL__D_touch
                0x0020620c       0x14 build/Robot.o
 .text._GLOBAL__I_touch
                0x00206220       0x14 build/Robot.o
 .text._ZN5Robot4StopEv
                0x00206234       0x48 build/Robot.o
                0x00206234                _ZN5Robot4StopEv
 .text._ZN5RobotC1Ev
                0x0020627c       0x94 build/Robot.o
                0x0020627c                _ZN5RobotC1Ev
 .text._ZN5Robot8InstanceEv
                0x00206310       0x24 build/Robot.o
                0x00206310                _ZN5Robot8InstanceEv
 .text._ZN5Robot11CalibrationEv
                0x00206334       0xa0 build/Robot.o
                0x00206334                _ZN5Robot11CalibrationEv
 .text.TaskMainTaskRobot
                0x002063d4       0x14 build/Robot.o
                0x002063d4                TaskMainTaskRobot
 .text._ZN9Navigator4InitEv
                0x002063e8       0x3c build/Navigator.o
                0x002063e8                _ZN9Navigator4InitEv
 .text._ZN9NavigatorC1Ev
                0x00206424        0xc build/Navigator.o
                0x00206424                _ZN9NavigatorC1Ev
 .text._ZN9Navigator8InstanceEv
                0x00206430       0x24 build/Navigator.o
                0x00206430                _ZN9Navigator8InstanceEv
 .text._ZN9Navigator17CalcDirCorrectionEv
                0x00206454      0x1d8 build/Navigator.o
                0x00206454                _ZN9Navigator17CalcDirCorrectionEv
 .text._ZN9Navigator7GetInfoERK9RobotInfo
                0x0020662c       0x84 build/Navigator.o
                0x0020662c                _ZN9Navigator7GetInfoERK9RobotInfo
 .text.user_1ms_isr_type2
                0x002066b0       0x20 build/Driver.o
                0x002066b0                user_1ms_isr_type2
 .text._ZN6Driver14ClearEventFlagEv
                0x002066d0       0x10 build/Driver.o
                0x002066d0                _ZN6Driver14ClearEventFlagEv
 .text._ZN6Driver10AddMissionEP7Mission
                0x002066e0       0x38 build/Driver.o
                0x002066e0                _ZN6Driver10AddMissionEP7Mission
 .text._ZN6Driver12ClearMissionEv
                0x00206718       0x24 build/Driver.o
                0x00206718                _ZN6Driver12ClearMissionEv
 .text._ZN6Driver12SetEventFlagEN5Robot10RobotEventE
                0x0020673c        0xc build/Driver.o
                0x0020673c                _ZN6Driver12SetEventFlagEN5Robot10RobotEventE
 .text._ZN6Driver6NotifyEN5Robot10RobotEventE
                0x00206748        0xc build/Driver.o
                0x00206748                _ZN6Driver6NotifyEN5Robot10RobotEventE
 .text._ZN6Driver14IsSetEventFlagEN5Robot10RobotEventE
                0x00206754        0x8 build/Driver.o
                0x00206754                _ZN6Driver14IsSetEventFlagEN5Robot10RobotEventE
 .text._ZN6Driver16state_bt_connectEv
                0x0020675c       0x28 build/Driver.o
                0x0020675c                _ZN6Driver16state_bt_connectEv
 .text._Z41__static_initialization_and_destruction_0ii
                0x00206784       0x20 build/Driver.o
 .text._GLOBAL__I_notes
                0x002067a4       0x14 build/Driver.o
 .text._ZN6DriverD0Ev
                0x002067b8       0x3c build/Driver.o
                0x002067b8                _ZN6DriverD0Ev
 .text._ZN6Driver13state_drivingEv
                0x002067f4      0x270 build/Driver.o
                0x002067f4                _ZN6Driver13state_drivingEv
 .text._ZN6DriverC1Ev
                0x00206a64       0x58 build/Driver.o
                0x00206a64                _ZN6DriverC1Ev
 .text._ZN6Driver8InstanceEv
                0x00206abc       0x24 build/Driver.o
                0x00206abc                _ZN6Driver8InstanceEv
 .text._ZN6DriverD1Ev
                0x00206ae0       0x38 build/Driver.o
                0x00206ae0                _ZN6DriverD1Ev
 .text._ZN6Driver23state_self_introductionEv
                0x00206b18       0xa4 build/Driver.o
                0x00206b18                _ZN6Driver23state_self_introductionEv
 .text._ZN6Driver17state_calibrationEv
                0x00206bbc      0x268 build/Driver.o
                0x00206bbc                _ZN6Driver17state_calibrationEv
 .text._ZN6Driver16state_wait_startEv
                0x00206e24      0x170 build/Driver.o
                0x00206e24                _ZN6Driver16state_wait_startEv
 .text._ZN6Driver7ProcessEv
                0x00206f94       0xcc build/Driver.o
                0x00206f94                _ZN6Driver7ProcessEv
 .text.TaskMainTaskDrive
                0x00207060       0x48 build/Driver.o
                0x00207060                TaskMainTaskDrive
 .text._ZN7MissionC2Ev
                0x002070a8       0x10 build/Mission.o
                0x002070a8                _ZN7MissionC2Ev
 .text._ZN7MissionD2Ev
                0x002070b8        0xc build/Mission.o
                0x002070b8                _ZN7MissionD2Ev
 .text._ZN7MissionD1Ev
                0x002070c4        0xc build/Mission.o
                0x002070c4                _ZN7MissionD1Ev
 .text._ZN7MissionD0Ev
                0x002070d0       0x14 build/Mission.o
                0x002070d0                _ZN7MissionD0Ev
 .text._ZN7Mission4InitE9RobotInfo7NavInfo
                0x002070e4        0xc build/Mission.o
                0x002070e4                _ZN7Mission4InitE9RobotInfo7NavInfo
 .text._ZN7Mission3RunE9RobotInfo7NavInfo9EventFlagR8RobotCmd
                0x002070f0       0x18 build/Mission.o
                0x002070f0                _ZN7Mission3RunE9RobotInfo7NavInfo9EventFlagR8RobotCmd
 .text._ZN7Mission4NameEv
                0x00207108        0x8 build/Mission.o
                0x00207108                _ZN7Mission4NameEv
 .text._Z21getPositionEstimationRK9_PositionllddRS_
                0x00207110      0x118 build/PositionEstimation.o
                0x00207110                _Z21getPositionEstimationRK9_PositionllddRS_
 .text._ZN11MarkerCheck8IsMarkerEs
                0x00207228       0x88 build/MarkerCheck.o
                0x00207228                _ZN11MarkerCheck8IsMarkerEs
 .text._ZN11TecPIDTrace4InitEv
                0x002072b0       0x20 build/Technic.o
                0x002072b0                _ZN11TecPIDTrace4InitEv
 .text._ZN11TecStraight4InitER9RobotInfo
                0x002072d0       0x14 build/Technic.o
                0x002072d0                _ZN11TecStraight4InitER9RobotInfo
 .text._ZN8TecMusic9note2freqEh
                0x002072e4       0xac build/Technic.o
                0x002072e4                _ZN8TecMusic9note2freqEh
 .text._ZN8TecMusic6PlayerEv
                0x00207390       0xa4 build/Technic.o
                0x00207390                _ZN8TecMusic6PlayerEv
 .text._ZN11TecPIDTrace8CalclateEssN7Technic9DIRECTIONEf
                0x00207434      0x110 build/Technic.o
                0x00207434                _ZN11TecPIDTrace8CalclateEssN7Technic9DIRECTIONEf
 .text._ZN11TecPIDTrace9Calclate2EssN7Technic9DIRECTIONEf
                0x00207544      0x110 build/Technic.o
                0x00207544                _ZN11TecPIDTrace9Calclate2EssN7Technic9DIRECTIONEf
 .text._ZN11TecStraight8CalclateEsss
                0x00207654       0x48 build/Technic.o
                0x00207654                _ZN11TecStraight8CalclateEsss
 .text._ZN8TecMusic8InstanceEv
                0x0020769c       0x20 build/Technic.o
                0x0020769c                _ZN8TecMusic8InstanceEv
 .text._Z17pid_calc_rotationffffffPf
                0x002076bc       0x60 build/PIDController.o
                0x002076bc                _Z17pid_calc_rotationffffffPf
 .text._Z17pid_calc_rotationP8PIDParamfffPf
                0x0020771c       0x28 build/PIDController.o
                0x0020771c                _Z17pid_calc_rotationP8PIDParamfffPf
 .text._ZN7ecrobot9BluetoothC1Ev
                0x00207744       0x18 /home/nxtOSEK/ecrobot/../ecrobot/libecrobot++.a(Bluetooth.o)
                0x00207744                _ZN7ecrobot9BluetoothC1Ev
 .text._ZN7ecrobot9Bluetooth17waitForConnectionEPKcm
                0x0020775c       0x4c /home/nxtOSEK/ecrobot/../ecrobot/libecrobot++.a(Bluetooth.o)
                0x0020775c                _ZN7ecrobot9Bluetooth17waitForConnectionEPKcm
 .text._ZN7ecrobot9Bluetooth23cancelWaitForConnectionEv
                0x002077a8        0x8 /home/nxtOSEK/ecrobot/../ecrobot/libecrobot++.a(Bluetooth.o)
                0x002077a8                _ZN7ecrobot9Bluetooth23cancelWaitForConnectionEv
 .text._ZNK7ecrobot9Bluetooth16getDeviceAddressEPh
                0x002077b0       0x14 /home/nxtOSEK/ecrobot/../ecrobot/libecrobot++.a(Bluetooth.o)
                0x002077b0                _ZNK7ecrobot9Bluetooth16getDeviceAddressEPh
 .text._ZNK7ecrobot9Bluetooth15getFriendlyNameEPc
                0x002077c4       0x14 /home/nxtOSEK/ecrobot/../ecrobot/libecrobot++.a(Bluetooth.o)
                0x002077c4                _ZNK7ecrobot9Bluetooth15getFriendlyNameEPc
 .text._ZN7ecrobot9Bluetooth15setFriendlyNameEPKc
                0x002077d8       0x14 /home/nxtOSEK/ecrobot/../ecrobot/libecrobot++.a(Bluetooth.o)
                0x002077d8                _ZN7ecrobot9Bluetooth15setFriendlyNameEPKc
 .text._ZNK7ecrobot9Bluetooth7receiveEPvmm
                0x002077ec       0x10 /home/nxtOSEK/ecrobot/../ecrobot/libecrobot++.a(Bluetooth.o)
                0x002077ec                _ZNK7ecrobot9Bluetooth7receiveEPvmm
 .text._ZN7ecrobot9Bluetooth5closeEv
                0x002077fc       0x14 /home/nxtOSEK/ecrobot/../ecrobot/libecrobot++.a(Bluetooth.o)
                0x002077fc                _ZN7ecrobot9Bluetooth5closeEv
 .text._ZN7ecrobot9BluetoothD1Ev
                0x00207810        0xc /home/nxtOSEK/ecrobot/../ecrobot/libecrobot++.a(Bluetooth.o)
                0x00207810                _ZN7ecrobot9BluetoothD1Ev
 .text._ZN7ecrobot5ClockC1Ev
                0x0020781c       0x10 /home/nxtOSEK/ecrobot/../ecrobot/libecrobot++.a(Clock.o)
                0x0020781c                _ZN7ecrobot5ClockC1Ev
 .text._ZNK7ecrobot5Clock3nowEv
                0x0020782c       0x14 /home/nxtOSEK/ecrobot/../ecrobot/libecrobot++.a(Clock.o)
                0x0020782c                _ZNK7ecrobot5Clock3nowEv
 .text._ZN7ecrobot5Clock5sleepEm
                0x00207840       0x10 /home/nxtOSEK/ecrobot/../ecrobot/libecrobot++.a(Clock.o)
                0x00207840                _ZN7ecrobot5Clock5sleepEm
 .text._ZN7ecrobot10GyroSensorC1E6ePortS
                0x00207850       0x38 /home/nxtOSEK/ecrobot/../ecrobot/libecrobot++.a(GyroSensor.o)
                0x00207850                _ZN7ecrobot10GyroSensorC1E6ePortS
 .text._ZN7ecrobot3I2cC2E6ePortS6ePower
                0x00207888       0x30 /home/nxtOSEK/ecrobot/../ecrobot/libecrobot++.a(I2c.o)
                0x00207888                _ZN7ecrobot3I2cC2E6ePortS6ePower
 .text._ZN7ecrobot3I2cD2Ev
                0x002078b8       0x20 /home/nxtOSEK/ecrobot/../ecrobot/libecrobot++.a(I2c.o)
                0x002078b8                _ZN7ecrobot3I2cD2Ev
 .text._ZN7ecrobot3I2cD1Ev
                0x002078d8       0x20 /home/nxtOSEK/ecrobot/../ecrobot/libecrobot++.a(I2c.o)
                0x002078d8                _ZN7ecrobot3I2cD1Ev
 .text._ZN7ecrobot3I2cD0Ev
                0x002078f8       0x28 /home/nxtOSEK/ecrobot/../ecrobot/libecrobot++.a(I2c.o)
                0x002078f8                _ZN7ecrobot3I2cD0Ev
 .text._ZNK7ecrobot3I2c7receiveEmPhm
                0x00207920       0x40 /home/nxtOSEK/ecrobot/../ecrobot/libecrobot++.a(I2c.o)
                0x00207920                _ZNK7ecrobot3I2c7receiveEmPhm
 .text._ZN7ecrobot3LcdC1Ev
                0x00207960        0x8 /home/nxtOSEK/ecrobot/../ecrobot/libecrobot++.a(Lcd.o)
                0x00207960                _ZN7ecrobot3LcdC1Ev
 .text._ZN7ecrobot3Lcd5clearEb
                0x00207968       0x20 /home/nxtOSEK/ecrobot/../ecrobot/libecrobot++.a(Lcd.o)
                0x00207968                _ZN7ecrobot3Lcd5clearEb
 .text._ZN7ecrobot3Lcd6cursorEmm
                0x00207988       0x20 /home/nxtOSEK/ecrobot/../ecrobot/libecrobot++.a(Lcd.o)
                0x00207988                _ZN7ecrobot3Lcd6cursorEmm
 .text._ZN7ecrobot3Lcd4putfEPKcz
                0x002079a8       0x98 /home/nxtOSEK/ecrobot/../ecrobot/libecrobot++.a(Lcd.o)
                0x002079a8                _ZN7ecrobot3Lcd4putfEPKcz
 .text._ZN7ecrobot3Lcd4dispEv
                0x00207a40        0xc /home/nxtOSEK/ecrobot/../ecrobot/libecrobot++.a(Lcd.o)
                0x00207a40                _ZN7ecrobot3Lcd4dispEv
 .text._ZN7ecrobot11LightSensorD0Ev
                0x00207a4c       0x30 /home/nxtOSEK/ecrobot/../ecrobot/libecrobot++.a(LightSensor.o)
                0x00207a4c                _ZN7ecrobot11LightSensorD0Ev
 .text._ZN7ecrobot11LightSensor7setLampEb
                0x00207a7c       0x1c /home/nxtOSEK/ecrobot/../ecrobot/libecrobot++.a(LightSensor.o)
                0x00207a7c                _ZN7ecrobot11LightSensor7setLampEb
 .text._ZN7ecrobot11LightSensorC1E6ePortSb
                0x00207a98       0x3c /home/nxtOSEK/ecrobot/../ecrobot/libecrobot++.a(LightSensor.o)
                0x00207a98                _ZN7ecrobot11LightSensorC1E6ePortSb
 .text._ZN7ecrobot11LightSensorD1Ev
                0x00207ad4       0x28 /home/nxtOSEK/ecrobot/../ecrobot/libecrobot++.a(LightSensor.o)
                0x00207ad4                _ZN7ecrobot11LightSensorD1Ev
 .text._ZN7ecrobot5MotorC1E6ePortMb
                0x00207afc       0x18 /home/nxtOSEK/ecrobot/../ecrobot/libecrobot++.a(Motor.o)
                0x00207afc                _ZN7ecrobot5MotorC1E6ePortMb
 .text._ZN7ecrobot5MotorD1Ev
                0x00207b14       0x10 /home/nxtOSEK/ecrobot/../ecrobot/libecrobot++.a(Motor.o)
                0x00207b14                _ZN7ecrobot5MotorD1Ev
 .text._ZN7ecrobot5Motor6setPWMEa
                0x00207b24       0x3c /home/nxtOSEK/ecrobot/../ecrobot/libecrobot++.a(Motor.o)
                0x00207b24                _ZN7ecrobot5Motor6setPWMEa
 .text._ZN7ecrobot3NxtC1Ev
                0x00207b60        0x4 /home/nxtOSEK/ecrobot/../ecrobot/libecrobot++.a(Nxt.o)
                0x00207b60                _ZN7ecrobot3NxtC1Ev
 .text._ZNK7ecrobot3Nxt9getBattMvEv
                0x00207b64       0x10 /home/nxtOSEK/ecrobot/../ecrobot/libecrobot++.a(Nxt.o)
                0x00207b64                _ZNK7ecrobot3Nxt9getBattMvEv
 .text._ZNK7ecrobot3Nxt10getButtonsEv
                0x00207b74       0x28 /home/nxtOSEK/ecrobot/../ecrobot/libecrobot++.a(Nxt.o)
                0x00207b74                _ZNK7ecrobot3Nxt10getButtonsEv
 .text._ZN7ecrobot11SonarSensorC1E6ePortS
                0x00207b9c       0x18 /home/nxtOSEK/ecrobot/../ecrobot/libecrobot++.a(SonarSensor.o)
                0x00207b9c                _ZN7ecrobot11SonarSensorC1E6ePortS
 .text._ZNK7ecrobot11SonarSensor11getDistanceEv
                0x00207bb4       0x1c /home/nxtOSEK/ecrobot/../ecrobot/libecrobot++.a(SonarSensor.o)
                0x00207bb4                _ZNK7ecrobot11SonarSensor11getDistanceEv
 .text._ZN7ecrobot7SpeakerC1Ev
                0x00207bd0        0x4 /home/nxtOSEK/ecrobot/../ecrobot/libecrobot++.a(Speaker.o)
                0x00207bd0                _ZN7ecrobot7SpeakerC1Ev
 .text._ZN7ecrobot7Speaker8playToneEmmm
                0x00207bd4       0x28 /home/nxtOSEK/ecrobot/../ecrobot/libecrobot++.a(Speaker.o)
                0x00207bd4                _ZN7ecrobot7Speaker8playToneEmmm
 .text._ZN7ecrobot11TouchSensorC1E6ePortS
                0x00207bfc       0x30 /home/nxtOSEK/ecrobot/../ecrobot/libecrobot++.a(TouchSensor.o)
                0x00207bfc                _ZN7ecrobot11TouchSensorC1E6ePortS
 .text._ZNK7ecrobot11TouchSensor9isPressedEv
                0x00207c2c       0x20 /home/nxtOSEK/ecrobot/../ecrobot/libecrobot++.a(TouchSensor.o)
                0x00207c2c                _ZNK7ecrobot11TouchSensor9isPressedEv
 .text._ZN7ecrobot12BTConnection7connectEPKcS2_
                0x00207c4c      0x174 /home/nxtOSEK/ecrobot/../ecrobot/libecrobot++.a(BTConnection.o)
                0x00207c4c                _ZN7ecrobot12BTConnection7connectEPKcS2_
 .text._ZN7ecrobot3DaqC1ERNS_9BluetoothE
                0x00207dc0        0x4 /home/nxtOSEK/ecrobot/../ecrobot/libecrobot++.a(Daq.o)
                0x00207dc0                _ZN7ecrobot3DaqC1ERNS_9BluetoothE
 .text._Znwm    0x00207dc4       0x10 /home/nxtOSEK/ecrobot/../ecrobot/libecrobot++.a(New.o)
                0x00207dc4                _Znwm
 .text._ZdlPv   0x00207dd4        0xc /home/nxtOSEK/ecrobot/../ecrobot/libecrobot++.a(New.o)
                0x00207dd4                _ZdlPv
 .text.ecrobot_device_initialize
                0x00207de0        0x4 /home/nxtOSEK/ecrobot/../ecrobot/libecrobot.a(ecrobot_device_hook.o)
                0x00207de0                ecrobot_device_initialize
 .text.ecrobot_device_terminate
                0x00207de4        0x4 /home/nxtOSEK/ecrobot/../ecrobot/libecrobot.a(ecrobot_device_hook.o)
                0x00207de4                ecrobot_device_terminate
 .text.ecrobot_get_battery_voltage
                0x00207de8        0xc /home/nxtOSEK/ecrobot/../ecrobot/libecrobot.a(ecrobot_interface.o)
                0x00207de8                ecrobot_get_battery_voltage
 .text.ecrobot_get_button_state
                0x00207df4        0xc /home/nxtOSEK/ecrobot/../ecrobot/libecrobot.a(ecrobot_interface.o)
                0x00207df4                ecrobot_get_button_state
 .text.ecrobot_init_nxtstate
                0x00207e00       0x28 /home/nxtOSEK/ecrobot/../ecrobot/libecrobot.a(ecrobot_interface.o)
                0x00207e00                ecrobot_init_nxtstate
 .text.ecrobot_poll_nxtstate
                0x00207e28       0x64 /home/nxtOSEK/ecrobot/../ecrobot/libecrobot.a(ecrobot_interface.o)
                0x00207e28                ecrobot_poll_nxtstate
 .text.ecrobot_setDeviceInitialized
                0x00207e8c       0x18 /home/nxtOSEK/ecrobot/../ecrobot/libecrobot.a(ecrobot_interface.o)
                0x00207e8c                ecrobot_setDeviceInitialized
 .text.ecrobot_initDeviceStatus
                0x00207ea4        0xc /home/nxtOSEK/ecrobot/../ecrobot/libecrobot.a(ecrobot_interface.o)
                0x00207ea4                ecrobot_initDeviceStatus
 .text.ecrobot_bmp2lcd
                0x00207eb0      0x1c8 /home/nxtOSEK/ecrobot/../ecrobot/libecrobot.a(ecrobot_interface.o)
                0x00207eb0                ecrobot_bmp2lcd
 .text.ecrobot_sound_tone
                0x00208078        0xc /home/nxtOSEK/ecrobot/../ecrobot/libecrobot.a(ecrobot_interface.o)
                0x00208078                ecrobot_sound_tone
 .text.ecrobot_is_ENTER_button_pressed
                0x00208084       0x10 /home/nxtOSEK/ecrobot/../ecrobot/libecrobot.a(ecrobot_interface.o)
                0x00208084                ecrobot_is_ENTER_button_pressed
 .text.ecrobot_is_RUN_button_pressed
                0x00208094       0x10 /home/nxtOSEK/ecrobot/../ecrobot/libecrobot.a(ecrobot_interface.o)
                0x00208094                ecrobot_is_RUN_button_pressed
 .text.StartupHook
                0x002080a4        0x4 /home/nxtOSEK/ecrobot/../ecrobot/libecrobot.a(osek_hook.o)
                0x002080a4                StartupHook
 .text.PreTaskHook
                0x002080a8        0x4 /home/nxtOSEK/ecrobot/../ecrobot/libecrobot.a(osek_hook.o)
                0x002080a8                PreTaskHook
 .text.PostTaskHook
                0x002080ac        0x4 /home/nxtOSEK/ecrobot/../ecrobot/libecrobot.a(osek_hook.o)
                0x002080ac                PostTaskHook
 .text.ErrorHook
                0x002080b0        0x4 /home/nxtOSEK/ecrobot/../ecrobot/libecrobot.a(osek_hook.o)
                0x002080b0                ErrorHook
 .text.ShutdownHook
                0x002080b4        0x4 /home/nxtOSEK/ecrobot/../ecrobot/libecrobot.a(osek_hook.o)
                0x002080b4                ShutdownHook
 .text.balance_control
                0x002080b8      0x254 /home/nxtOSEK/ecrobot/../ecrobot/libnxtway_gs_balancer.a(balancer.o)
                0x002080b8                balance_control
 .text.balance_init
                0x0020830c       0x30 /home/nxtOSEK/ecrobot/../ecrobot/libnxtway_gs_balancer.a(balancer.o)
                0x0020830c                balance_init
 .text          0x0020833c       0xb8 /home/GNUARM/bin/../lib/gcc/arm-elf/4.0.2/../../../../arm-elf/lib/thumb/interwork/libm.a(s_cos.o)
                0x0020833c                cos
 .text          0x002083f4       0xbc /home/GNUARM/bin/../lib/gcc/arm-elf/4.0.2/../../../../arm-elf/lib/thumb/interwork/libm.a(s_sin.o)
                0x002083f4                sin
 .text          0x002084b0       0xc4 /home/GNUARM/bin/../lib/gcc/arm-elf/4.0.2/../../../../arm-elf/lib/thumb/interwork/libm.a(w_sqrt.o)
                0x002084b0                sqrt
 .text          0x00208574      0x434 /home/GNUARM/bin/../lib/gcc/arm-elf/4.0.2/../../../../arm-elf/lib/thumb/interwork/libm.a(e_rem_pio2.o)
                0x00208574                __ieee754_rem_pio2
 .text          0x002089a8      0x1e8 /home/GNUARM/bin/../lib/gcc/arm-elf/4.0.2/../../../../arm-elf/lib/thumb/interwork/libm.a(e_sqrt.o)
                0x002089a8                __ieee754_sqrt
 .text          0x00208b90      0x20c /home/GNUARM/bin/../lib/gcc/arm-elf/4.0.2/../../../../arm-elf/lib/thumb/interwork/libm.a(k_cos.o)
                0x00208b90                __kernel_cos
 .text          0x00208d9c      0x8d8 /home/GNUARM/bin/../lib/gcc/arm-elf/4.0.2/../../../../arm-elf/lib/thumb/interwork/libm.a(k_rem_pio2.o)
                0x00208d9c                __kernel_rem_pio2
 .text          0x00209674      0x180 /home/GNUARM/bin/../lib/gcc/arm-elf/4.0.2/../../../../arm-elf/lib/thumb/interwork/libm.a(k_sin.o)
                0x00209674                __kernel_sin
 .text          0x002097f4       0x14 /home/GNUARM/bin/../lib/gcc/arm-elf/4.0.2/../../../../arm-elf/lib/thumb/interwork/libm.a(s_fabs.o)
                0x002097f4                fabs
 .text          0x00209808      0x16c /home/GNUARM/bin/../lib/gcc/arm-elf/4.0.2/../../../../arm-elf/lib/thumb/interwork/libm.a(s_floor.o)
                0x00209808                floor
 .text          0x00209974       0x1c /home/GNUARM/bin/../lib/gcc/arm-elf/4.0.2/../../../../arm-elf/lib/thumb/interwork/libm.a(s_isnan.o)
                0x00209974                isnan
 .text          0x00209990        0x4 /home/GNUARM/bin/../lib/gcc/arm-elf/4.0.2/../../../../arm-elf/lib/thumb/interwork/libm.a(s_matherr.o)
                0x00209990                matherr
 .text          0x00209994      0x130 /home/GNUARM/bin/../lib/gcc/arm-elf/4.0.2/../../../../arm-elf/lib/thumb/interwork/libm.a(s_scalbn.o)
                0x00209994                scalbn
 .text          0x00209ac4       0x24 /home/GNUARM/bin/../lib/gcc/arm-elf/4.0.2/../../../../arm-elf/lib/thumb/interwork/libm.a(s_copysign.o)
                0x00209ac4                copysign
 .text          0x00209ae8       0x8c /home/GNUARM/bin/../lib/gcc/arm-elf/4.0.2/thumb/interwork/libgcc.a(_udivsi3.o)
                0x00209ae8                __udivsi3
                0x00209b64                __aeabi_uidivmod
 .text          0x00209b74       0xa4 /home/GNUARM/bin/../lib/gcc/arm-elf/4.0.2/thumb/interwork/libgcc.a(_divsi3.o)
                0x00209b74                __divsi3
                0x00209c08                __aeabi_idivmod
 .text          0x00209c18       0xc8 /home/GNUARM/bin/../lib/gcc/arm-elf/4.0.2/thumb/interwork/libgcc.a(_umodsi3.o)
                0x00209c18                __umodsi3
 .text          0x00209ce0       0xd8 /home/GNUARM/bin/../lib/gcc/arm-elf/4.0.2/thumb/interwork/libgcc.a(_modsi3.o)
                0x00209ce0                __modsi3
 .text          0x00209db8        0x4 /home/GNUARM/bin/../lib/gcc/arm-elf/4.0.2/thumb/interwork/libgcc.a(_dvmd_tls.o)
                0x00209db8                __aeabi_ldiv0
                0x00209db8                __div0
                0x00209db8                __aeabi_idiv0
 .text          0x00209dbc      0x430 /home/GNUARM/bin/../lib/gcc/arm-elf/4.0.2/thumb/interwork/libgcc.a(_addsubdf3.o)
                0x0020a180                __floatdidf
                0x0020a100                __floatsidf
                0x0020a0d8                __aeabi_ui2d
                0x00209dbc                __aeabi_drsub
                0x0020a12c                __extendsfdf2
                0x00209dc8                __adddf3
                0x0020a0d8                __floatunsidf
                0x00209dc8                __aeabi_dadd
                0x0020a16c                __aeabi_ul2d
                0x00209dc4                __aeabi_dsub
                0x0020a16c                __floatundidf
                0x0020a100                __aeabi_i2d
                0x0020a180                __aeabi_l2d
                0x0020a12c                __aeabi_f2d
                0x00209dc4                __subdf3
 .text          0x0020a1ec      0x49c /home/GNUARM/bin/../lib/gcc/arm-elf/4.0.2/thumb/interwork/libgcc.a(_muldivdf3.o)
                0x0020a47c                __aeabi_ddiv
                0x0020a1ec                __aeabi_dmul
                0x0020a47c                __divdf3
                0x0020a1ec                __muldf3
 .text          0x0020a688      0x140 /home/GNUARM/bin/../lib/gcc/arm-elf/4.0.2/thumb/interwork/libgcc.a(_cmpdf2.o)
                0x0020a780                __aeabi_dcmple
                0x0020a698                __cmpdf2
                0x0020a698                __eqdf2
                0x0020a688                __gtdf2
                0x0020a738                __aeabi_cdcmple
                0x0020a71c                __aeabi_cdrcmple
                0x0020a690                __ltdf2
                0x0020a768                __aeabi_dcmplt
                0x0020a690                __ledf2
                0x0020a7b0                __aeabi_dcmpgt
                0x0020a798                __aeabi_dcmpge
                0x0020a698                __nedf2
                0x0020a750                __aeabi_dcmpeq
                0x0020a738                __aeabi_cdcmpeq
                0x0020a688                __gedf2
 .text          0x0020a7c8       0x5c /home/GNUARM/bin/../lib/gcc/arm-elf/4.0.2/thumb/interwork/libgcc.a(_fixdfsi.o)
                0x0020a7c8                __fixdfsi
                0x0020a7c8                __aeabi_d2iz
 .text          0x0020a824       0xa0 /home/GNUARM/bin/../lib/gcc/arm-elf/4.0.2/thumb/interwork/libgcc.a(_truncdfsf2.o)
                0x0020a824                __aeabi_d2f
                0x0020a824                __truncdfsf2
 .text          0x0020a8c4      0x2ac /home/GNUARM/bin/../lib/gcc/arm-elf/4.0.2/thumb/interwork/libgcc.a(_addsubsf3.o)
                0x0020a8d0                __aeabi_fadd
                0x0020a8cc                __subsf3
                0x0020aa94                __aeabi_i2f
                0x0020a8cc                __aeabi_fsub
                0x0020aac4                __floatdisf
                0x0020aa94                __floatsisf
                0x0020aab4                __floatundisf
                0x0020aa8c                __aeabi_ui2f
                0x0020aac4                __aeabi_l2f
                0x0020aab4                __aeabi_ul2f
                0x0020a8c4                __aeabi_frsub
                0x0020aa8c                __floatunsisf
                0x0020a8d0                __addsf3
 .text          0x0020ab70      0x2f8 /home/GNUARM/bin/../lib/gcc/arm-elf/4.0.2/thumb/interwork/libgcc.a(_muldivsf3.o)
                0x0020ad08                __divsf3
                0x0020ad08                __aeabi_fdiv
                0x0020ab70                __mulsf3
                0x0020ab70                __aeabi_fmul
 .text          0x0020ae68      0x110 /home/GNUARM/bin/../lib/gcc/arm-elf/4.0.2/thumb/interwork/libgcc.a(_cmpsf2.o)
                0x0020af60                __aeabi_fcmpgt
                0x0020ae70                __lesf2
                0x0020ae78                __nesf2
                0x0020af48                __aeabi_fcmpge
                0x0020ae68                __gtsf2
                0x0020af30                __aeabi_fcmple
                0x0020ae78                __eqsf2
                0x0020ae78                __cmpsf2
                0x0020ae70                __ltsf2
                0x0020aee8                __aeabi_cfcmple
                0x0020ae68                __gesf2
                0x0020af00                __aeabi_fcmpeq
                0x0020aed8                __aeabi_cfrcmple
                0x0020af18                __aeabi_fcmplt
                0x0020aee8                __aeabi_cfcmpeq
 .text          0x0020af78       0x5c /home/GNUARM/bin/../lib/gcc/arm-elf/4.0.2/thumb/interwork/libgcc.a(_fixsfsi.o)
                0x0020af78                __fixsfsi
                0x0020af78                __aeabi_f2iz
 .text          0x0020afd4        0xc /home/GNUARM/bin/../lib/gcc/arm-elf/4.0.2/../../../../arm-elf/lib/thumb/interwork/libc.a(errno.o)
                0x0020afd4                __errno
 .text          0x0020afe0       0x28 /home/GNUARM/bin/../lib/gcc/arm-elf/4.0.2/../../../../arm-elf/lib/thumb/interwork/libc.a(malloc.o)
                0x0020afe0                malloc
                0x0020aff4                free
 .text          0x0020b008      0x548 /home/GNUARM/bin/../lib/gcc/arm-elf/4.0.2/../../../../arm-elf/lib/thumb/interwork/libc.a(mallocr.o)
                0x0020b008                _malloc_r
 .text          0x0020b550       0x68 /home/GNUARM/bin/../lib/gcc/arm-elf/4.0.2/../../../../arm-elf/lib/thumb/interwork/libc.a(memcpy.o)
                0x0020b550                memcpy
 .text          0x0020b5b8       0x68 /home/GNUARM/bin/../lib/gcc/arm-elf/4.0.2/../../../../arm-elf/lib/thumb/interwork/libc.a(memset.o)
                0x0020b5b8                memset
 .text          0x0020b620        0x8 /home/GNUARM/bin/../lib/gcc/arm-elf/4.0.2/../../../../arm-elf/lib/thumb/interwork/libc.a(mlock.o)
                0x0020b624                __malloc_unlock
                0x0020b620                __malloc_lock
 .text          0x0020b628       0x60 /home/GNUARM/bin/../lib/gcc/arm-elf/4.0.2/../../../../arm-elf/lib/thumb/interwork/libc.a(strcpy.o)
                0x0020b628                strcpy
 .text          0x0020b688       0x48 /home/GNUARM/bin/../lib/gcc/arm-elf/4.0.2/../../../../arm-elf/lib/thumb/interwork/libc.a(strlen.o)
                0x0020b688                strlen
 .text          0x0020b6d0       0x84 /home/GNUARM/bin/../lib/gcc/arm-elf/4.0.2/../../../../arm-elf/lib/thumb/interwork/libc.a(strncpy.o)
                0x0020b6d0                strncpy
 .text          0x0020b754      0x260 /home/GNUARM/bin/../lib/gcc/arm-elf/4.0.2/../../../../arm-elf/lib/thumb/interwork/libc.a(freer.o)
                0x0020b7f4                _free_r
                0x0020b754                _malloc_trim_r
 .glue_7        0x0020b9b4       0x30 /home/GNUARM/bin/../lib/gcc/arm-elf/4.0.2/../../../../arm-elf/lib/thumb/interwork/libc.a(freer.o)
                0x0020b9cc                __call_posttaskhook_from_arm
                0x0020b9b5                __ecrobot_debug1_from_arm
                0x0020b9c1                __ecrobot_debug2_from_arm
                0x0020b9d8                __call_pretaskhook_from_arm
 .glue_7t       0x0020b9e4      0x100 /home/GNUARM/bin/../lib/gcc/arm-elf/4.0.2/../../../../arm-elf/lib/thumb/interwork/libc.a(freer.o)
                0x0020ba10                __start_change_to_arm
                0x0020babc                __interrupts_get_and_disable_from_thumb
                0x0020bad4                ____lesf2_from_thumb
                0x0020bab4                ____gtdf2_from_thumb
                0x0020ba04                __exit_and_dispatch_from_thumb
                0x0020ba7c                ____divsf3_from_thumb
                0x0020ba78                ____gesf2_change_to_arm
                0x0020ba64                ____subdf3_from_thumb
                0x0020ba90                ____ltdf2_change_to_arm
                0x0020ba48                ____fixsfsi_change_to_arm
                0x0020bab0                ____eqsf2_change_to_arm
                0x0020baa8                ____addsf3_change_to_arm
                0x0020ba68                ____subdf3_change_to_arm
                0x0020ba44                ____fixsfsi_from_thumb
                0x0020ba24                ____floatsisf_from_thumb
                0x0020ba14                ____extendsfdf2_from_thumb
                0x0020ba98                ____gedf2_change_to_arm
                0x0020ba08                __exit_and_dispatch_change_to_arm
                0x0020badc                ____eqdf2_from_thumb
                0x0020b9e4                __disable_int_from_thumb
                0x0020ba74                ____gesf2_from_thumb
                0x0020b9fc                __start_dispatch_from_thumb
                0x0020ba3c                ____ltsf2_from_thumb
                0x0020ba1c                ____fixdfsi_from_thumb
                0x0020ba60                ____divdf3_change_to_arm
                0x0020bad8                ____lesf2_change_to_arm
                0x0020ba94                ____gedf2_from_thumb
                0x0020ba0c                __start_from_thumb
                0x0020ba54                ____truncdfsf2_from_thumb
                0x0020ba50                ____muldf3_change_to_arm
                0x0020ba80                ____divsf3_change_to_arm
                0x0020ba20                ____fixdfsi_change_to_arm
                0x0020ba5c                ____divdf3_from_thumb
                0x0020b9ec                __enable_int_from_thumb
                0x0020b9f4                __dispatch_from_thumb
                0x0020bac8                __interrupts_enable_change_to_arm
                0x0020ba34                ____gtsf2_from_thumb
                0x0020bac0                __interrupts_get_and_disable_change_to_arm
                0x0020b9f8                __dispatch_change_to_arm
                0x0020ba30                ____mulsf3_change_to_arm
                0x0020ba70                ____adddf3_change_to_arm
                0x0020bab8                ____gtdf2_change_to_arm
                0x0020ba58                ____truncdfsf2_change_to_arm
                0x0020ba18                ____extendsfdf2_change_to_arm
                0x0020ba84                ____floatsidf_from_thumb
                0x0020ba8c                ____ltdf2_from_thumb
                0x0020ba28                ____floatsisf_change_to_arm
                0x0020bacd                __display_bios_status_from_thumb
                0x0020ba9c                ____subsf3_from_thumb
                0x0020ba6c                ____adddf3_from_thumb
                0x0020ba38                ____gtsf2_change_to_arm
                0x0020bae0                ____eqdf2_change_to_arm
                0x0020b9e8                __disable_int_change_to_arm
                0x0020ba40                ____ltsf2_change_to_arm
                0x0020ba2c                ____mulsf3_from_thumb
                0x0020baa4                ____addsf3_from_thumb
                0x0020ba4c                ____muldf3_from_thumb
                0x0020baad                ____eqsf2_from_thumb
                0x0020baa0                ____subsf3_change_to_arm
                0x0020b9f0                __enable_int_change_to_arm
                0x0020ba88                ____floatsidf_change_to_arm
                0x0020bac4                __interrupts_enable_from_thumb
                0x0020bad0                __display_bios_status_change_to_arm
                0x0020ba00                __start_dispatch_change_to_arm
                0x0020baf0                . = ALIGN (0x10)
 *fill*         0x0020bae4        0xc 00
 *(*.rodata *.rodata.*)
 .rodata.search_table.966
                0x0020baf0        0xf build/kernel/task.o
 *fill*         0x0020baff        0x1 00
 .rodata.EventSleep
                0x0020bb00        0x4 build/./kernel_cfg.o
                0x0020bb00                EventSleep
 .rodata.EventSleepI2C
                0x0020bb04        0x4 build/./kernel_cfg.o
                0x0020bb04                EventSleepI2C
 .rodata.EventDrive
                0x0020bb08        0x4 build/./kernel_cfg.o
                0x0020bb08                EventDrive
 .rodata.alminib_cycle
                0x0020bb0c        0x4 build/./kernel_cfg.o
                0x0020bb0c                alminib_cycle
 .rodata.alminib_almval
                0x0020bb10        0x4 build/./kernel_cfg.o
                0x0020bb10                alminib_almval
 .rodata.alminib_autosta
                0x0020bb14        0x1 build/./kernel_cfg.o
                0x0020bb14                alminib_autosta
 *fill*         0x0020bb15        0x3 00
 .rodata.alminib_cback
                0x0020bb18        0x4 build/./kernel_cfg.o
                0x0020bb18                alminib_cback
 .rodata.alminib_cntid
                0x0020bb1c        0x1 build/./kernel_cfg.o
                0x0020bb1c                alminib_cntid
 .rodata.Alarm4msec
                0x0020bb1d        0x1 build/./kernel_cfg.o
                0x0020bb1d                Alarm4msec
 *fill*         0x0020bb1e        0x2 00
 .rodata.cntinib_mincyc
                0x0020bb20        0x4 build/./kernel_cfg.o
                0x0020bb20                cntinib_mincyc
 .rodata.cntinib_tickbase
                0x0020bb24        0x4 build/./kernel_cfg.o
                0x0020bb24                cntinib_tickbase
 .rodata.cntinib_maxval2
                0x0020bb28        0x4 build/./kernel_cfg.o
                0x0020bb28                cntinib_maxval2
 .rodata.cntinib_maxval
                0x0020bb2c        0x4 build/./kernel_cfg.o
                0x0020bb2c                cntinib_maxval
 .rodata.SysTimerCnt
                0x0020bb30        0x1 build/./kernel_cfg.o
                0x0020bb30                SysTimerCnt
 *fill*         0x0020bb31        0x1 00
 .rodata.tinib_stksz
                0x0020bb32        0x4 build/./kernel_cfg.o
                0x0020bb32                tinib_stksz
 *fill*         0x0020bb36        0x2 00
 .rodata.tinib_stk
                0x0020bb38        0x8 build/./kernel_cfg.o
                0x0020bb38                tinib_stk
 .rodata.tinib_task
                0x0020bb40        0x8 build/./kernel_cfg.o
                0x0020bb40                tinib_task
 .rodata.tinib_autoact
                0x0020bb48        0x2 build/./kernel_cfg.o
                0x0020bb48                tinib_autoact
 .rodata.tinib_exepri
                0x0020bb4a        0x2 build/./kernel_cfg.o
                0x0020bb4a                tinib_exepri
 .rodata.tinib_inipri
                0x0020bb4c        0x2 build/./kernel_cfg.o
                0x0020bb4c                tinib_inipri
 .rodata.tnum_exttask
                0x0020bb4e        0x1 build/./kernel_cfg.o
                0x0020bb4e                tnum_exttask
 .rodata.tnum_task
                0x0020bb4f        0x1 build/./kernel_cfg.o
                0x0020bb4f                tnum_task
 .rodata.tnum_resource
                0x0020bb50        0x1 build/./kernel_cfg.o
                0x0020bb50                tnum_resource
 .rodata.tnum_counter
                0x0020bb51        0x1 build/./kernel_cfg.o
                0x0020bb51                tnum_counter
 .rodata.tnum_alarm
                0x0020bb52        0x1 build/./kernel_cfg.o
                0x0020bb52                tnum_alarm
 *fill*         0x0020bb53        0x1 00
 .rodata.exec_addr
                0x0020bb54        0x4 build/ecrobot_base.o
                0x0020bb54                exec_addr
 .rodata.str1.4
                0x0020bb58       0x80 build/ecrobot_base.o
 .rodata.BATTERY_OFFSET
                0x0020bbd8        0x4 build/balancer_param.o
                0x0020bbd8                BATTERY_OFFSET
 .rodata.BATTERY_GAIN
                0x0020bbdc        0x4 build/balancer_param.o
                0x0020bbdc                BATTERY_GAIN
 .rodata.BT_PASS_KEY
                0x0020bbe0        0x8 build/Robot.o
 .rodata.str1.4
                0x0020bbe8       0x24 build/Robot.o
                                 0x28 (size before relaxing)
 .rodata.str1.4
                0x0020bc0c       0xf3 build/Driver.o
                                 0xf8 (size before relaxing)
 *fill*         0x0020bcff        0x1 00
 .rodata.str1.4
                0x0020bd00        0x8 build/Mission.o
 .rodata.str1.4
                0x0020bd08        0xa /home/nxtOSEK/ecrobot/../ecrobot/libecrobot++.a(Bluetooth.o)
                                  0xc (size before relaxing)
 *fill*         0x0020bd12        0x2 00
 .rodata.str1.4
                0x0020bd14        0xe /home/nxtOSEK/ecrobot/../ecrobot/libecrobot++.a(GyroSensor.o)
                                 0x10 (size before relaxing)
 *fill*         0x0020bd22        0x2 00
 .rodata.str1.4
                0x0020bd24        0xb /home/nxtOSEK/ecrobot/../ecrobot/libecrobot++.a(I2c.o)
                                  0xc (size before relaxing)
 .rodata.str1.4
                0x0020bd2f        0x0 /home/nxtOSEK/ecrobot/../ecrobot/libecrobot++.a(LightSensor.o)
                                 0x10 (size before relaxing)
 *fill*         0x0020bd2f        0x1 00
 .rodata.str1.4
                0x0020bd30        0xd /home/nxtOSEK/ecrobot/../ecrobot/libecrobot++.a(Motor.o)
                                 0x10 (size before relaxing)
 .rodata.str1.4
                0x0020bd3d        0x0 /home/nxtOSEK/ecrobot/../ecrobot/libecrobot++.a(TouchSensor.o)
                                 0x10 (size before relaxing)
 *fill*         0x0020bd3d        0x3 00
 .rodata.str1.4
                0x0020bd40       0x7d /home/nxtOSEK/ecrobot/../ecrobot/libecrobot++.a(BTConnection.o)
                                 0xc0 (size before relaxing)
 *fill*         0x0020bdbd        0x3 00
 .rodata.str1.4
                0x0020bdc0        0x5 /home/GNUARM/bin/../lib/gcc/arm-elf/4.0.2/../../../../arm-elf/lib/thumb/interwork/libm.a(w_sqrt.o)
                                  0x8 (size before relaxing)
 *fill*         0x0020bdc5        0x3 00
 .rodata        0x0020bdc8      0x188 /home/GNUARM/bin/../lib/gcc/arm-elf/4.0.2/../../../../arm-elf/lib/thumb/interwork/libm.a(e_rem_pio2.o)
 .rodata        0x0020bf50       0x50 /home/GNUARM/bin/../lib/gcc/arm-elf/4.0.2/../../../../arm-elf/lib/thumb/interwork/libm.a(k_rem_pio2.o)
 .rodata        0x0020bfa0        0x4 /home/GNUARM/bin/../lib/gcc/arm-elf/4.0.2/../../../../arm-elf/lib/thumb/interwork/libm.a(s_lib_ver.o)
                0x0020bfa0                __fdlib_version
 .rodata.str1.4
                0x0020bfa4        0x2 /home/GNUARM/bin/../lib/gcc/arm-elf/4.0.2/../../../../arm-elf/lib/thumb/interwork/libc.a(impure.o)
                                  0x4 (size before relaxing)
                0x0020bfb0                . = ALIGN (0x10)
 *fill*         0x0020bfa6        0xa 00
 *(*.gnu.linkonce.* .gcc_except_table)
 .gnu.linkonce.r._ZTVN7ecrobot10GyroSensorE
                0x0020bfb0       0x10 build/Robot.o
                0x0020bfb0                _ZTVN7ecrobot10GyroSensorE
 .gnu.linkonce.r._ZTVN7ecrobot6SensorE
                0x0020bfc0       0x10 build/Robot.o
                0x0020bfc0                _ZTVN7ecrobot6SensorE
 .gnu.linkonce.r._ZTVN7ecrobot11SonarSensorE
                0x0020bfd0       0x10 build/Robot.o
                0x0020bfd0                _ZTVN7ecrobot11SonarSensorE
 .gnu.linkonce.r._ZTVN7ecrobot11TouchSensorE
                0x0020bfe0       0x10 build/Robot.o
                0x0020bfe0                _ZTVN7ecrobot11TouchSensorE
 .gnu.linkonce.t._ZN7ecrobot6SensorD1Ev
                0x0020bff0       0x18 build/Robot.o
                0x0020bff0                _ZN7ecrobot6SensorD1Ev
 .gnu.linkonce.t._ZN7ecrobot6SensorD0Ev
                0x0020c008       0x20 build/Robot.o
                0x0020c008                _ZN7ecrobot6SensorD0Ev
 .gnu.linkonce.t._ZN7ecrobot10GyroSensorD1Ev
                0x0020c028       0x18 build/Robot.o
                0x0020c028                _ZN7ecrobot10GyroSensorD1Ev
 .gnu.linkonce.t._ZN7ecrobot11SonarSensorD1Ev
                0x0020c040       0x14 build/Robot.o
                0x0020c040                _ZN7ecrobot11SonarSensorD1Ev
 .gnu.linkonce.t._ZN7ecrobot11SonarSensorD0Ev
                0x0020c054       0x1c build/Robot.o
                0x0020c054                _ZN7ecrobot11SonarSensorD0Ev
 .gnu.linkonce.t._ZN7ecrobot11TouchSensorD0Ev
                0x0020c070       0x20 build/Robot.o
                0x0020c070                _ZN7ecrobot11TouchSensorD0Ev
 .gnu.linkonce.t._ZN7ecrobot11TouchSensorD1Ev
                0x0020c090       0x18 build/Robot.o
                0x0020c090                _ZN7ecrobot11TouchSensorD1Ev
 .gnu.linkonce.t._ZN7ecrobot10GyroSensorD0Ev
                0x0020c0a8       0x20 build/Robot.o
                0x0020c0a8                _ZN7ecrobot10GyroSensorD0Ev
 .gnu.linkonce.r._ZTV6Driver
                0x0020c0c8       0x14 build/Driver.o
                0x0020c0c8                _ZTV6Driver
 .gnu.linkonce.r._ZTV13RobotObserver
                0x0020c0dc       0x14 build/Driver.o
                0x0020c0dc                _ZTV13RobotObserver
 .gnu.linkonce.r._ZTV13MissionKaidan
                0x0020c0f0       0x1c build/Driver.o
                0x0020c0f0                _ZTV13MissionKaidan
 .gnu.linkonce.t._ZN13RobotObserverD1Ev
                0x0020c10c        0xc build/Driver.o
                0x0020c10c                _ZN13RobotObserverD1Ev
 .gnu.linkonce.t._ZN13RobotObserverD0Ev
                0x0020c118       0x14 build/Driver.o
                0x0020c118                _ZN13RobotObserverD0Ev
 .gnu.linkonce.t._ZN13RobotObserver6NotifyEN5Robot10RobotEventE
                0x0020c12c        0x4 build/Driver.o
                0x0020c12c                _ZN13RobotObserver6NotifyEN5Robot10RobotEventE
 .gnu.linkonce.t._ZN13MissionKaidan4NameEv
                0x0020c130        0x8 build/Driver.o
                0x0020c130                _ZN13MissionKaidan4NameEv
 .gnu.linkonce.t._ZN13MissionKaidanD1Ev
                0x0020c138       0x14 build/Driver.o
                0x0020c138                _ZN13MissionKaidanD1Ev
 .gnu.linkonce.t._ZN13MissionKaidanD0Ev
                0x0020c14c       0x1c build/Driver.o
                0x0020c14c                _ZN13MissionKaidanD0Ev
 .gnu.linkonce.t._ZN13MissionKaidan4InitE9RobotInfo7NavInfo
                0x0020c168       0x44 build/Driver.o
                0x0020c168                _ZN13MissionKaidan4InitE9RobotInfo7NavInfo
 .gnu.linkonce.t._ZN13MissionKaidan3RunE9RobotInfo7NavInfo9EventFlagR8RobotCmd
                0x0020c1ac      0x5b4 build/Driver.o
                0x0020c1ac                _ZN13MissionKaidan3RunE9RobotInfo7NavInfo9EventFlagR8RobotCmd
 .gnu.linkonce.r._ZN13MissionKaidan3RunE9RobotInfo7NavInfo9EventFlagR8RobotCmd
                0x0020c760       0x30 build/Driver.o
 .gnu.linkonce.r._ZTV7Mission
                0x0020c790       0x1c build/Mission.o
                0x0020c790                _ZTV7Mission
 .gnu.linkonce.r._ZTVN7ecrobot3I2cE
                0x0020c7ac       0x10 /home/nxtOSEK/ecrobot/../ecrobot/libecrobot++.a(I2c.o)
                0x0020c7ac                _ZTVN7ecrobot3I2cE
 .gnu.linkonce.r._ZTVN7ecrobot11LightSensorE
                0x0020c7bc       0x10 /home/nxtOSEK/ecrobot/../ecrobot/libecrobot++.a(LightSensor.o)
                0x0020c7bc                _ZTVN7ecrobot11LightSensorE
                0x0020c7d0                . = ALIGN (0x10)
 *fill*         0x0020c7cc        0x4 00

.tors           0x0020c7d0       0x20
                0x0020c7d0                . = ALIGN (0x10)
                0x0020c7d0                __ctor_begin = .
 *(*.ctors*)
 .ctors         0x0020c7d0        0x4 build/Utils.o
 .ctors         0x0020c7d4        0x4 build/Robot.o
 .ctors         0x0020c7d8        0x4 build/Driver.o
                0x0020c7dc                __ctor_end = .
                0x0020c7e0                . = ALIGN (0x10)
 *fill*         0x0020c7dc        0x4 00
                0x0020c7e0                __dtor_begin = .
 *(*.dtors*)
 .dtors         0x0020c7e0        0x4 build/Robot.o
                0x0020c7e4                __dtor_end = .
                0x0020c7f0                . = ALIGN (0x10)
 *fill*         0x0020c7e4        0xc 00

.bss            0x0020c7f0     0x1f34
 *(*.bss *.bss.*)
 .bss.ready_primap
                0x0020c7f0        0x2 build/kernel/task.o
 .bss.ready_queue_last
                0x0020c7f2       0x10 build/kernel/task.o
 .bss.ready_queue_first
                0x0020c802       0x10 build/kernel/task.o
 *fill*         0x0020c812        0x2 00
 .bss._stack_TaskRobot
                0x0020c814      0x400 build/./kernel_cfg.o
 .bss._stack_TaskDrive
                0x0020cc14      0x880 build/./kernel_cfg.o
 .bss.sleepTaskCounter
                0x0020d494       0x20 build/rtoscalls.o
 .bss.isTaskSleeping
                0x0020d4b4        0x8 build/rtoscalls.o
 .bss.isI2cSleeping
                0x0020d4bc        0x4 build/rtoscalls.o
 .bss.sleeperTask_ID
                0x0020d4c0        0x8 build/rtoscalls.o
 .bss.sleeperI2C_ID
                0x0020d4c8        0x4 build/rtoscalls.o
 .bss.heap_ptr  0x0020d4cc        0x4 build/syscalls.o
 .bss.receiveBuf
                0x0020d4d0       0x80 build/ecrobot_bluetooth.o
 .bss.sendBuf   0x0020d550      0x100 build/ecrobot_bluetooth.o
 .bss.handle    0x0020d650        0x1 build/ecrobot_bluetooth.o
 *fill*         0x0020d651        0x3 00
 .bss.status_bar_position
                0x0020d654        0x4 build/ecrobot_base.o
 .bss.last_act_time.2742
                0x0020d658        0x4 build/ecrobot_base.o
 .bss.lcd.2671  0x0020d65c      0x320 build/ecrobot_base.o
 .bss.OS_flag   0x0020d97c        0x4 build/ecrobot_base.o
 .bss.status_bar
                0x0020d980       0x10 build/ecrobot_base.o
 .bss.clock     0x0020d990        0x4 build/Utils.o
                0x0020d990                clock
 .bss._ZN10CourseInfo4typeE
                0x0020d994        0x4 build/CourseInfo.o
                0x0020d994                _ZN10CourseInfo4typeE
 .bss._ZN10CourseInfo9colorGrayE
                0x0020d998        0x2 build/CourseInfo.o
                0x0020d998                _ZN10CourseInfo9colorGrayE
 .bss._ZN10CourseInfo10colorWhiteE
                0x0020d99a        0x2 build/CourseInfo.o
                0x0020d99a                _ZN10CourseInfo10colorWhiteE
 .bss._ZN10CourseInfo10colorBlackE
                0x0020d99c        0x2 build/CourseInfo.o
                0x0020d99c                _ZN10CourseInfo10colorBlackE
 *fill*         0x0020d99e        0x2 00
 .bss._ZN5Robot12theInstance_E
                0x0020d9a0        0x4 build/Robot.o
                0x0020d9a0                _ZN5Robot12theInstance_E
 .bss.marker_check
                0x0020d9a4        0x4 build/Robot.o
                0x0020d9a4                marker_check
 .bss.speaker   0x0020d9a8        0x4 build/Robot.o
                0x0020d9a8                speaker
 .bss.nxt       0x0020d9ac        0x4 build/Robot.o
                0x0020d9ac                nxt
 .bss.lcd       0x0020d9b0        0x4 build/Robot.o
                0x0020d9b0                lcd
 .bss.bt        0x0020d9b4        0x4 build/Robot.o
                0x0020d9b4                bt
 .bss.tail      0x0020d9b8        0x8 build/Robot.o
                0x0020d9b8                tail
 .bss.motorR    0x0020d9c0        0x8 build/Robot.o
                0x0020d9c0                motorR
 .bss.motorL    0x0020d9c8        0x8 build/Robot.o
                0x0020d9c8                motorL
 .bss.gyro      0x0020d9d0        0xc build/Robot.o
                0x0020d9d0                gyro
 .bss.light     0x0020d9dc        0x8 build/Robot.o
                0x0020d9dc                light
 .bss.sonar     0x0020d9e4        0x8 build/Robot.o
                0x0020d9e4                sonar
 .bss.touch     0x0020d9ec        0x8 build/Robot.o
                0x0020d9ec                touch
 .bss.logL      0x0020d9f4        0x1 build/Robot.o
 .bss.logR      0x0020d9f5        0x1 build/Robot.o
 *fill*         0x0020d9f6        0x2 00
 .bss._ZN9Navigator12theInstance_E