Archive member included because of file (symbol)

/home/nxtOSEK/ecrobot/../ecrobot/libecrobot++.a(Bluetooth.o)
                              build/Robot.o (_ZN7ecrobot9BluetoothC1Ev)
/home/nxtOSEK/ecrobot/../ecrobot/libecrobot++.a(Clock.o)
                              build/utils.o (_ZN7ecrobot5ClockC1Ev)
/home/nxtOSEK/ecrobot/../ecrobot/libecrobot++.a(GyroSensor.o)
                              build/Robot.o (_ZN7ecrobot10GyroSensorC1E6ePortS)
/home/nxtOSEK/ecrobot/../ecrobot/libecrobot++.a(I2c.o)
                              build/Robot.o (_ZN7ecrobot3I2cD2Ev)
/home/nxtOSEK/ecrobot/../ecrobot/libecrobot++.a(Lcd.o)
                              build/Robot.o (_ZN7ecrobot3LcdC1Ev)
/home/nxtOSEK/ecrobot/../ecrobot/libecrobot++.a(LightSensor.o)
                              build/Robot.o (_ZN7ecrobot11LightSensorD1Ev)
/home/nxtOSEK/ecrobot/../ecrobot/libecrobot++.a(Motor.o)
                              build/Robot.o (_ZN7ecrobot5MotorC1E6ePortMb)
/home/nxtOSEK/ecrobot/../ecrobot/libecrobot++.a(Nxt.o)
                              build/Robot.o (_ZN7ecrobot3NxtC1Ev)
/home/nxtOSEK/ecrobot/../ecrobot/libecrobot++.a(SonarSensor.o)
                              build/Robot.o (_ZN7ecrobot11SonarSensorC1E6ePortS)
/home/nxtOSEK/ecrobot/../ecrobot/libecrobot++.a(Speaker.o)
                              build/Robot.o (_ZN7ecrobot7SpeakerC1Ev)
/home/nxtOSEK/ecrobot/../ecrobot/libecrobot++.a(TouchSensor.o)
                              build/Robot.o (_ZN7ecrobot11TouchSensorC1E6ePortS)
/home/nxtOSEK/ecrobot/../ecrobot/libecrobot++.a(BTConnection.o)
                              build/Robot.o (_ZN7ecrobot12BTConnection7connectEPKcS2_)
/home/nxtOSEK/ecrobot/../ecrobot/libecrobot++.a(Daq.o)
                              build/Robot.o (_ZN7ecrobot3DaqC1ERNS_9BluetoothE)
/home/nxtOSEK/ecrobot/../ecrobot/libecrobot++.a(New.o)
                              build/Robot.o (_Znwm)
/home/nxtOSEK/ecrobot/../ecrobot/libecrobot.a(ecrobot_device_hook.o)
                              build/ecrobot.o (ecrobot_device_initialize)
/home/nxtOSEK/ecrobot/../ecrobot/libecrobot.a(ecrobot_interface.o)
                              build/ecrobot_base.o (ecrobot_get_battery_voltage)
/home/nxtOSEK/ecrobot/../ecrobot/libecrobot.a(colorsensor.o)
                              /home/nxtOSEK/ecrobot/../ecrobot/libecrobot.a(ecrobot_interface.o) (colorsensor_init)
/home/nxtOSEK/ecrobot/../ecrobot/libecrobot.a(osek_hook.o)
                              build/kernel/osctl.o (StartupHook)
/home/nxtOSEK/ecrobot/../ecrobot/libecrobot.a(uart.oram)
                              build/config/at91sam7s-gnu/irq.oram (uart_isr_C_0)
/home/nxtOSEK/ecrobot/../ecrobot/libecrobot.a(systick.oram)
                              build/syslib/at91sam7s-gnu/lego_nxt/hw_sys_timer.oram (systick_low_priority_C)
/home/nxtOSEK/ecrobot/../ecrobot/libecrobot.a(byte_fifo.oram)
                              /home/nxtOSEK/ecrobot/../ecrobot/libecrobot.a(uart.oram) (byte_fifo_put)
/home/nxtOSEK/ecrobot/../ecrobot/libecrobot.a(aic.oram)
                              /home/nxtOSEK/ecrobot/../ecrobot/libecrobot.a(uart.oram) (aic_set_vector)
/home/nxtOSEK/ecrobot/../ecrobot/libecrobot.a(udp.oram)
                              build/config/at91sam7s-gnu/irq.oram (udp_isr_C)
/home/nxtOSEK/ecrobot/../ecrobot/libecrobot.a(twi.oram)
                              build/config/at91sam7s-gnu/irq.oram (twi_isr_C)
/home/nxtOSEK/ecrobot/../ecrobot/libecrobot.a(nxt_spi.oram)
                              build/config/at91sam7s-gnu/irq.oram (spi_isr_C)
/home/nxtOSEK/ecrobot/../ecrobot/libecrobot.a(nxt_motors.oram)
                              build/Robot.o (nxt_motor_get_count)
/home/nxtOSEK/ecrobot/../ecrobot/libecrobot.a(data_abort.oram)
                              build/ecrobot_init.o (data_abort_C)
/home/nxtOSEK/ecrobot/../ecrobot/libecrobot.a(display.oram)
                              build/rtoscalls.o (display_update)
/home/nxtOSEK/ecrobot/../ecrobot/libecrobot.a(i2c.oram)
                              build/config/at91sam7s-gnu/irq.oram (i2c_timer_isr_C)
/home/nxtOSEK/ecrobot/../ecrobot/libecrobot.a(sound.oram)
                              /home/nxtOSEK/ecrobot/../ecrobot/libecrobot.a(ecrobot_interface.o) (sound_get_time)
/home/nxtOSEK/ecrobot/../ecrobot/libecrobot.a(bt.oram)
                              build/ecrobot_bluetooth.o (bt_send)
/home/nxtOSEK/ecrobot/../ecrobot/libecrobot.a(nxt_avr.oram)
                              build/ecrobot_base.o (nxt_avr_power_down)
/home/nxtOSEK/ecrobot/../ecrobot/libecrobot.a(sensors.oram)
                              /home/nxtOSEK/ecrobot/../ecrobot/libecrobot++.a(LightSensor.o) (unset_digi0)
/home/nxtOSEK/ecrobot/../ecrobot/libecrobot.a(sensors1.oram)
                              /home/nxtOSEK/ecrobot/../ecrobot/libecrobot.a(colorsensor.o) (sensor_pins)
/home/nxtOSEK/ecrobot/../ecrobot/libecrobot.a(nxt_lcd.oram)
                              /home/nxtOSEK/ecrobot/../ecrobot/libecrobot.a(display.oram) (nxt_lcd_force_update)
[...]
Memory Configuration

Name             Origin             Length             Attributes
header_ram       0x001ffff0         0x00000010
vector_ram       0x00200000         0x00000040
ram              0x00200040         0x0000ffc0
*default*        0x00000000         0xffffffff

Linker script and memory map

LOAD build/kernel/alarm.o
LOAD build/kernel/event.o
LOAD build/kernel/interrupt.o
LOAD build/kernel/osctl.o
LOAD build/kernel/resource.o
LOAD build/kernel/task.o
LOAD build/kernel/task_manage.o
LOAD build/config/at91sam7s-gnu/cpu_config.o
LOAD build/config/at91sam7s-gnu/lego_nxt/sys_config.o
LOAD build/./kernel_cfg.o
LOAD build/rtoscalls.o
LOAD build/syscalls.o
LOAD build/ecrobot_bluetooth.o
LOAD build/ecrobot_base.o
LOAD build/ecrobot.o
LOAD build/balancer_param.o
LOAD build/syslib/at91sam7s-gnu/lego_nxt/hw_sys_timer.oram
LOAD build/utils.o
LOAD build/CourseInfo.o
LOAD build/Robot.o
LOAD build/Navigator.o
LOAD build/Driver.o
LOAD build/Mission.o
LOAD build/PositionEstimation.o
LOAD build/MarkerCheck.o
LOAD build/Technic.o
LOAD build/Vec.o
LOAD build/TechBezierTrace.o
LOAD build/PIDController.o
LOAD build/nxtvm/platform/nxt/vectors.o
LOAD build/config/at91sam7s-gnu/debug.o
LOAD build/config/at91sam7s-gnu/lego_nxt/sys_support.o
LOAD build/nxt_binary_header.o
LOAD build/nxt_entry_point.o
LOAD build/ecrobot_init.o
LOAD build/config/at91sam7s-gnu/cpu_support.oram
LOAD build/config/at91sam7s-gnu/irq.oram
LOAD /home/nxtOSEK/ecrobot/../ecrobot/libecrobot++.a
LOAD /home/nxtOSEK/ecrobot/../ecrobot/libecrobot.a
LOAD /home/nxtOSEK/ecrobot/../ecrobot/libnxtway_gs_balancer.a
LOAD /home/GNUARM/bin/../lib/gcc/arm-elf/4.0.2/../../../../arm-elf/lib/thumb/interwork/libstdc++.a
LOAD /home/GNUARM/bin/../lib/gcc/arm-elf/4.0.2/../../../../arm-elf/lib/thumb/interwork/libm.a
LOAD /home/GNUARM/bin/../lib/gcc/arm-elf/4.0.2/thumb/interwork/libgcc.a
LOAD /home/GNUARM/bin/../lib/gcc/arm-elf/4.0.2/../../../../arm-elf/lib/thumb/interwork/libc.a
LOAD /home/GNUARM/bin/../lib/gcc/arm-elf/4.0.2/thumb/interwork/libgcc.a
                0x00200000                RAM_BASE = 0x200000
                0x00010000                RAM_SIZE = 0x10000

.header         0x001ffff0       0x10
 *nxt_binary_header.o(*.text *.text.*)
 .text          0x001ffff0       0x10 build/nxt_binary_header.o
                0x00200000                . = ALIGN (0x10)

.vectors        0x00200000       0x40
 vectors.o(*.text *.text.*)
 .text          0x00200000       0x38 build/nxtvm/platform/nxt/vectors.o
                0x00200040                . = ALIGN (0x10)
 *fill*         0x00200038        0x8 00
                0x00200000                __vectors_ram_start__ = ADDR (.vectors)
                0x00200040                __vectors_ram_end__ = (ADDR (.vectors) + SIZEOF (.vectors))
                0x00200000                __vectors_load_start__ = LOADADDR (.vectors)
                0x00200040                __vectors_load_end__ = (LOADADDR (.vectors) + SIZEOF (.vectors))

.entry          0x00200040       0x40
 *nxt_entry_point.o(*.text *.text.*)
 .text          0x00200040       0x38 build/nxt_entry_point.o
                0x00200040                NXT_Entry_Point
                0x00200080                . = ALIGN (0x10)
 *fill*         0x00200078        0x8 00

.init           0x00200080      0x280
 *ecrobot_init.o(*.text *.text.*)
 .text          0x00200080      0x280 build/ecrobot_init.o
                0x002001ec                undef_handler
                0x002001f4                prefetch_abort_handler
                0x002001f8                data_abort_handler
                0x002001f0                swi_handler
                0x00200080                start
                0x00200214                reserved_handler
                0x00200300                . = ALIGN (0x10)

.ram_text       0x00200300     0x3850
                0x00200300                . = ALIGN (0x10)
 *.oram(*.text *.text.* *.glue*)
 .text.systick_isr_C1
                0x00200300       0x28 build/syslib/at91sam7s-gnu/lego_nxt/hw_sys_timer.oram
                0x00200300                systick_isr_C1
 *fill*         0x00200328        0x8 00
 .text          0x00200330      0x230 build/config/at91sam7s-gnu/cpu_support.oram
                0x00200510                enable_int
                0x002003b0                start_dispatch
                0x00200370                activate_r
                0x00200508                disable_int
                0x00200330                dispatch
                0x002004dc                int_return
                0x0020046c                _interrupt
                0x002003a0                exit_and_dispatch
                0x00200518                nop
 .text          0x00200560      0x2c0 build/config/at91sam7s-gnu/irq.oram
                0x00200560                default_isr
                0x002006ec                uart_isr_entry_0
                0x0020066c                twi_isr_entry
                0x0020072c                uart_isr_entry_1
                0x0020062c                spi_isr_entry
                0x002005ac                systick_low_priority_entry
                0x0020076c                nxt_motor_isr_entry
                0x002007ac                i2c_timer_isr_entry
                0x00200560                default_fiq
                0x00200564                systick_isr_entry
                0x00200560                spurious_isr
                0x002006ac                sound_isr_entry
                0x002005ec                udp_isr_entry
 .text.uart_process_isr
                0x00200820       0x88 /home/nxtOSEK/ecrobot/../ecrobot/libecrobot.a(uart.oram)
 .text.uart_isr_C_0
                0x002008a8        0xc /home/nxtOSEK/ecrobot/../ecrobot/libecrobot.a(uart.oram)
                0x002008a8                uart_isr_C_0
 .text.uart_isr_C_1
                0x002008b4        0xc /home/nxtOSEK/ecrobot/../ecrobot/libecrobot.a(uart.oram)
                0x002008b4                uart_isr_C_1
 .text.systick_low_priority_C
                0x002008c0       0x1c /home/nxtOSEK/ecrobot/../ecrobot/libecrobot.a(systick.oram)
                0x002008c0                systick_low_priority_C
 .text.systick_isr_C
                0x002008dc       0x24 /home/nxtOSEK/ecrobot/../ecrobot/libecrobot.a(systick.oram)
                0x002008dc                systick_isr_C
 .text.systick_get_ms
                0x00200900        0xc /home/nxtOSEK/ecrobot/../ecrobot/libecrobot.a(systick.oram)
                0x00200900                systick_get_ms
 .text.systick_wait_ms
                0x0020090c       0x1c /home/nxtOSEK/ecrobot/../ecrobot/libecrobot.a(systick.oram)
                0x0020090c                systick_wait_ms
 .text.systick_wait_ns
                0x00200928       0x1c /home/nxtOSEK/ecrobot/../ecrobot/libecrobot.a(systick.oram)
                0x00200928                systick_wait_ns
 .text.systick_init
                0x00200944       0x58 /home/nxtOSEK/ecrobot/../ecrobot/libecrobot.a(systick.oram)
                0x00200944                systick_init
 .text.systick_suspend
                0x0020099c        0xc /home/nxtOSEK/ecrobot/../ecrobot/libecrobot.a(systick.oram)
                0x0020099c                systick_suspend
 .text.systick_resume
                0x002009a8        0xc /home/nxtOSEK/ecrobot/../ecrobot/libecrobot.a(systick.oram)
                0x002009a8                systick_resume
 .text.byte_fifo_put
                0x002009b4       0x58 /home/nxtOSEK/ecrobot/../ecrobot/libecrobot.a(byte_fifo.oram)
                0x002009b4                byte_fifo_put
 .text.byte_fifo_get
                0x00200a0c       0x2c /home/nxtOSEK/ecrobot/../ecrobot/libecrobot.a(byte_fifo.oram)
                0x00200a0c                byte_fifo_get
 .text.aic_initialise
                0x00200a38       0x5c /home/nxtOSEK/ecrobot/../ecrobot/libecrobot.a(aic.oram)
                0x00200a38                aic_initialise
 .text.aic_set_vector
                0x00200a94       0x30 /home/nxtOSEK/ecrobot/../ecrobot/libecrobot.a(aic.oram)
                0x00200a94                aic_set_vector
 .text.aic_mask_on
                0x00200ac4       0x24 /home/nxtOSEK/ecrobot/../ecrobot/libecrobot.a(aic.oram)
                0x00200ac4                aic_mask_on
 .text.aic_mask_off
                0x00200ae8       0x24 /home/nxtOSEK/ecrobot/../ecrobot/libecrobot.a(aic.oram)
                0x00200ae8                aic_mask_off
 .text.aic_clear
                0x00200b0c       0x24 /home/nxtOSEK/ecrobot/../ecrobot/libecrobot.a(aic.oram)
                0x00200b0c                aic_clear
 .text.reset    0x00200b30       0x4c /home/nxtOSEK/ecrobot/../ecrobot/libecrobot.a(udp.oram)
 .text.udp_send_null
                0x00200b7c       0x2c /home/nxtOSEK/ecrobot/../ecrobot/libecrobot.a(udp.oram)
 .text.udp_send_stall
                0x00200ba8       0x2c /home/nxtOSEK/ecrobot/../ecrobot/libecrobot.a(udp.oram)
 .text.udp_send_control
                0x00200bd4       0x60 /home/nxtOSEK/ecrobot/../ecrobot/libecrobot.a(udp.oram)
 .text.udp_isr_C
                0x00200c34      0x7d0 /home/nxtOSEK/ecrobot/../ecrobot/libecrobot.a(udp.oram)
                0x00200c34                udp_isr_C
 .text.twi_status
                0x00201404       0x20 /home/nxtOSEK/ecrobot/../ecrobot/libecrobot.a(twi.oram)
                0x00201404                twi_status
 .text.twi_isr_C
                0x00201424       0xc4 /home/nxtOSEK/ecrobot/../ecrobot/libecrobot.a(twi.oram)
                0x00201424                twi_isr_C
 .text.twi_reset
                0x002014e8       0xb4 /home/nxtOSEK/ecrobot/../ecrobot/libecrobot.a(twi.oram)
                0x002014e8                twi_reset
 .text.twi_init
                0x0020159c       0x4c /home/nxtOSEK/ecrobot/../ecrobot/libecrobot.a(twi.oram)
                0x0020159c                twi_init
 .text.twi_start_read
                0x002015e8       0x60 /home/nxtOSEK/ecrobot/../ecrobot/libecrobot.a(twi.oram)
                0x002015e8                twi_start_read
 .text.twi_start_write
                0x00201648       0x64 /home/nxtOSEK/ecrobot/../ecrobot/libecrobot.a(twi.oram)
                0x00201648                twi_start_write
 .text.spi_set_mode
                0x002016ac       0x40 /home/nxtOSEK/ecrobot/../ecrobot/libecrobot.a(nxt_spi.oram)
 .text.spi_isr_C
                0x002016ec       0x8c /home/nxtOSEK/ecrobot/../ecrobot/libecrobot.a(nxt_spi.oram)
                0x002016ec                spi_isr_C
 .text.nxt_spi_init
                0x00201778      0x12c /home/nxtOSEK/ecrobot/../ecrobot/libecrobot.a(nxt_spi.oram)
                0x00201778                nxt_spi_init
 .text.nxt_spi_write
                0x002018a4       0x44 /home/nxtOSEK/ecrobot/../ecrobot/libecrobot.a(nxt_spi.oram)
                0x002018a4                nxt_spi_write
 .text.nxt_spi_set_display
                0x002018e8       0x10 /home/nxtOSEK/ecrobot/../ecrobot/libecrobot.a(nxt_spi.oram)
                0x002018e8                nxt_spi_set_display
 .text.nxt_spi_refresh
                0x002018f8       0x24 /home/nxtOSEK/ecrobot/../ecrobot/libecrobot.a(nxt_spi.oram)
                0x002018f8                nxt_spi_refresh
 .text.nxt_motor_get_count
                0x0020191c       0x14 /home/nxtOSEK/ecrobot/../ecrobot/libecrobot.a(nxt_motors.oram)
                0x0020191c                nxt_motor_get_count
 .text.nxt_motor_set_count
                0x00201930       0x10 /home/nxtOSEK/ecrobot/../ecrobot/libecrobot.a(nxt_motors.oram)
                0x00201930                nxt_motor_set_count
 .text.nxt_motor_set_speed
                0x00201940       0x34 /home/nxtOSEK/ecrobot/../ecrobot/libecrobot.a(nxt_motors.oram)
                0x00201940                nxt_motor_set_speed
 .text.nxt_motor_1kHz_process
                0x00201974       0x28 /home/nxtOSEK/ecrobot/../ecrobot/libecrobot.a(nxt_motors.oram)
                0x00201974                nxt_motor_1kHz_process
 .text.nxt_motor_quad_decode
                0x0020199c       0x30 /home/nxtOSEK/ecrobot/../ecrobot/libecrobot.a(nxt_motors.oram)
                0x0020199c                nxt_motor_quad_decode
 .text.nxt_motor_isr_C
                0x002019cc       0x88 /home/nxtOSEK/ecrobot/../ecrobot/libecrobot.a(nxt_motors.oram)
                0x002019cc                nxt_motor_isr_C
 .text.nxt_motor_init
                0x00201a54       0x68 /home/nxtOSEK/ecrobot/../ecrobot/libecrobot.a(nxt_motors.oram)
                0x00201a54                nxt_motor_init
 .text.data_abort_C
                0x00201abc       0x7c /home/nxtOSEK/ecrobot/../ecrobot/libecrobot.a(data_abort.oram)
                0x00201abc                data_abort_C
 .text.display_update
                0x00201b38       0x14 /home/nxtOSEK/ecrobot/../ecrobot/libecrobot.a(display.oram)
                0x00201b38                display_update
 .text.display_force_update
                0x00201b4c        0xc /home/nxtOSEK/ecrobot/../ecrobot/libecrobot.a(display.oram)
                0x00201b4c                display_force_update
 .text.display_clear
                0x00201b58       0x24 /home/nxtOSEK/ecrobot/../ecrobot/libecrobot.a(display.oram)
                0x00201b58                display_clear
 .text.display_goto_xy
                0x00201b7c       0x14 /home/nxtOSEK/ecrobot/../ecrobot/libecrobot.a(display.oram)
                0x00201b7c                display_goto_xy
 .text.display_char
                0x00201b90       0x60 /home/nxtOSEK/ecrobot/../ecrobot/libecrobot.a(display.oram)
                0x00201b90                display_char
 .text.display_string
                0x00201bf0       0x3c /home/nxtOSEK/ecrobot/../ecrobot/libecrobot.a(display.oram)
                0x00201bf0                display_string
 .text.display_hex
                0x00201c2c       0x50 /home/nxtOSEK/ecrobot/../ecrobot/libecrobot.a(display.oram)
                0x00201c2c                display_hex
 .text.display_unsigned_worker
                0x00201c7c       0x70 /home/nxtOSEK/ecrobot/../ecrobot/libecrobot.a(display.oram)
 .text.display_unsigned
                0x00201cec        0xc /home/nxtOSEK/ecrobot/../ecrobot/libecrobot.a(display.oram)
                0x00201cec                display_unsigned
 .text.display_int
                0x00201cf8       0x14 /home/nxtOSEK/ecrobot/../ecrobot/libecrobot.a(display.oram)
                0x00201cf8                display_int
 .text.display_bitmap_copy
                0x00201d0c       0x5c /home/nxtOSEK/ecrobot/../ecrobot/libecrobot.a(display.oram)
                0x00201d0c                display_bitmap_copy
 .text.display_init
                0x00201d68       0x50 /home/nxtOSEK/ecrobot/../ecrobot/libecrobot.a(display.oram)
                0x00201d68                display_init
 .text.i2c_timer_isr_C
                0x00201db8      0x314 /home/nxtOSEK/ecrobot/../ecrobot/libecrobot.a(i2c.oram)
                0x00201db8                i2c_timer_isr_C
 .text.i2c_disable
                0x002020cc       0x20 /home/nxtOSEK/ecrobot/../ecrobot/libecrobot.a(i2c.oram)
                0x002020cc                i2c_disable
 .text.i2c_enable
                0x002020ec       0x40 /home/nxtOSEK/ecrobot/../ecrobot/libecrobot.a(i2c.oram)
                0x002020ec                i2c_enable
 .text.i2c_init
                0x0020212c       0xa4 /home/nxtOSEK/ecrobot/../ecrobot/libecrobot.a(i2c.oram)
                0x0020212c                i2c_init
 .text.i2c_busy
                0x002021d0       0x24 /home/nxtOSEK/ecrobot/../ecrobot/libecrobot.a(i2c.oram)
                0x002021d0                i2c_busy
 .text.i2c_start_transaction
                0x002021f4      0x108 /home/nxtOSEK/ecrobot/../ecrobot/libecrobot.a(i2c.oram)
                0x002021f4                i2c_start_transaction
 .text.set_vol  0x002022fc       0xa4 /home/nxtOSEK/ecrobot/../ecrobot/libecrobot.a(sound.oram)
 .text.sound_fill_sample_buffer
                0x002023a0       0xe4 /home/nxtOSEK/ecrobot/../ecrobot/libecrobot.a(sound.oram)
                0x002023a0                sound_fill_sample_buffer
 .text.sound_freq_vol
                0x00202484      0x1e4 /home/nxtOSEK/ecrobot/../ecrobot/libecrobot.a(sound.oram)
                0x00202484                sound_freq_vol
 .text.sound_init
                0x00202668       0xa0 /home/nxtOSEK/ecrobot/../ecrobot/libecrobot.a(sound.oram)
                0x00202668                sound_init
 .text.sound_isr_C
                0x00202708      0x144 /home/nxtOSEK/ecrobot/../ecrobot/libecrobot.a(sound.oram)
                0x00202708                sound_isr_C
 .text.bt_init  0x0020284c      0x1c0 /home/nxtOSEK/ecrobot/../ecrobot/libecrobot.a(bt.oram)
                0x0020284c                bt_init
 .text.bt_send  0x00202a0c       0x5c /home/nxtOSEK/ecrobot/../ecrobot/libecrobot.a(bt.oram)
                0x00202a0c                bt_send
 .text.bt_write
                0x00202a68       0x70 /home/nxtOSEK/ecrobot/../ecrobot/libecrobot.a(bt.oram)
                0x00202a68                bt_write
 .text.bt_pending
                0x00202ad8       0x50 /home/nxtOSEK/ecrobot/../ecrobot/libecrobot.a(bt.oram)
                0x00202ad8                bt_pending
 .text.bt_clear_arm7_cmd
                0x00202b28       0x10 /home/nxtOSEK/ecrobot/../ecrobot/libecrobot.a(bt.oram)
                0x00202b28                bt_clear_arm7_cmd
 .text.bt_set_arm7_cmd
                0x00202b38       0x10 /home/nxtOSEK/ecrobot/../ecrobot/libecrobot.a(bt.oram)
                0x00202b38                bt_set_arm7_cmd
 .text.bt_receive
                0x00202b48      0x160 /home/nxtOSEK/ecrobot/../ecrobot/libecrobot.a(bt.oram)
                0x00202b48                bt_receive
 .text.bt_read  0x00202ca8      0x140 /home/nxtOSEK/ecrobot/../ecrobot/libecrobot.a(bt.oram)
                0x00202ca8                bt_read
 .text.bt_reset
                0x00202de8       0x84 /home/nxtOSEK/ecrobot/../ecrobot/libecrobot.a(bt.oram)
                0x00202de8                bt_reset
 .text.nxt_avr_power_down
                0x00202e6c       0x10 /home/nxtOSEK/ecrobot/../ecrobot/libecrobot.a(nxt_avr.oram)
                0x00202e6c                nxt_avr_power_down
 .text.nxt_avr_link_init
                0x00202e7c       0x20 /home/nxtOSEK/ecrobot/../ecrobot/libecrobot.a(nxt_avr.oram)
                0x00202e7c                nxt_avr_link_init
 .text.nxt_avr_init
                0x00202e9c       0x6c /home/nxtOSEK/ecrobot/../ecrobot/libecrobot.a(nxt_avr.oram)
                0x00202e9c                nxt_avr_init
 .text.nxt_avr_1kHz_update
                0x00202f08      0x1cc /home/nxtOSEK/ecrobot/../ecrobot/libecrobot.a(nxt_avr.oram)
                0x00202f08                nxt_avr_1kHz_update
 .text.buttons_get
                0x002030d4        0xc /home/nxtOSEK/ecrobot/../ecrobot/libecrobot.a(nxt_avr.oram)
                0x002030d4                buttons_get
 .text.battery_voltage
                0x002030e0       0x28 /home/nxtOSEK/ecrobot/../ecrobot/libecrobot.a(nxt_avr.oram)
                0x002030e0                battery_voltage
 .text.sensor_adc
                0x00203108       0x20 /home/nxtOSEK/ecrobot/../ecrobot/libecrobot.a(nxt_avr.oram)
                0x00203108                sensor_adc
 .text.nxt_avr_set_motor
                0x00203128       0x34 /home/nxtOSEK/ecrobot/../ecrobot/libecrobot.a(nxt_avr.oram)
                0x00203128                nxt_avr_set_motor
 .text.nxt_avr_set_input_power
                0x0020315c       0x3c /home/nxtOSEK/ecrobot/../ecrobot/libecrobot.a(nxt_avr.oram)
                0x0020315c                nxt_avr_set_input_power
 .text.unset_digi0
                0x00203198       0x44 /home/nxtOSEK/ecrobot/../ecrobot/libecrobot.a(sensors.oram)
                0x00203198                unset_digi0
 .text.unset_digi1
                0x002031dc       0x44 /home/nxtOSEK/ecrobot/../ecrobot/libecrobot.a(sensors.oram)
                0x002031dc                unset_digi1
 .text.init_sensors
                0x00203220       0x4c /home/nxtOSEK/ecrobot/../ecrobot/libecrobot.a(sensors.oram)
                0x00203220                init_sensors
 .text.set_digi0
                0x0020326c       0x44 /home/nxtOSEK/ecrobot/../ecrobot/libecrobot.a(sensors.oram)
                0x0020326c                set_digi0
 .text.nxt_lcd_command
                0x002032b0       0x18 /home/nxtOSEK/ecrobot/../ecrobot/libecrobot.a(nxt_lcd.oram)
                0x002032b0                nxt_lcd_command
 .text.nxt_lcd_set_col
                0x002032c8       0x24 /home/nxtOSEK/ecrobot/../ecrobot/libecrobot.a(nxt_lcd.oram)
                0x002032c8                nxt_lcd_set_col
 .text.nxt_lcd_set_multiplex_rate
                0x002032ec       0x18 /home/nxtOSEK/ecrobot/../ecrobot/libecrobot.a(nxt_lcd.oram)
                0x002032ec                nxt_lcd_set_multiplex_rate
 .text.nxt_lcd_set_page_address
                0x00203304       0x18 /home/nxtOSEK/ecrobot/../ecrobot/libecrobot.a(nxt_lcd.oram)
                0x00203304                nxt_lcd_set_page_address
 .text.nxt_lcd_set_pot
                0x0020331c       0x1c /home/nxtOSEK/ecrobot/../ecrobot/libecrobot.a(nxt_lcd.oram)
                0x0020331c                nxt_lcd_set_pot
 .text.nxt_lcd_set_ram_address_control
                0x00203338       0x18 /home/nxtOSEK/ecrobot/../ecrobot/libecrobot.a(nxt_lcd.oram)
                0x00203338                nxt_lcd_set_ram_address_control
 .text.nxt_lcd_enable
                0x00203350       0x14 /home/nxtOSEK/ecrobot/../ecrobot/libecrobot.a(nxt_lcd.oram)
                0x00203350                nxt_lcd_enable
 .text.nxt_lcd_set_map_control
                0x00203364       0x18 /home/nxtOSEK/ecrobot/../ecrobot/libecrobot.a(nxt_lcd.oram)
                0x00203364                nxt_lcd_set_map_control
 .text.nxt_lcd_reset
                0x0020337c        0xc /home/nxtOSEK/ecrobot/../ecrobot/libecrobot.a(nxt_lcd.oram)
                0x0020337c                nxt_lcd_reset
 .text.nxt_lcd_set_bias_ratio
                0x00203388       0x18 /home/nxtOSEK/ecrobot/../ecrobot/libecrobot.a(nxt_lcd.oram)
                0x00203388                nxt_lcd_set_bias_ratio
 .text.nxt_lcd_force_update
                0x002033a0       0x30 /home/nxtOSEK/ecrobot/../ecrobot/libecrobot.a(nxt_lcd.oram)
                0x002033a0                nxt_lcd_force_update
 .text.nxt_lcd_update
                0x002033d0        0xc /home/nxtOSEK/ecrobot/../ecrobot/libecrobot.a(nxt_lcd.oram)
                0x002033d0                nxt_lcd_update
 .text.nxt_lcd_power_up
                0x002033dc       0x48 /home/nxtOSEK/ecrobot/../ecrobot/libecrobot.a(nxt_lcd.oram)
                0x002033dc                nxt_lcd_power_up
 .text.nxt_lcd_power_down
                0x00203424        0xc /home/nxtOSEK/ecrobot/../ecrobot/libecrobot.a(nxt_lcd.oram)
                0x00203424                nxt_lcd_power_down
 .text.nxt_lcd_init
                0x00203430       0x18 /home/nxtOSEK/ecrobot/../ecrobot/libecrobot.a(nxt_lcd.oram)
                0x00203430                nxt_lcd_init
 .text.verify_flash_page
                0x00203448       0x34 /home/nxtOSEK/ecrobot/../ecrobot/libecrobot.a(flash_loader.oram)
 .text.set_flash_request
                0x0020347c       0x38 /home/nxtOSEK/ecrobot/../ecrobot/libecrobot.a(flash_loader.oram)
                0x0020347c                set_flash_request
 .text.nxt_device_init
                0x002034b4       0x38 /home/nxtOSEK/ecrobot/../ecrobot/libecrobot.a(flash_loader.oram)
                0x002034b4                nxt_device_init
 .text          0x002034ec       0x68 /home/nxtOSEK/ecrobot/../ecrobot/libecrobot.a(interrupts.oram)
                0x00203544                fiq_enable
                0x002034ec                interrupts_get_and_disable
                0x00203520                fiq_get_and_disable
                0x00203510                interrupts_enable
 .text.flash_write_page
                0x00203554       0xc0 /home/nxtOSEK/ecrobot/../ecrobot/libecrobot.a(flashprog.oram)
                0x00203554                flash_write_page
                0x00203620                . = ALIGN (0x10)
 *fill*         0x00203614        0xc 00
 *.oram(*.rodata *.rodata.*)
 .rodata.ld     0x00203620        0x4 /home/nxtOSEK/ecrobot/../ecrobot/libecrobot.a(udp.oram)
 .rodata.cfd    0x00203624       0x20 /home/nxtOSEK/ecrobot/../ecrobot/libecrobot.a(udp.oram)
 .rodata.dd     0x00203644       0x12 /home/nxtOSEK/ecrobot/../ecrobot/libecrobot.a(udp.oram)
 *fill*         0x00203656        0x2 00
 .rodata.str1.4
                0x00203658       0x22 /home/nxtOSEK/ecrobot/../ecrobot/libecrobot.a(data_abort.oram)
                                 0x24 (size before relaxing)
 .rodata.font   0x0020367a      0x280 /home/nxtOSEK/ecrobot/../ecrobot/libecrobot.a(display.oram)
 *fill*         0x002038fa        0x2 00
 .rodata.str1.4
                0x002038fc       0x76 /home/nxtOSEK/ecrobot/../ecrobot/libecrobot.a(display.oram)
                                 0x78 (size before relaxing)
 *fill*         0x00203972        0x2 00
 .rodata.i2c_pin
                0x00203974       0x20 /home/nxtOSEK/ecrobot/../ecrobot/libecrobot.a(i2c.oram)
 .rodata.i2c_timer_isr_C
                0x00203994       0x38 /home/nxtOSEK/ecrobot/../ecrobot/libecrobot.a(i2c.oram)
 .rodata.logvol
                0x002039cc        0xc /home/nxtOSEK/ecrobot/../ecrobot/libecrobot.a(sound.oram)
                0x002039cc                logvol
 .rodata.silence
                0x002039d8       0x40 /home/nxtOSEK/ecrobot/../ecrobot/libecrobot.a(sound.oram)
                0x002039d8                silence
 .rodata.sine   0x00203a18       0x10 /home/nxtOSEK/ecrobot/../ecrobot/libecrobot.a(sound.oram)
                0x00203a18                sine
 .rodata.sample_pattern
                0x00203a28       0x84 /home/nxtOSEK/ecrobot/../ecrobot/libecrobot.a(sound.oram)
                0x00203a28                sample_pattern
 .rodata        0x00203aac        0xc /home/nxtOSEK/ecrobot/../ecrobot/libecrobot.a(sound.oram)
 .rodata.avr_brainwash_string
                0x00203ab8       0x30 /home/nxtOSEK/ecrobot/../ecrobot/libecrobot.a(nxt_avr.oram)
                0x00203ab8                avr_brainwash_string
 .rodata.nxt_avr_1kHz_update
                0x00203ae8       0x14 /home/nxtOSEK/ecrobot/../ecrobot/libecrobot.a(nxt_avr.oram)
 .rodata.C.33.1823
                0x00203afc       0x10 /home/nxtOSEK/ecrobot/../ecrobot/libecrobot.a(sensors.oram)
 .rodata.C.37.1857
                0x00203b0c       0x10 /home/nxtOSEK/ecrobot/../ecrobot/libecrobot.a(sensors.oram)
 .rodata.C.31.1806
                0x00203b1c       0x10 /home/nxtOSEK/ecrobot/../ecrobot/libecrobot.a(sensors.oram)
 .rodata.str1.4
                0x00203b2c       0x23 /home/nxtOSEK/ecrobot/../ecrobot/libecrobot.a(flash_loader.oram)
                                 0x24 (size before relaxing)
                0x00203b50                . = ALIGN (0x10)
 *fill*         0x00203b4f        0x1 00
                0x00200300                __ramtext_ram_start__ = ADDR (.ram_text)
                0x00203b50                __ramtext_ram_end__ = (ADDR (.ram_text) + SIZEOF (.ram_text))
                0x00200300                __ramtext_load_start__ = LOADADDR (.ram_text)
                0x00203b50                __ramtext_load_end__ = (__ramtext_load_start__ + SIZEOF (.ram_text))

.wav_data       0x00203b50        0x0
 *.owav(*.data *.data.*)
                0x00203b50                . = ALIGN (0x10)

.bmp_data       0x00203b50      0x440
 *.obmp(*.data *.data.*)
 .data          0x00203b50      0x43e /home/nxtOSEK/ecrobot/../ecrobot/libecrobot.a(nxtosek_splash.obmp)
                0x00203b50                nxtosek_splash_bmp_start
                0x00203f8e                nxtosek_splash_bmp_end
                0x00203f90                . = ALIGN (0x10)
 *fill*         0x00203f8e        0x2 00

.spr_data       0x00203f90        0x0
 *.ospr(*.data *.data.*)
                0x00203f90                . = ALIGN (0x10)

.data           0x00203f90      0x8c0
 *(*.data *.data.*)
 .data.bt_status
                0x00203f90        0x1 build/ecrobot_bluetooth.o
 *fill*         0x00203f91        0x3 00
 .data.K_THETADOT
                0x00203f94        0x4 build/balancer_param.o
                0x00203f94                K_THETADOT
 .data.K_PHIDOT
                0x00203f98        0x4 build/balancer_param.o
                0x00203f98                K_PHIDOT
 .data.K_I      0x00203f9c        0x4 build/balancer_param.o
                0x00203f9c                K_I
 .data.K_F      0x00203fa0       0x10 build/balancer_param.o
                0x00203fa0                K_F
 .data.A_R      0x00203fb0        0x4 build/balancer_param.o
                0x00203fb0                A_R
 .data.A_D      0x00203fb4        0x4 build/balancer_param.o
                0x00203fb4                A_D
 .data.notes    0x00203fb8       0x1a build/Driver.o
                0x00203fb8                notes
 *fill*         0x00203fd2        0x2 00
 .data.pid_light_param
                0x00203fd4        0xc build/PIDController.o
                0x00203fd4                pid_light_param
 .data.deviceStatus
                0x00203fe0        0x1 /home/nxtOSEK/ecrobot/../ecrobot/libecrobot.a(ecrobot_interface.o)
 .data.named    0x00203fe1       0x22 /home/nxtOSEK/ecrobot/../ecrobot/libecrobot.a(udp.oram)
 .data.snd      0x00204003       0x1a /home/nxtOSEK/ecrobot/../ecrobot/libecrobot.a(udp.oram)
 *fill*         0x0020401d        0x3 00
 .data.configured
                0x00204020        0x4 /home/nxtOSEK/ecrobot/../ecrobot/libecrobot.a(udp.oram)
 .data.mode     0x00204024        0x1 /home/nxtOSEK/ecrobot/../ecrobot/libecrobot.a(nxt_spi.oram)
                0x00204024                mode
 *fill*         0x00204025        0x3 00
 .bss.data      0x00204028        0x4 /home/nxtOSEK/ecrobot/../ecrobot/libecrobot.a(nxt_spi.oram)
                0x00204028                data
 .data.display_auto_update
                0x0020402c        0x4 /home/nxtOSEK/ecrobot/../ecrobot/libecrobot.a(display.oram)
                0x0020402c                display_auto_update
 .data.display_buffer
                0x00204030        0x4 /home/nxtOSEK/ecrobot/../ecrobot/libecrobot.a(display.oram)
 .data          0x00204034      0x404 /home/GNUARM/bin/../lib/gcc/arm-elf/4.0.2/../../../../arm-elf/lib/thumb/interwork/libc.a(impure.o)
                0x00204434                _impure_ptr
 .data          0x00204438      0x410 /home/GNUARM/bin/../lib/gcc/arm-elf/4.0.2/../../../../arm-elf/lib/thumb/interwork/libc.a(mallocr.o)
                0x00204438                __malloc_sbrk_base
                0x00204440                __malloc_av_
                0x0020443c                __malloc_trim_threshold
                0x00204850                . = ALIGN (0x10)
 *fill*         0x00204848        0x8 00
                0x00203f90                __data_ram_start__ = ADDR (.data)
                0x00204850                __data_ram_end__ = (ADDR (.data) + SIZEOF (.data))
                0x00203f90                __data_load_start__ = LOADADDR (.data)
                0x00204850                __data_load_end__ = (__data_load_start__ + SIZEOF (.data))

.text           0x00204850     0x8950
                0x00204850                . = ALIGN (0x10)
 *(*.text *.text.* *.glue*)
 .text.enqueue_alarm
                0x00204850       0x90 build/kernel/alarm.o
 .text.alarm_initialize
                0x002048e0       0x98 build/kernel/alarm.o
                0x002048e0                alarm_initialize
 .text.SetRelAlarm
                0x00204978       0xe8 build/kernel/alarm.o
                0x00204978                SetRelAlarm
 .text.CancelAlarm
                0x00204a60       0x9c build/kernel/alarm.o
                0x00204a60                CancelAlarm
 .text.SignalCounter
                0x00204afc      0x134 build/kernel/alarm.o
                0x00204afc                SignalCounter
 .text.SetEvent
                0x00204c30       0xac build/kernel/event.o
                0x00204c30                SetEvent
 .text.ClearEvent
                0x00204cdc       0x64 build/kernel/event.o
                0x00204cdc                ClearEvent
 .text.WaitEvent
                0x00204d40       0xa8 build/kernel/event.o
                0x00204d40                WaitEvent
 .text.StartOS  0x00204de8       0x58 build/kernel/osctl.o
                0x00204de8                StartOS
 .text.ShutdownOS
                0x00204e40       0x4c build/kernel/osctl.o
                0x00204e40                ShutdownOS
 .text.call_pretaskhook
                0x00204e8c       0x24 build/kernel/osctl.o
                0x00204e8c                call_pretaskhook
 .text.call_errorhook
                0x00204eb0       0x78 build/kernel/osctl.o
                0x00204eb0                call_errorhook
 .text.call_posttaskhook
                0x00204f28       0x24 build/kernel/osctl.o
                0x00204f28                call_posttaskhook
 .text.resource_initialize
                0x00204f4c       0x2c build/kernel/resource.o
                0x00204f4c                resource_initialize
 .text.search_schedtsk
                0x00204f78       0x94 build/kernel/task.o
                0x00204f78                search_schedtsk
 .text.make_runnable
                0x0020500c       0xac build/kernel/task.o
                0x0020500c                make_runnable
 .text.make_active
                0x002050b8       0x78 build/kernel/task.o
                0x002050b8                make_active
 .text.task_initialize
                0x00205130       0x90 build/kernel/task.o
                0x00205130                task_initialize
 .text.TerminateTask
                0x002051c0       0x74 build/kernel/task_manage.o
                0x002051c0                TerminateTask
 .text.GetTaskID
                0x00205234       0x40 build/kernel/task_manage.o
                0x00205234                GetTaskID
 .text.cpu_initialize
                0x00205274        0x4 build/config/at91sam7s-gnu/cpu_config.o
                0x00205274                cpu_initialize
 .text.cpu_terminate
                0x00205278        0x4 build/config/at91sam7s-gnu/cpu_config.o
                0x00205278                cpu_terminate
 .text.sys_initialize
                0x0020527c        0x4 build/config/at91sam7s-gnu/lego_nxt/sys_config.o
                0x0020527c                sys_initialize
 .text.sys_exit
                0x00205280        0x4 build/config/at91sam7s-gnu/lego_nxt/sys_config.o
                0x00205280                sys_exit
 .text._setevent_alarm_Alarm4msec
                0x00205284       0x10 build/./kernel_cfg.o
 .text.object_initialize
                0x00205294       0x14 build/./kernel_cfg.o
                0x00205294                object_initialize
 .text.SleeperMonitor
                0x002052a8       0x84 build/rtoscalls.o
                0x002052a8                SleeperMonitor
 .text.SleepI2C
                0x0020532c       0x50 build/rtoscalls.o
                0x0020532c                SleepI2C
 .text.Sleep    0x0020537c       0x60 build/rtoscalls.o
                0x0020537c                Sleep
 .text.AssertDeviceConstructor
                0x002053dc       0x2c build/rtoscalls.o
                0x002053dc                AssertDeviceConstructor
 .text._sbrk_r  0x00205408       0x1c build/syscalls.o
                0x00205408                _sbrk_r
 .text.ecrobot_get_bt_status
                0x00205424       0x10 build/ecrobot_bluetooth.o
                0x00205424                ecrobot_get_bt_status
 .text.close_bt_stream
                0x00205434       0x2c build/ecrobot_bluetooth.o
 .text.ecrobot_send_bt_packet
                0x00205460       0x54 build/ecrobot_bluetooth.o
                0x00205460                ecrobot_send_bt_packet
 .text.ecrobot_read_bt
                0x002054b4       0x24 build/ecrobot_bluetooth.o
                0x002054b4                ecrobot_read_bt
 .text.send_bt_command
                0x002054d8       0x40 build/ecrobot_bluetooth.o
 .text.ecrobot_term_bt_connection
                0x00205518       0x48 build/ecrobot_bluetooth.o
                0x00205518                ecrobot_term_bt_connection
 .text.ecrobot_set_bt_device_name
                0x00205560       0x4c build/ecrobot_bluetooth.o
                0x00205560                ecrobot_set_bt_device_name
 .text.read_bt_command
                0x002055ac       0x5c build/ecrobot_bluetooth.o
 .text.open_bt_stream
                0x00205608       0x50 build/ecrobot_bluetooth.o
 .text.ecrobot_get_bt_device_name
                0x00205658       0x74 build/ecrobot_bluetooth.o
                0x00205658                ecrobot_get_bt_device_name
 .text.ecrobot_get_bt_device_address
                0x002056cc       0x6c build/ecrobot_bluetooth.o
                0x002056cc                ecrobot_get_bt_device_address
 .text.ecrobot_init_bt_slave
                0x00205738      0x12c build/ecrobot_bluetooth.o
                0x00205738                ecrobot_init_bt_slave
 .text.init_OS_flag
                0x00205864        0xc build/ecrobot_base.o
                0x00205864                init_OS_flag
 .text.set_OS_flag
                0x00205870        0xc build/ecrobot_base.o
                0x00205870                set_OS_flag
 .text.get_OS_flag
                0x0020587c        0xc build/ecrobot_base.o
                0x0020587c                get_OS_flag
 .text.cpp_constructor
                0x00205888       0x28 build/ecrobot_base.o
                0x00205888                cpp_constructor
 .text.cpp_destructor
                0x002058b0       0x28 build/ecrobot_base.o
                0x002058b0                cpp_destructor
 .text.execution_mode
                0x002058d8       0x24 build/ecrobot_base.o
                0x002058d8                execution_mode
 .text.show_main_screen
                0x002058fc       0x48 build/ecrobot_base.o
                0x002058fc                show_main_screen
 .text.display_status_bar
                0x00205944       0x5c build/ecrobot_base.o
                0x00205944                display_status_bar
 .text.restart_NXT
                0x002059a0       0x2c build/ecrobot_base.o
                0x002059a0                restart_NXT
 .text.shutdown_NXT
                0x002059cc       0x2c build/ecrobot_base.o
                0x002059cc                shutdown_NXT
 .text.check_NXT_buttons
                0x002059f8       0x38 build/ecrobot_base.o
                0x002059f8                check_NXT_buttons
 .text.show_bd_addr
                0x00205a30       0x44 build/ecrobot_base.o
                0x00205a30                show_bd_addr
 .text.show_bd_addr_err
                0x00205a74       0x3c build/ecrobot_base.o
                0x00205a74                show_bd_addr_err
 .text.add_status_info
                0x00205ab0       0x68 build/ecrobot_base.o
                0x00205ab0                add_status_info
 .text.show_splash_screen
                0x00205b18       0x90 build/ecrobot_base.o
                0x00205b18                show_splash_screen
 .text.main     0x00205ba8      0x10c build/ecrobot.o
                0x00205ba8                main
 .text._Z10Sleep_msecm
                0x00205cb4       0x14 build/utils.o
                0x00205cb4                _Z10Sleep_msecm
 .text._Z41__static_initialization_and_destruction_0ii
                0x00205cc8       0x20 build/utils.o
 .text._GLOBAL__I_clock
                0x00205ce8       0x14 build/utils.o
 .text._ZN10CourseInfo11getStartPosERdS0_S0_
                0x00205cfc       0x20 build/CourseInfo.o
                0x00205cfc                _ZN10CourseInfo11getStartPosERdS0_S0_
 .text._ZN5Robot14ClearObserversEv
                0x00205d1c       0x18 build/Robot.o
                0x00205d1c                _ZN5Robot14ClearObserversEv
 .text._ZN5Robot10CallNotifyENS_10RobotEventE
                0x00205d34       0x2c build/Robot.o
                0x00205d34                _ZN5Robot10CallNotifyENS_10RobotEventE
 .text._ZN5Robot16CheckTouchSensorEv
                0x00205d60       0x28 build/Robot.o
                0x00205d60                _ZN5Robot16CheckTouchSensorEv
 .text._ZN5Robot16CheckSonarSensorEv
                0x00205d88       0x28 build/Robot.o
                0x00205d88                _ZN5Robot16CheckSonarSensorEv
 .text._ZN5Robot16CheckRemoteStartEv
                0x00205db0       0x8c build/Robot.o
                0x00205db0                _ZN5Robot16CheckRemoteStartEv
 .text._ZN5Robot9BTConnectEv
                0x00205e3c       0x30 build/Robot.o
                0x00205e3c                _ZN5Robot9BTConnectEv
 .text._ZN5Robot11AddObserverEPP13RobotObserverj
                0x00205e6c       0x34 build/Robot.o
                0x00205e6c                _ZN5Robot11AddObserverEPP13RobotObserverj
 .text._ZN5Robot11TailControlER8RobotCmd
                0x00205ea0       0x70 build/Robot.o
                0x00205ea0                _ZN5Robot11TailControlER8RobotCmd
 .text._ZN5Robot7calcPWMEN7ecrobot7VectorTIsEE
                0x00205f10       0xbc build/Robot.o
                0x00205f10                _ZN5Robot7calcPWMEN7ecrobot7VectorTIsEE
 .text._ZN5Robot5DriveE8RobotCmd
                0x00205fcc       0xa0 build/Robot.o
                0x00205fcc                _ZN5Robot5DriveE8RobotCmd
 .text._ZN5Robot15CheckGyroSensorEv
                0x0020606c       0x6c build/Robot.o
                0x0020606c                _ZN5Robot15CheckGyroSensorEv
 .text._ZN5Robot16CheckLightSensorEv
                0x002060d8       0x80 build/Robot.o
                0x002060d8                _ZN5Robot16CheckLightSensorEv
 .text._ZN5Robot6BTSendE8RobotCmd9RobotInfo7NavInfo
                0x00206158       0xc8 build/Robot.o
                0x00206158                _ZN5Robot6BTSendE8RobotCmd9RobotInfo7NavInfo
 .text._ZN5Robot7GetInfoEv
                0x00206220       0x48 build/Robot.o
                0x00206220                _ZN5Robot7GetInfoEv
 .text._ZN5Robot7ProcessEv
                0x00206268       0x98 build/Robot.o
                0x00206268                _ZN5Robot7ProcessEv
 .text._Z41__static_initialization_and_destruction_0ii
                0x00206300       0xfc build/Robot.o
 .text._GLOBAL__D_touch
                0x002063fc       0x14 build/Robot.o
 .text._GLOBAL__I_touch
                0x00206410       0x14 build/Robot.o
 .text._ZN5Robot4StopEv
                0x00206424       0x48 build/Robot.o
                0x00206424                _ZN5Robot4StopEv
 .text._ZN5RobotC1Ev
                0x0020646c       0x84 build/Robot.o
                0x0020646c                _ZN5RobotC1Ev
 .text._ZN5Robot8InstanceEv
                0x002064f0       0x24 build/Robot.o
                0x002064f0                _ZN5Robot8InstanceEv
 .text._ZN5Robot11CalibrationEv
                0x00206514       0xa0 build/Robot.o
                0x00206514                _ZN5Robot11CalibrationEv
 .text.TaskMainTaskRobot
                0x002065b4       0x14 build/Robot.o
                0x002065b4                TaskMainTaskRobot
 .text._ZN9Navigator4InitEv
                0x002065c8       0x3c build/Navigator.o
                0x002065c8                _ZN9Navigator4InitEv
 .text._ZN9NavigatorC1Ev
                0x00206604        0xc build/Navigator.o
                0x00206604                _ZN9NavigatorC1Ev
 .text._ZN9Navigator8InstanceEv
                0x00206610       0x24 build/Navigator.o
                0x00206610                _ZN9Navigator8InstanceEv
 .text._ZN9Navigator9GetNowPosEv
                0x00206634       0x14 build/Navigator.o
                0x00206634                _ZN9Navigator9GetNowPosEv
 .text._ZN9Navigator17CalcDirCorrectionEv
                0x00206648      0x1d8 build/Navigator.o
                0x00206648                _ZN9Navigator17CalcDirCorrectionEv
 .text._ZN9Navigator7GetInfoERK9RobotInfo
                0x00206820       0x84 build/Navigator.o
                0x00206820                _ZN9Navigator7GetInfoERK9RobotInfo
 .text.user_1ms_isr_type2
                0x002068a4       0x20 build/Driver.o
                0x002068a4                user_1ms_isr_type2
 .text._ZN6Driver12ClearMissionEv
                0x002068c4       0x34 build/Driver.o
                0x002068c4                _ZN6Driver12ClearMissionEv
 .text._ZN6Driver14ClearEventFlagEv
                0x002068f8       0x10 build/Driver.o
                0x002068f8                _ZN6Driver14ClearEventFlagEv
 .text._ZN6Driver10AddMissionEPP7Missionj
                0x00206908       0x34 build/Driver.o
                0x00206908                _ZN6Driver10AddMissionEPP7Missionj
 .text._ZN6Driver12SetEventFlagEN5Robot10RobotEventE
                0x0020693c        0xc build/Driver.o
                0x0020693c                _ZN6Driver12SetEventFlagEN5Robot10RobotEventE
 .text._ZN6Driver6NotifyEN5Robot10RobotEventE
                0x00206948        0xc build/Driver.o
                0x00206948                _ZN6Driver6NotifyEN5Robot10RobotEventE
 .text._ZN6Driver15is_SetEventFlagEN5Robot10RobotEventE
                0x00206954        0x8 build/Driver.o
                0x00206954                _ZN6Driver15is_SetEventFlagEN5Robot10RobotEventE
 .text._ZN6Driver16state_bt_connectEv
                0x0020695c       0x24 build/Driver.o
                0x0020695c                _ZN6Driver16state_bt_connectEv
 .text._ZN6DriverD0Ev
                0x00206980       0x14 build/Driver.o
                0x00206980                _ZN6DriverD0Ev
 .text._ZN6Driver13state_drivingEv
                0x00206994      0x2a4 build/Driver.o
                0x00206994                _ZN6Driver13state_drivingEv
 .text._ZN6Driver23state_self_introductionEv
                0x00206c38       0xa4 build/Driver.o
                0x00206c38                _ZN6Driver23state_self_introductionEv
 .text._ZN6Driver17state_calibrationEv
                0x00206cdc      0x1a4 build/Driver.o
                0x00206cdc                _ZN6Driver17state_calibrationEv
 .text._ZN6Driver16state_wait_startEv
                0x00206e80      0x194 build/Driver.o
                0x00206e80                _ZN6Driver16state_wait_startEv
 .text._ZN6Driver7ProcessEv
                0x00207014       0xbc build/Driver.o
                0x00207014                _ZN6Driver7ProcessEv
 .text._ZN6DriverC1Ev
                0x002070d0       0x4c build/Driver.o
                0x002070d0                _ZN6DriverC1Ev
 .text._ZN6Driver8InstanceEv
                0x0020711c       0x24 build/Driver.o
                0x0020711c                _ZN6Driver8InstanceEv
 .text._ZN6DriverD1Ev
                0x00207140        0xc build/Driver.o
                0x00207140                _ZN6DriverD1Ev
 .text.TaskMainTaskDrive
                0x0020714c      0x3ec build/Driver.o
                0x0020714c                TaskMainTaskDrive
 .text._ZN7MissionC2Ev
                0x00207538       0x10 build/Mission.o
                0x00207538                _ZN7MissionC2Ev
 .text._ZN7MissionD2Ev
                0x00207548        0xc build/Mission.o
                0x00207548                _ZN7MissionD2Ev
 .text._ZN7MissionD1Ev
                0x00207554        0xc build/Mission.o
                0x00207554                _ZN7MissionD1Ev
 .text._ZN7MissionD0Ev
                0x00207560       0x14 build/Mission.o
                0x00207560                _ZN7MissionD0Ev
 .text._ZN7Mission4InitE9RobotInfo7NavInfo
                0x00207574        0xc build/Mission.o
                0x00207574                _ZN7Mission4InitE9RobotInfo7NavInfo
 .text._ZN7Mission3RunE9RobotInfo7NavInfo9EventFlagR8RobotCmd
                0x00207580       0x18 build/Mission.o
                0x00207580                _ZN7Mission3RunE9RobotInfo7NavInfo9EventFlagR8RobotCmd
 .text._ZN7Mission4NameEv
                0x00207598        0x8 build/Mission.o
                0x00207598                _ZN7Mission4NameEv
 .text._Z21getPositionEstimationRK9_PositionllddRS_
                0x002075a0      0x17c build/PositionEstimation.o
                0x002075a0                _Z21getPositionEstimationRK9_PositionllddRS_
 .text._ZN11MarkerCheck11is_straightEv
                0x0020771c       0x7c build/MarkerCheck.o
                0x0020771c                _ZN11MarkerCheck11is_straightEv
 .text._ZN11MarkerCheck8IsMarkerEs
                0x00207798       0x9c build/MarkerCheck.o
                0x00207798                _ZN11MarkerCheck8IsMarkerEs
 .text._ZN11TecPIDTraceC1Ev
                0x00207834       0x20 build/Technic.o
                0x00207834                _ZN11TecPIDTraceC1Ev
 .text._ZN8TecMusic9note2freqEh
                0x00207854       0xac build/Technic.o
                0x00207854                _ZN8TecMusic9note2freqEh
 .text._ZN8TecMusic6PlayerEv
                0x00207900       0xa4 build/Technic.o
                0x00207900                _ZN8TecMusic6PlayerEv
 .text._ZN11TecPIDTrace8CalclateEssN7Technic9DIRECTIONE
                0x002079a4      0x114 build/Technic.o
                0x002079a4                _ZN11TecPIDTrace8CalclateEssN7Technic9DIRECTIONE
 .text._ZN8TecMusic8InstanceEv
                0x00207ab8       0x20 build/Technic.o
                0x00207ab8                _ZN8TecMusic8InstanceEv
 .text._Z17pid_calc_rotationffffffPf
                0x00207ad8       0x60 build/PIDController.o
                0x00207ad8                _Z17pid_calc_rotationffffffPf
 .text._Z17pid_calc_rotationP8PIDParamfffPf
                0x00207b38       0x28 build/PIDController.o
                0x00207b38                _Z17pid_calc_rotationP8PIDParamfffPf
 .text._ZN7ecrobot9BluetoothC1Ev
                0x00207b60       0x18 /home/nxtOSEK/ecrobot/../ecrobot/libecrobot++.a(Bluetooth.o)
                0x00207b60                _ZN7ecrobot9BluetoothC1Ev
 .text._ZN7ecrobot9Bluetooth17waitForConnectionEPKcm
                0x00207b78       0x4c /home/nxtOSEK/ecrobot/../ecrobot/libecrobot++.a(Bluetooth.o)
                0x00207b78                _ZN7ecrobot9Bluetooth17waitForConnectionEPKcm
 .text._ZN7ecrobot9Bluetooth23cancelWaitForConnectionEv
                0x00207bc4        0x8 /home/nxtOSEK/ecrobot/../ecrobot/libecrobot++.a(Bluetooth.o)
                0x00207bc4                _ZN7ecrobot9Bluetooth23cancelWaitForConnectionEv
 .text._ZNK7ecrobot9Bluetooth16getDeviceAddressEPh
                0x00207bcc       0x14 /home/nxtOSEK/ecrobot/../ecrobot/libecrobot++.a(Bluetooth.o)
                0x00207bcc                _ZNK7ecrobot9Bluetooth16getDeviceAddressEPh
 .text._ZNK7ecrobot9Bluetooth15getFriendlyNameEPc
                0x00207be0       0x14 /home/nxtOSEK/ecrobot/../ecrobot/libecrobot++.a(Bluetooth.o)
                0x00207be0                _ZNK7ecrobot9Bluetooth15getFriendlyNameEPc
 .text._ZN7ecrobot9Bluetooth15setFriendlyNameEPKc
                0x00207bf4       0x14 /home/nxtOSEK/ecrobot/../ecrobot/libecrobot++.a(Bluetooth.o)
                0x00207bf4                _ZN7ecrobot9Bluetooth15setFriendlyNameEPKc
 .text._ZNK7ecrobot9Bluetooth11isConnectedEv
                0x00207c08        0x4 /home/nxtOSEK/ecrobot/../ecrobot/libecrobot++.a(Bluetooth.o)
                0x00207c08                _ZNK7ecrobot9Bluetooth11isConnectedEv
 .text._ZN7ecrobot9Bluetooth4sendEPhm
                0x00207c0c       0x10 /home/nxtOSEK/ecrobot/../ecrobot/libecrobot++.a(Bluetooth.o)
                0x00207c0c                _ZN7ecrobot9Bluetooth4sendEPhm
 .text._ZNK7ecrobot9Bluetooth7receiveEPvmm
                0x00207c1c       0x10 /home/nxtOSEK/ecrobot/../ecrobot/libecrobot++.a(Bluetooth.o)
                0x00207c1c                _ZNK7ecrobot9Bluetooth7receiveEPvmm
 .text._ZN7ecrobot9Bluetooth5closeEv
                0x00207c2c       0x14 /home/nxtOSEK/ecrobot/../ecrobot/libecrobot++.a(Bluetooth.o)
                0x00207c2c                _ZN7ecrobot9Bluetooth5closeEv
 .text._ZN7ecrobot9BluetoothD1Ev
                0x00207c40        0xc /home/nxtOSEK/ecrobot/../ecrobot/libecrobot++.a(Bluetooth.o)
                0x00207c40                _ZN7ecrobot9BluetoothD1Ev
 .text._ZN7ecrobot5ClockC1Ev
                0x00207c4c       0x10 /home/nxtOSEK/ecrobot/../ecrobot/libecrobot++.a(Clock.o)
                0x00207c4c                _ZN7ecrobot5ClockC1Ev
 .text._ZNK7ecrobot5Clock3nowEv
                0x00207c5c       0x14 /home/nxtOSEK/ecrobot/../ecrobot/libecrobot++.a(Clock.o)
                0x00207c5c                _ZNK7ecrobot5Clock3nowEv
 .text._ZN7ecrobot5Clock5sleepEm
                0x00207c70       0x10 /home/nxtOSEK/ecrobot/../ecrobot/libecrobot++.a(Clock.o)
                0x00207c70                _ZN7ecrobot5Clock5sleepEm
 .text._ZN7ecrobot10GyroSensorC1E6ePortS
                0x00207c80       0x38 /home/nxtOSEK/ecrobot/../ecrobot/libecrobot++.a(GyroSensor.o)
                0x00207c80                _ZN7ecrobot10GyroSensorC1E6ePortS
 .text._ZN7ecrobot3I2cC2E6ePortS6ePower
                0x00207cb8       0x30 /home/nxtOSEK/ecrobot/../ecrobot/libecrobot++.a(I2c.o)
                0x00207cb8                _ZN7ecrobot3I2cC2E6ePortS6ePower
 .text._ZN7ecrobot3I2cD2Ev
                0x00207ce8       0x20 /home/nxtOSEK/ecrobot/../ecrobot/libecrobot++.a(I2c.o)
                0x00207ce8                _ZN7ecrobot3I2cD2Ev
 .text._ZN7ecrobot3I2cD1Ev
                0x00207d08       0x20 /home/nxtOSEK/ecrobot/../ecrobot/libecrobot++.a(I2c.o)
                0x00207d08                _ZN7ecrobot3I2cD1Ev
 .text._ZN7ecrobot3I2cD0Ev
                0x00207d28       0x28 /home/nxtOSEK/ecrobot/../ecrobot/libecrobot++.a(I2c.o)
                0x00207d28                _ZN7ecrobot3I2cD0Ev
 .text._ZNK7ecrobot3I2c7receiveEmPhm
                0x00207d50       0x40 /home/nxtOSEK/ecrobot/../ecrobot/libecrobot++.a(I2c.o)
                0x00207d50                _ZNK7ecrobot3I2c7receiveEmPhm
 .text._ZN7ecrobot3LcdC1Ev
                0x00207d90        0x8 /home/nxtOSEK/ecrobot/../ecrobot/libecrobot++.a(Lcd.o)
                0x00207d90                _ZN7ecrobot3LcdC1Ev
 .text._ZN7ecrobot3Lcd5clearEb
                0x00207d98       0x20 /home/nxtOSEK/ecrobot/../ecrobot/libecrobot++.a(Lcd.o)
                0x00207d98                _ZN7ecrobot3Lcd5clearEb
 .text._ZN7ecrobot3Lcd6cursorEmm
                0x00207db8       0x20 /home/nxtOSEK/ecrobot/../ecrobot/libecrobot++.a(Lcd.o)
                0x00207db8                _ZN7ecrobot3Lcd6cursorEmm
 .text._ZN7ecrobot3Lcd4putfEPKcz
                0x00207dd8       0x98 /home/nxtOSEK/ecrobot/../ecrobot/libecrobot++.a(Lcd.o)
                0x00207dd8                _ZN7ecrobot3Lcd4putfEPKcz
 .text._ZN7ecrobot3Lcd4dispEv
                0x00207e70        0xc /home/nxtOSEK/ecrobot/../ecrobot/libecrobot++.a(Lcd.o)
                0x00207e70                _ZN7ecrobot3Lcd4dispEv
 .text._ZN7ecrobot11LightSensorD0Ev
                0x00207e7c       0x30 /home/nxtOSEK/ecrobot/../ecrobot/libecrobot++.a(LightSensor.o)
                0x00207e7c                _ZN7ecrobot11LightSensorD0Ev
 .text._ZN7ecrobot11LightSensor7setLampEb
                0x00207eac       0x1c /home/nxtOSEK/ecrobot/../ecrobot/libecrobot++.a(LightSensor.o)
                0x00207eac                _ZN7ecrobot11LightSensor7setLampEb
 .text._ZN7ecrobot11LightSensorC1E6ePortSb
                0x00207ec8       0x3c /home/nxtOSEK/ecrobot/../ecrobot/libecrobot++.a(LightSensor.o)
                0x00207ec8                _ZN7ecrobot11LightSensorC1E6ePortSb
 .text._ZN7ecrobot11LightSensorD1Ev
                0x00207f04       0x28 /home/nxtOSEK/ecrobot/../ecrobot/libecrobot++.a(LightSensor.o)
                0x00207f04                _ZN7ecrobot11LightSensorD1Ev
 .text._ZN7ecrobot5MotorC1E6ePortMb
                0x00207f2c       0x18 /home/nxtOSEK/ecrobot/../ecrobot/libecrobot++.a(Motor.o)
                0x00207f2c                _ZN7ecrobot5MotorC1E6ePortMb
 .text._ZN7ecrobot5MotorD1Ev
                0x00207f44       0x10 /home/nxtOSEK/ecrobot/../ecrobot/libecrobot++.a(Motor.o)
                0x00207f44                _ZN7ecrobot5MotorD1Ev
 .text._ZN7ecrobot5Motor6setPWMEa
                0x00207f54       0x3c /home/nxtOSEK/ecrobot/../ecrobot/libecrobot++.a(Motor.o)
                0x00207f54                _ZN7ecrobot5Motor6setPWMEa
 .text._ZN7ecrobot3NxtC1Ev
                0x00207f90        0x4 /home/nxtOSEK/ecrobot/../ecrobot/libecrobot++.a(Nxt.o)
                0x00207f90                _ZN7ecrobot3NxtC1Ev
 .text._ZNK7ecrobot3Nxt9getBattMvEv
                0x00207f94       0x10 /home/nxtOSEK/ecrobot/../ecrobot/libecrobot++.a(Nxt.o)
                0x00207f94                _ZNK7ecrobot3Nxt9getBattMvEv
 .text._ZNK7ecrobot3Nxt10getButtonsEv
                0x00207fa4       0x28 /home/nxtOSEK/ecrobot/../ecrobot/libecrobot++.a(Nxt.o)
                0x00207fa4                _ZNK7ecrobot3Nxt10getButtonsEv
 .text._ZN7ecrobot11SonarSensorC1E6ePortS
                0x00207fcc       0x18 /home/nxtOSEK/ecrobot/../ecrobot/libecrobot++.a(SonarSensor.o)
                0x00207fcc                _ZN7ecrobot11SonarSensorC1E6ePortS
 .text._ZNK7ecrobot11SonarSensor11getDistanceEv
                0x00207fe4       0x1c /home/nxtOSEK/ecrobot/../ecrobot/libecrobot++.a(SonarSensor.o)
                0x00207fe4                _ZNK7ecrobot11SonarSensor11getDistanceEv
 .text._ZN7ecrobot7SpeakerC1Ev
                0x00208000        0x4 /home/nxtOSEK/ecrobot/../ecrobot/libecrobot++.a(Speaker.o)
                0x00208000                _ZN7ecrobot7SpeakerC1Ev
 .text._ZN7ecrobot7Speaker8playToneEmmm
                0x00208004       0x28 /home/nxtOSEK/ecrobot/../ecrobot/libecrobot++.a(Speaker.o)
                0x00208004                _ZN7ecrobot7Speaker8playToneEmmm
 .text._ZN7ecrobot11TouchSensorC1E6ePortS
                0x0020802c       0x30 /home/nxtOSEK/ecrobot/../ecrobot/libecrobot++.a(TouchSensor.o)
                0x0020802c                _ZN7ecrobot11TouchSensorC1E6ePortS
 .text._ZNK7ecrobot11TouchSensor9isPressedEv
                0x0020805c       0x20 /home/nxtOSEK/ecrobot/../ecrobot/libecrobot++.a(TouchSensor.o)
                0x0020805c                _ZNK7ecrobot11TouchSensor9isPressedEv
 .text._ZN7ecrobot12BTConnection7connectEPKcS2_
                0x0020807c      0x174 /home/nxtOSEK/ecrobot/../ecrobot/libecrobot++.a(BTConnection.o)
                0x0020807c                _ZN7ecrobot12BTConnection7connectEPKcS2_
 .text._ZN7ecrobot3DaqC1ERNS_9BluetoothE
                0x002081f0        0x4 /home/nxtOSEK/ecrobot/../ecrobot/libecrobot++.a(Daq.o)
                0x002081f0                _ZN7ecrobot3DaqC1ERNS_9BluetoothE
 .text._ZN7ecrobot3Daq4sendEPatPsPl
                0x002081f4       0x6c /home/nxtOSEK/ecrobot/../ecrobot/libecrobot++.a(Daq.o)
                0x002081f4                _ZN7ecrobot3Daq4sendEPatPsPl
 .text._Znwm    0x00208260       0x10 /home/nxtOSEK/ecrobot/../ecrobot/libecrobot++.a(New.o)
                0x00208260                _Znwm
 .text._Znam    0x00208270       0x10 /home/nxtOSEK/ecrobot/../ecrobot/libecrobot++.a(New.o)
                0x00208270                _Znam
 .text._ZdlPv   0x00208280        0xc /home/nxtOSEK/ecrobot/../ecrobot/libecrobot++.a(New.o)
                0x00208280                _ZdlPv
 .text.ecrobot_device_initialize
                0x0020828c        0x4 /home/nxtOSEK/ecrobot/../ecrobot/libecrobot.a(ecrobot_device_hook.o)
                0x0020828c                ecrobot_device_initialize
 .text.ecrobot_device_terminate
                0x00208290        0x4 /home/nxtOSEK/ecrobot/../ecrobot/libecrobot.a(ecrobot_device_hook.o)
                0x00208290                ecrobot_device_terminate
 .text.ecrobot_get_battery_voltage
                0x00208294        0xc /home/nxtOSEK/ecrobot/../ecrobot/libecrobot.a(ecrobot_interface.o)
                0x00208294                ecrobot_get_battery_voltage
 .text.ecrobot_get_button_state
                0x002082a0        0xc /home/nxtOSEK/ecrobot/../ecrobot/libecrobot.a(ecrobot_interface.o)
                0x002082a0                ecrobot_get_button_state
 .text.ecrobot_init_nxtstate
                0x002082ac       0x28 /home/nxtOSEK/ecrobot/../ecrobot/libecrobot.a(ecrobot_interface.o)
                0x002082ac                ecrobot_init_nxtstate
 .text.ecrobot_poll_nxtstate
                0x002082d4       0x64 /home/nxtOSEK/ecrobot/../ecrobot/libecrobot.a(ecrobot_interface.o)
                0x002082d4                ecrobot_poll_nxtstate
 .text.ecrobot_setDeviceInitialized
                0x00208338       0x18 /home/nxtOSEK/ecrobot/../ecrobot/libecrobot.a(ecrobot_interface.o)
                0x00208338                ecrobot_setDeviceInitialized
 .text.ecrobot_initDeviceStatus
                0x00208350        0xc /home/nxtOSEK/ecrobot/../ecrobot/libecrobot.a(ecrobot_interface.o)
                0x00208350                ecrobot_initDeviceStatus
 .text.ecrobot_bmp2lcd
                0x0020835c      0x1c8 /home/nxtOSEK/ecrobot/../ecrobot/libecrobot.a(ecrobot_interface.o)
                0x0020835c                ecrobot_bmp2lcd
 .text.ecrobot_sound_tone
                0x00208524        0xc /home/nxtOSEK/ecrobot/../ecrobot/libecrobot.a(ecrobot_interface.o)
                0x00208524                ecrobot_sound_tone
 .text.ecrobot_is_ENTER_button_pressed
                0x00208530       0x10 /home/nxtOSEK/ecrobot/../ecrobot/libecrobot.a(ecrobot_interface.o)
                0x00208530                ecrobot_is_ENTER_button_pressed
 .text.ecrobot_is_RUN_button_pressed
                0x00208540       0x10 /home/nxtOSEK/ecrobot/../ecrobot/libecrobot.a(ecrobot_interface.o)
                0x00208540                ecrobot_is_RUN_button_pressed
 .text.StartupHook
                0x00208550        0x4 /home/nxtOSEK/ecrobot/../ecrobot/libecrobot.a(osek_hook.o)
                0x00208550                StartupHook
 .text.PreTaskHook
                0x00208554        0x4 /home/nxtOSEK/ecrobot/../ecrobot/libecrobot.a(osek_hook.o)
                0x00208554                PreTaskHook
 .text.PostTaskHook
                0x00208558        0x4 /home/nxtOSEK/ecrobot/../ecrobot/libecrobot.a(osek_hook.o)
                0x00208558                PostTaskHook
 .text.ErrorHook
                0x0020855c        0x4 /home/nxtOSEK/ecrobot/../ecrobot/libecrobot.a(osek_hook.o)
                0x0020855c                ErrorHook
 .text.ShutdownHook
                0x00208560        0x4 /home/nxtOSEK/ecrobot/../ecrobot/libecrobot.a(osek_hook.o)
                0x00208560                ShutdownHook
 .text.balance_control
                0x00208564      0x254 /home/nxtOSEK/ecrobot/../ecrobot/libnxtway_gs_balancer.a(balancer.o)
                0x00208564                balance_control
 .text.balance_init
                0x002087b8       0x30 /home/nxtOSEK/ecrobot/../ecrobot/libnxtway_gs_balancer.a(balancer.o)
                0x002087b8                balance_init
 .text          0x002087e8       0xb8 /home/GNUARM/bin/../lib/gcc/arm-elf/4.0.2/../../../../arm-elf/lib/thumb/interwork/libm.a(s_cos.o)
                0x002087e8                cos
 .text          0x002088a0       0xbc /home/GNUARM/bin/../lib/gcc/arm-elf/4.0.2/../../../../arm-elf/lib/thumb/interwork/libm.a(s_sin.o)
                0x002088a0                sin
 .text          0x0020895c       0xc4 /home/GNUARM/bin/../lib/gcc/arm-elf/4.0.2/../../../../arm-elf/lib/thumb/interwork/libm.a(w_sqrt.o)
                0x0020895c                sqrt
 .text          0x00208a20      0x434 /home/GNUARM/bin/../lib/gcc/arm-elf/4.0.2/../../../../arm-elf/lib/thumb/interwork/libm.a(e_rem_pio2.o)
                0x00208a20                __ieee754_rem_pio2
 .text          0x00208e54      0x1e8 /home/GNUARM/bin/../lib/gcc/arm-elf/4.0.2/../../../../arm-elf/lib/thumb/interwork/libm.a(e_sqrt.o)
                0x00208e54                __ieee754_sqrt
 .text          0x0020903c      0x20c /home/GNUARM/bin/../lib/gcc/arm-elf/4.0.2/../../../../arm-elf/lib/thumb/interwork/libm.a(k_cos.o)
                0x0020903c                __kernel_cos
 .text          0x00209248      0x8d8 /home/GNUARM/bin/../lib/gcc/arm-elf/4.0.2/../../../../arm-elf/lib/thumb/interwork/libm.a(k_rem_pio2.o)
                0x00209248                __kernel_rem_pio2
 .text          0x00209b20      0x180 /home/GNUARM/bin/../lib/gcc/arm-elf/4.0.2/../../../../arm-elf/lib/thumb/interwork/libm.a(k_sin.o)
                0x00209b20                __kernel_sin
 .text          0x00209ca0       0x14 /home/GNUARM/bin/../lib/gcc/arm-elf/4.0.2/../../../../arm-elf/lib/thumb/interwork/libm.a(s_fabs.o)
                0x00209ca0                fabs
 .text          0x00209cb4      0x16c /home/GNUARM/bin/../lib/gcc/arm-elf/4.0.2/../../../../arm-elf/lib/thumb/interwork/libm.a(s_floor.o)
                0x00209cb4                floor
 .text          0x00209e20       0x1c /home/GNUARM/bin/../lib/gcc/arm-elf/4.0.2/../../../../arm-elf/lib/thumb/interwork/libm.a(s_isnan.o)
                0x00209e20                isnan
 .text          0x00209e3c        0x4 /home/GNUARM/bin/../lib/gcc/arm-elf/4.0.2/../../../../arm-elf/lib/thumb/interwork/libm.a(s_matherr.o)
                0x00209e3c                matherr
 .text          0x00209e40      0x130 /home/GNUARM/bin/../lib/gcc/arm-elf/4.0.2/../../../../arm-elf/lib/thumb/interwork/libm.a(s_scalbn.o)
                0x00209e40                scalbn
 .text          0x00209f70       0x24 /home/GNUARM/bin/../lib/gcc/arm-elf/4.0.2/../../../../arm-elf/lib/thumb/interwork/libm.a(s_copysign.o)
                0x00209f70                copysign
 .text          0x00209f94       0x8c /home/GNUARM/bin/../lib/gcc/arm-elf/4.0.2/thumb/interwork/libgcc.a(_udivsi3.o)
                0x00209f94                __udivsi3
                0x0020a010                __aeabi_uidivmod
 .text          0x0020a020       0xa4 /home/GNUARM/bin/../lib/gcc/arm-elf/4.0.2/thumb/interwork/libgcc.a(_divsi3.o)
                0x0020a020                __divsi3
                0x0020a0b4                __aeabi_idivmod
 .text          0x0020a0c4       0xc8 /home/GNUARM/bin/../lib/gcc/arm-elf/4.0.2/thumb/interwork/libgcc.a(_umodsi3.o)
                0x0020a0c4                __umodsi3
 .text          0x0020a18c       0xd8 /home/GNUARM/bin/../lib/gcc/arm-elf/4.0.2/thumb/interwork/libgcc.a(_modsi3.o)
                0x0020a18c                __modsi3
 .text          0x0020a264        0x4 /home/GNUARM/bin/../lib/gcc/arm-elf/4.0.2/thumb/interwork/libgcc.a(_dvmd_tls.o)
                0x0020a264                __aeabi_ldiv0
                0x0020a264                __div0
                0x0020a264                __aeabi_idiv0
 .text          0x0020a268      0x430 /home/GNUARM/bin/../lib/gcc/arm-elf/4.0.2/thumb/interwork/libgcc.a(_addsubdf3.o)
                0x0020a62c                __floatdidf
                0x0020a5ac                __floatsidf
                0x0020a584                __aeabi_ui2d
                0x0020a268                __aeabi_drsub
                0x0020a5d8                __extendsfdf2
                0x0020a274                __adddf3
                0x0020a584                __floatunsidf
                0x0020a274                __aeabi_dadd
                0x0020a618                __aeabi_ul2d
                0x0020a270                __aeabi_dsub
                0x0020a618                __floatundidf
                0x0020a5ac                __aeabi_i2d
                0x0020a62c                __aeabi_l2d
                0x0020a5d8                __aeabi_f2d
                0x0020a270                __subdf3
 .text          0x0020a698      0x49c /home/GNUARM/bin/../lib/gcc/arm-elf/4.0.2/thumb/interwork/libgcc.a(_muldivdf3.o)
                0x0020a928                __aeabi_ddiv
                0x0020a698                __aeabi_dmul
                0x0020a928                __divdf3
                0x0020a698                __muldf3
 .text          0x0020ab34      0x140 /home/GNUARM/bin/../lib/gcc/arm-elf/4.0.2/thumb/interwork/libgcc.a(_cmpdf2.o)
                0x0020ac2c                __aeabi_dcmple
                0x0020ab44                __cmpdf2
                0x0020ab44                __eqdf2
                0x0020ab34                __gtdf2
                0x0020abe4                __aeabi_cdcmple
                0x0020abc8                __aeabi_cdrcmple
                0x0020ab3c                __ltdf2
                0x0020ac14                __aeabi_dcmplt
                0x0020ab3c                __ledf2
                0x0020ac5c                __aeabi_dcmpgt
                0x0020ac44                __aeabi_dcmpge
                0x0020ab44                __nedf2
                0x0020abfc                __aeabi_dcmpeq
                0x0020abe4                __aeabi_cdcmpeq
                0x0020ab34                __gedf2
 .text          0x0020ac74       0x5c /home/GNUARM/bin/../lib/gcc/arm-elf/4.0.2/thumb/interwork/libgcc.a(_fixdfsi.o)
                0x0020ac74                __fixdfsi
                0x0020ac74                __aeabi_d2iz
 .text          0x0020acd0       0xa0 /home/GNUARM/bin/../lib/gcc/arm-elf/4.0.2/thumb/interwork/libgcc.a(_truncdfsf2.o)
                0x0020acd0                __aeabi_d2f
                0x0020acd0                __truncdfsf2
 .text          0x0020ad70      0x2ac /home/GNUARM/bin/../lib/gcc/arm-elf/4.0.2/thumb/interwork/libgcc.a(_addsubsf3.o)
                0x0020ad7c                __aeabi_fadd
                0x0020ad78                __subsf3
                0x0020af40                __aeabi_i2f
                0x0020ad78                __aeabi_fsub
                0x0020af70                __floatdisf
                0x0020af40                __floatsisf
                0x0020af60                __floatundisf
                0x0020af38                __aeabi_ui2f
                0x0020af70                __aeabi_l2f
                0x0020af60                __aeabi_ul2f
                0x0020ad70                __aeabi_frsub
                0x0020af38                __floatunsisf
                0x0020ad7c                __addsf3
 .text          0x0020b01c      0x2f8 /home/GNUARM/bin/../lib/gcc/arm-elf/4.0.2/thumb/interwork/libgcc.a(_muldivsf3.o)
                0x0020b1b4                __divsf3
                0x0020b1b4                __aeabi_fdiv
                0x0020b01c                __mulsf3
                0x0020b01c                __aeabi_fmul
 .text          0x0020b314      0x110 /home/GNUARM/bin/../lib/gcc/arm-elf/4.0.2/thumb/interwork/libgcc.a(_cmpsf2.o)
                0x0020b40c                __aeabi_fcmpgt
                0x0020b31c                __lesf2
                0x0020b324                __nesf2
                0x0020b3f4                __aeabi_fcmpge
                0x0020b314                __gtsf2
                0x0020b3dc                __aeabi_fcmple
                0x0020b324                __eqsf2
                0x0020b324                __cmpsf2
                0x0020b31c                __ltsf2
                0x0020b394                __aeabi_cfcmple
                0x0020b314                __gesf2
                0x0020b3ac                __aeabi_fcmpeq
                0x0020b384                __aeabi_cfrcmple
                0x0020b3c4                __aeabi_fcmplt
                0x0020b394                __aeabi_cfcmpeq
 .text          0x0020b424       0x5c /home/GNUARM/bin/../lib/gcc/arm-elf/4.0.2/thumb/interwork/libgcc.a(_fixsfsi.o)
                0x0020b424                __fixsfsi
                0x0020b424                __aeabi_f2iz
 .text          0x0020b480        0xc /home/GNUARM/bin/../lib/gcc/arm-elf/4.0.2/../../../../arm-elf/lib/thumb/interwork/libc.a(errno.o)
                0x0020b480                __errno
 .text          0x0020b48c       0x28 /home/GNUARM/bin/../lib/gcc/arm-elf/4.0.2/../../../../arm-elf/lib/thumb/interwork/libc.a(malloc.o)
                0x0020b48c                malloc
                0x0020b4a0                free
 .text          0x0020b4b4      0x548 /home/GNUARM/bin/../lib/gcc/arm-elf/4.0.2/../../../../arm-elf/lib/thumb/interwork/libc.a(mallocr.o)
                0x0020b4b4                _malloc_r
 .text          0x0020b9fc       0x68 /home/GNUARM/bin/../lib/gcc/arm-elf/4.0.2/../../../../arm-elf/lib/thumb/interwork/libc.a(memcpy.o)
                0x0020b9fc                memcpy
 .text          0x0020ba64       0x68 /home/GNUARM/bin/../lib/gcc/arm-elf/4.0.2/../../../../arm-elf/lib/thumb/interwork/libc.a(memset.o)
                0x0020ba64                memset
 .text          0x0020bacc        0x8 /home/GNUARM/bin/../lib/gcc/arm-elf/4.0.2/../../../../arm-elf/lib/thumb/interwork/libc.a(mlock.o)
                0x0020bad0                __malloc_unlock
                0x0020bacc                __malloc_lock
 .text          0x0020bad4       0x60 /home/GNUARM/bin/../lib/gcc/arm-elf/4.0.2/../../../../arm-elf/lib/thumb/interwork/libc.a(strcpy.o)
                0x0020bad4                strcpy
 .text          0x0020bb34       0x48 /home/GNUARM/bin/../lib/gcc/arm-elf/4.0.2/../../../../arm-elf/lib/thumb/interwork/libc.a(strlen.o)
                0x0020bb34                strlen
 .text          0x0020bb7c       0x84 /home/GNUARM/bin/../lib/gcc/arm-elf/4.0.2/../../../../arm-elf/lib/thumb/interwork/libc.a(strncpy.o)
                0x0020bb7c                strncpy
 .text          0x0020bc00      0x260 /home/GNUARM/bin/../lib/gcc/arm-elf/4.0.2/../../../../arm-elf/lib/thumb/interwork/libc.a(freer.o)
                0x0020bca0                _free_r
                0x0020bc00                _malloc_trim_r
 .glue_7        0x0020be60       0x30 /home/GNUARM/bin/../lib/gcc/arm-elf/4.0.2/../../../../arm-elf/lib/thumb/interwork/libc.a(freer.o)
                0x0020be78                __call_posttaskhook_from_arm
                0x0020be61                __ecrobot_debug1_from_arm
                0x0020be6d                __ecrobot_debug2_from_arm
                0x0020be84                __call_pretaskhook_from_arm
 .glue_7t       0x0020be90      0x108 /home/GNUARM/bin/../lib/gcc/arm-elf/4.0.2/../../../../arm-elf/lib/thumb/interwork/libc.a(freer.o)
                0x0020bebc                __start_change_to_arm
                0x0020bf68                __interrupts_get_and_disable_from_thumb
                0x0020bf80                ____lesf2_from_thumb
                0x0020bf60                ____gtdf2_from_thumb
                0x0020beb0                __exit_and_dispatch_from_thumb
                0x0020bf28                ____divsf3_from_thumb
                0x0020bf24                ____gesf2_change_to_arm
                0x0020bf10                ____subdf3_from_thumb
                0x0020bf3c                ____ltdf2_change_to_arm
                0x0020bee4                ____fixsfsi_change_to_arm
                0x0020bf5c                ____eqsf2_change_to_arm
                0x0020bf50                ____ledf2_from_thumb
                0x0020bf4c                ____addsf3_change_to_arm
                0x0020bf14                ____subdf3_change_to_arm
                0x0020bee0                ____fixsfsi_from_thumb
                0x0020bec0                ____floatsisf_from_thumb
                0x0020bf08                ____extendsfdf2_from_thumb
                0x0020bf94                ____gedf2_change_to_arm
                0x0020beb4                __exit_and_dispatch_change_to_arm
                0x0020bf88                ____eqdf2_from_thumb
                0x0020be90                __disable_int_from_thumb
                0x0020bf20                ____gesf2_from_thumb
                0x0020bea8                __start_dispatch_from_thumb
                0x0020bed8                ____ltsf2_from_thumb
                0x0020bee8                ____fixdfsi_from_thumb
                0x0020befc                ____divdf3_change_to_arm
                0x0020bf84                ____lesf2_change_to_arm
                0x0020bf90                ____gedf2_from_thumb
                0x0020beb8                __start_from_thumb
                0x0020bf00                ____truncdfsf2_from_thumb
                0x0020bef4                ____muldf3_change_to_arm
                0x0020bf2c                ____divsf3_change_to_arm
                0x0020beec                ____fixdfsi_change_to_arm
                0x0020bef8                ____divdf3_from_thumb
                0x0020be98                __enable_int_from_thumb
                0x0020bea0                __dispatch_from_thumb
                0x0020bf74                __interrupts_enable_change_to_arm
                0x0020bed0                ____gtsf2_from_thumb
                0x0020bf6c                __interrupts_get_and_disable_change_to_arm
                0x0020bea4                __dispatch_change_to_arm
                0x0020becc                ____mulsf3_change_to_arm
                0x0020bf1c                ____adddf3_change_to_arm
                0x0020bf64                ____gtdf2_change_to_arm
                0x0020bf04                ____truncdfsf2_change_to_arm
                0x0020bf0c                ____extendsfdf2_change_to_arm
                0x0020bf30                ____floatsidf_from_thumb
                0x0020bf38                ____ltdf2_from_thumb
                0x0020bec4                ____floatsisf_change_to_arm
                0x0020bf79                __display_bios_status_from_thumb
                0x0020bf40                ____subsf3_from_thumb
                0x0020bf18                ____adddf3_from_thumb
                0x0020bed4                ____gtsf2_change_to_arm
                0x0020bf8c                ____eqdf2_change_to_arm
                0x0020be94                __disable_int_change_to_arm
                0x0020bedc                ____ltsf2_change_to_arm
                0x0020bec8                ____mulsf3_from_thumb
                0x0020bf48                ____addsf3_from_thumb
                0x0020bef0                ____muldf3_from_thumb
                0x0020bf59                ____eqsf2_from_thumb
                0x0020bf44                ____subsf3_change_to_arm
                0x0020bf54                ____ledf2_change_to_arm
                0x0020be9c                __enable_int_change_to_arm
                0x0020bf34                ____floatsidf_change_to_arm
                0x0020bf70                __interrupts_enable_from_thumb
                0x0020bf7c                __display_bios_status_change_to_arm
                0x0020beac                __start_dispatch_change_to_arm
                0x0020bfa0                . = ALIGN (0x10)
 *fill*         0x0020bf98        0x8 00
 *(*.rodata *.rodata.*)
 .rodata.search_table.966
                0x0020bfa0        0xf build/kernel/task.o
 *fill*         0x0020bfaf        0x1 00
 .rodata.EventSleep
                0x0020bfb0        0x4 build/./kernel_cfg.o
                0x0020bfb0                EventSleep
 .rodata.EventSleepI2C
                0x0020bfb4        0x4 build/./kernel_cfg.o
                0x0020bfb4                EventSleepI2C
 .rodata.EventDrive
                0x0020bfb8        0x4 build/./kernel_cfg.o
                0x0020bfb8                EventDrive
 .rodata.alminib_cycle
                0x0020bfbc        0x4 build/./kernel_cfg.o
                0x0020bfbc                alminib_cycle
 .rodata.alminib_almval
                0x0020bfc0        0x4 build/./kernel_cfg.o
                0x0020bfc0                alminib_almval
 .rodata.alminib_autosta
                0x0020bfc4        0x1 build/./kernel_cfg.o
                0x0020bfc4                alminib_autosta
 *fill*         0x0020bfc5        0x3 00
 .rodata.alminib_cback
                0x0020bfc8        0x4 build/./kernel_cfg.o
                0x0020bfc8                alminib_cback
 .rodata.alminib_cntid
                0x0020bfcc        0x1 build/./kernel_cfg.o
                0x0020bfcc                alminib_cntid
 .rodata.Alarm4msec
                0x0020bfcd        0x1 build/./kernel_cfg.o
                0x0020bfcd                Alarm4msec
 *fill*         0x0020bfce        0x2 00
 .rodata.cntinib_mincyc
                0x0020bfd0        0x4 build/./kernel_cfg.o
                0x0020bfd0                cntinib_mincyc
 .rodata.cntinib_tickbase
                0x0020bfd4        0x4 build/./kernel_cfg.o
                0x0020bfd4                cntinib_tickbase
 .rodata.cntinib_maxval2
                0x0020bfd8        0x4 build/./kernel_cfg.o
                0x0020bfd8                cntinib_maxval2
 .rodata.cntinib_maxval
                0x0020bfdc        0x4 build/./kernel_cfg.o
                0x0020bfdc                cntinib_maxval
 .rodata.SysTimerCnt
                0x0020bfe0        0x1 build/./kernel_cfg.o
                0x0020bfe0                SysTimerCnt
 *fill*         0x0020bfe1        0x1 00
 .rodata.tinib_stksz
                0x0020bfe2        0x4 build/./kernel_cfg.o
                0x0020bfe2                tinib_stksz
 *fill*         0x0020bfe6        0x2 00
 .rodata.tinib_stk
                0x0020bfe8        0x8 build/./kernel_cfg.o
                0x0020bfe8                tinib_stk
 .rodata.tinib_task
                0x0020bff0        0x8 build/./kernel_cfg.o
                0x0020bff0                tinib_task
 .rodata.tinib_autoact
                0x0020bff8        0x2 build/./kernel_cfg.o
                0x0020bff8                tinib_autoact
 .rodata.tinib_exepri
                0x0020bffa        0x2 build/./kernel_cfg.o
                0x0020bffa                tinib_exepri
 .rodata.tinib_inipri
                0x0020bffc        0x2 build/./kernel_cfg.o
                0x0020bffc                tinib_inipri
 .rodata.tnum_exttask
                0x0020bffe        0x1 build/./kernel_cfg.o
                0x0020bffe                tnum_exttask
 .rodata.tnum_task
                0x0020bfff        0x1 build/./kernel_cfg.o
                0x0020bfff                tnum_task
 .rodata.tnum_resource
                0x0020c000        0x1 build/./kernel_cfg.o
                0x0020c000                tnum_resource
 .rodata.tnum_counter
                0x0020c001        0x1 build/./kernel_cfg.o
                0x0020c001                tnum_counter
 .rodata.tnum_alarm
                0x0020c002        0x1 build/./kernel_cfg.o
                0x0020c002                tnum_alarm
 *fill*         0x0020c003        0x1 00
 .rodata.exec_addr
                0x0020c004        0x4 build/ecrobot_base.o
                0x0020c004                exec_addr
 .rodata.str1.4
                0x0020c008       0x80 build/ecrobot_base.o
 .rodata.BATTERY_OFFSET
                0x0020c088        0x4 build/balancer_param.o
                0x0020c088                BATTERY_OFFSET
 .rodata.BATTERY_GAIN
                0x0020c08c        0x4 build/balancer_param.o
                0x0020c08c                BATTERY_GAIN
 .rodata.BT_PASS_KEY
                0x0020c090        0x8 build/Robot.o
 .rodata.str1.4
                0x0020c098       0x24 build/Robot.o
                                 0x28 (size before relaxing)
 .rodata.str1.4
                0x0020c0bc       0xc9 build/Driver.o
                                 0xd0 (size before relaxing)
 *fill*         0x0020c185        0x3 00
 .rodata.str1.4
                0x0020c188        0x8 build/Mission.o
 .rodata.str1.4
                0x0020c190        0x2 build/PositionEstimation.o
                                  0x4 (size before relaxing)
 *fill*         0x0020c192        0x2 00
 .rodata.str1.4
                0x0020c194        0xa /home/nxtOSEK/ecrobot/../ecrobot/libecrobot++.a(Bluetooth.o)
                                  0xc (size before relaxing)
 *fill*         0x0020c19e        0x2 00
 .rodata.str1.4
                0x0020c1a0        0xe /home/nxtOSEK/ecrobot/../ecrobot/libecrobot++.a(GyroSensor.o)
                                 0x10 (size before relaxing)
 *fill*         0x0020c1ae        0x2 00
 .rodata.str1.4
                0x0020c1b0        0xb /home/nxtOSEK/ecrobot/../ecrobot/libecrobot++.a(I2c.o)
                                  0xc (size before relaxing)
 .rodata.str1.4
                0x0020c1bb        0x0 /home/nxtOSEK/ecrobot/../ecrobot/libecrobot++.a(LightSensor.o)
                                 0x10 (size before relaxing)
 *fill*         0x0020c1bb        0x1 00
 .rodata.str1.4
                0x0020c1bc        0xd /home/nxtOSEK/ecrobot/../ecrobot/libecrobot++.a(Motor.o)
                                 0x10 (size before relaxing)
 .rodata.str1.4
                0x0020c1c9        0x0 /home/nxtOSEK/ecrobot/../ecrobot/libecrobot++.a(TouchSensor.o)
                                 0x10 (size before relaxing)
 *fill*         0x0020c1c9        0x3 00
 .rodata.str1.4
                0x0020c1cc       0x7d /home/nxtOSEK/ecrobot/../ecrobot/libecrobot++.a(BTConnection.o)
                                 0xc0 (size before relaxing)
 *fill*         0x0020c249        0x3 00
 .rodata.str1.4
                0x0020c24c        0x5 /home/GNUARM/bin/../lib/gcc/arm-elf/4.0.2/../../../../arm-elf/lib/thumb/interwork/libm.a(w_sqrt.o)
                                  0x8 (size before relaxing)
 *fill*         0x0020c251        0x3 00
 .rodata        0x0020c254      0x188 /home/GNUARM/bin/../lib/gcc/arm-elf/4.0.2/../../../../arm-elf/lib/thumb/interwork/libm.a(e_rem_pio2.o)
 .rodata        0x0020c3dc       0x50 /home/GNUARM/bin/../lib/gcc/arm-elf/4.0.2/../../../../arm-elf/lib/thumb/interwork/libm.a(k_rem_pio2.o)
 .rodata        0x0020c42c        0x4 /home/GNUARM/bin/../lib/gcc/arm-elf/4.0.2/../../../../arm-elf/lib/thumb/interwork/libm.a(s_lib_ver.o)
                0x0020c42c                __fdlib_version
 .rodata.str1.4
                0x0020c430        0x2 /home/GNUARM/bin/../lib/gcc/arm-elf/4.0.2/../../../../arm-elf/lib/thumb/interwork/libc.a(impure.o)
                                  0x4 (size before relaxing)
                0x0020c440                . = ALIGN (0x10)
 *fill*         0x0020c432        0xe 00
 *(*.gnu.linkonce.* .gcc_except_table)
 .gnu.linkonce.r._ZTVN7ecrobot10GyroSensorE
                0x0020c440       0x10 build/Robot.o
                0x0020c440                _ZTVN7ecrobot10GyroSensorE
 .gnu.linkonce.r._ZTVN7ecrobot6SensorE
                0x0020c450       0x10 build/Robot.o
                0x0020c450                _ZTVN7ecrobot6SensorE
 .gnu.linkonce.r._ZTVN7ecrobot11SonarSensorE
                0x0020c460       0x10 build/Robot.o
                0x0020c460                _ZTVN7ecrobot11SonarSensorE
 .gnu.linkonce.r._ZTVN7ecrobot11TouchSensorE
                0x0020c470       0x10 build/Robot.o
                0x0020c470                _ZTVN7ecrobot11TouchSensorE
 .gnu.linkonce.t._ZN7ecrobot6SensorD1Ev
                0x0020c480       0x18 build/Robot.o
                0x0020c480                _ZN7ecrobot6SensorD1Ev
 .gnu.linkonce.t._ZN7ecrobot6SensorD0Ev
                0x0020c498       0x20 build/Robot.o
                0x0020c498                _ZN7ecrobot6SensorD0Ev
 .gnu.linkonce.t._ZN7ecrobot10GyroSensorD1Ev
                0x0020c4b8       0x18 build/Robot.o
                0x0020c4b8                _ZN7ecrobot10GyroSensorD1Ev
 .gnu.linkonce.t._ZN7ecrobot11SonarSensorD1Ev
                0x0020c4d0       0x14 build/Robot.o
                0x0020c4d0                _ZN7ecrobot11SonarSensorD1Ev
 .gnu.linkonce.t._ZN7ecrobot11SonarSensorD0Ev
                0x0020c4e4       0x1c build/Robot.o
                0x0020c4e4                _ZN7ecrobot11SonarSensorD0Ev
 .gnu.linkonce.t._ZN7ecrobot11TouchSensorD0Ev
                0x0020c500       0x20 build/Robot.o
                0x0020c500                _ZN7ecrobot11TouchSensorD0Ev
 .gnu.linkonce.t._ZN7ecrobot11TouchSensorD1Ev
                0x0020c520       0x18 build/Robot.o
                0x0020c520                _ZN7ecrobot11TouchSensorD1Ev
 .gnu.linkonce.t._ZN7ecrobot10GyroSensorD0Ev
                0x0020c538       0x20 build/Robot.o
                0x0020c538                _ZN7ecrobot10GyroSensorD0Ev
 .gnu.linkonce.r._ZTV6Driver
                0x0020c558       0x14 build/Driver.o
                0x0020c558                _ZTV6Driver
 .gnu.linkonce.r._ZTV13RobotObserver
                0x0020c56c       0x14 build/Driver.o
                0x0020c56c                _ZTV13RobotObserver
 .gnu.linkonce.r._ZTV20Mission_TailStraight
                0x0020c580       0x1c build/Driver.o
                0x0020c580                _ZTV20Mission_TailStraight
 .gnu.linkonce.r._ZTV23ControlMission_SpeedPID
                0x0020c59c       0x1c build/Driver.o
                0x0020c59c                _ZTV23ControlMission_SpeedPID
 .gnu.linkonce.r._ZTV20ControlMission_Speed
                0x0020c5b8       0x1c build/Driver.o
                0x0020c5b8                _ZTV20ControlMission_Speed
 .gnu.linkonce.r._ZTV22ControlMission_Posture
                0x0020c5d4       0x1c build/Driver.o
                0x0020c5d4                _ZTV22ControlMission_Posture
 .gnu.linkonce.r._ZTV25ControlMission_Transition
                0x0020c5f0       0x1c build/Driver.o
                0x0020c5f0                _ZTV25ControlMission_Transition
 .gnu.linkonce.r._ZTV22DetectionMission_Sonar
                0x0020c60c       0x1c build/Driver.o
                0x0020c60c                _ZTV22DetectionMission_Sonar
 .gnu.linkonce.r._ZTV21DetectionMission_Time
                0x0020c628       0x1c build/Driver.o
                0x0020c628                _ZTV21DetectionMission_Time
 .gnu.linkonce.t._ZN13RobotObserverD1Ev
                0x0020c644        0xc build/Driver.o
                0x0020c644                _ZN13RobotObserverD1Ev
 .gnu.linkonce.t._ZN13RobotObserverD0Ev
                0x0020c650       0x14 build/Driver.o
                0x0020c650                _ZN13RobotObserverD0Ev
 .gnu.linkonce.t._ZN13RobotObserver6NotifyEN5Robot10RobotEventE
                0x0020c664        0x4 build/Driver.o
                0x0020c664                _ZN13RobotObserver6NotifyEN5Robot10RobotEventE
 .gnu.linkonce.t._ZN23ControlMission_SpeedPID3RunE9RobotInfo7NavInfo9EventFlagR8RobotCmd
                0x0020c668       0xa0 build/Driver.o
                0x0020c668                _ZN23ControlMission_SpeedPID3RunE9RobotInfo7NavInfo9EventFlagR8RobotCmd
 .gnu.linkonce.t._ZN25ControlMission_TransitionD1Ev
                0x0020c708       0x38 build/Driver.o
                0x0020c708                _ZN25ControlMission_TransitionD1Ev
 .gnu.linkonce.t._ZN25ControlMission_TransitionD0Ev
                0x0020c740       0x40 build/Driver.o
                0x0020c740                _ZN25ControlMission_TransitionD0Ev
 .gnu.linkonce.t._ZN25ControlMission_Transition4InitE9RobotInfo7NavInfo
                0x0020c780       0xb8 build/Driver.o
                0x0020c780                _ZN25ControlMission_Transition4InitE9RobotInfo7NavInfo
 .gnu.linkonce.t._ZN23ControlMission_SpeedPIDD1Ev
                0x0020c838       0x14 build/Driver.o
                0x0020c838                _ZN23ControlMission_SpeedPIDD1Ev
 .gnu.linkonce.t._ZN23ControlMission_SpeedPIDD0Ev
                0x0020c84c       0x1c build/Driver.o
                0x0020c84c                _ZN23ControlMission_SpeedPIDD0Ev
 .gnu.linkonce.t._ZN22DetectionMission_SonarD1Ev
                0x0020c868       0x14 build/Driver.o
                0x0020c868                _ZN22DetectionMission_SonarD1Ev
 .gnu.linkonce.t._ZN22DetectionMission_SonarD0Ev
                0x0020c87c       0x1c build/Driver.o
                0x0020c87c                _ZN22DetectionMission_SonarD0Ev
 .gnu.linkonce.t._ZN21DetectionMission_TimeD1Ev
                0x0020c898       0x14 build/Driver.o
                0x0020c898                _ZN21DetectionMission_TimeD1Ev
 .gnu.linkonce.t._ZN21DetectionMission_TimeD0Ev
                0x0020c8ac       0x1c build/Driver.o
                0x0020c8ac                _ZN21DetectionMission_TimeD0Ev
 .gnu.linkonce.t._ZN20Mission_TailStraight4InitE9RobotInfo7NavInfo
                0x0020c8c8       0xbc build/Driver.o
                0x0020c8c8                _ZN20Mission_TailStraight4InitE9RobotInfo7NavInfo
 .gnu.linkonce.t._ZN22ControlMission_PostureD1Ev
                0x0020c984       0x14 build/Driver.o
                0x0020c984                _ZN22ControlMission_PostureD1Ev
 .gnu.linkonce.t._ZN22ControlMission_PostureD0Ev
                0x0020c998       0x1c build/Driver.o
                0x0020c998                _ZN22ControlMission_PostureD0Ev
 .gnu.linkonce.t._ZN20ControlMission_SpeedD1Ev
                0x0020c9b4       0x14 build/Driver.o
                0x0020c9b4                _ZN20ControlMission_SpeedD1Ev
 .gnu.linkonce.t._ZN20ControlMission_SpeedD0Ev
                0x0020c9c8       0x1c build/Driver.o
                0x0020c9c8                _ZN20ControlMission_SpeedD0Ev
 .gnu.linkonce.t._ZN25ControlMission_Transition3RunE9RobotInfo7NavInfo9EventFlagR8RobotCmd
                0x0020c9e4       0xe8 build/Driver.o
                0x0020c9e4                _ZN25ControlMission_Transition3RunE9RobotInfo7NavInfo9EventFlagR8RobotCmd
 .gnu.linkonce.t._ZN20Mission_TailStraight3RunE9RobotInfo7NavInfo9EventFlagR8RobotCmd
                0x0020cacc      0x1cc build/Driver.o
                0x0020cacc                _ZN20Mission_TailStraight3RunE9RobotInfo7NavInfo9EventFlagR8RobotCmd
 .gnu.linkonce.t._ZN22DetectionMission_Sonar3RunE9RobotInfo7NavInfo9EventFlagR8RobotCmd
                0x0020cc98       0x48 build/Driver.o
                0x0020cc98                _ZN22DetectionMission_Sonar3RunE9RobotInfo7NavInfo9EventFlagR8RobotCmd
 .gnu.linkonce.t._ZN21DetectionMission_Time4InitE9RobotInfo7NavInfo
                0x0020cce0       0x2c build/Driver.o
                0x0020cce0                _ZN21DetectionMission_Time4InitE9RobotInfo7NavInfo
 .gnu.linkonce.t._ZN22ControlMission_Posture4InitE9RobotInfo7NavInfo
                0x0020cd0c       0x28 build/Driver.o
                0x0020cd0c                _ZN22ControlMission_Posture4InitE9RobotInfo7NavInfo
 .gnu.linkonce.t._ZN20ControlMission_Speed4InitE9RobotInfo7NavInfo
                0x0020cd34       0x28 build/Driver.o
                0x0020cd34                _ZN20ControlMission_Speed4InitE9RobotInfo7NavInfo
 .gnu.linkonce.t._ZN23ControlMission_SpeedPID4InitE9RobotInfo7NavInfo
                0x0020cd5c       0x28 build/Driver.o
                0x0020cd5c                _ZN23ControlMission_SpeedPID4InitE9RobotInfo7NavInfo
 .gnu.linkonce.t._ZN21DetectionMission_Time3RunE9RobotInfo7NavInfo9EventFlagR8RobotCmd
                0x0020cd84       0x48 build/Driver.o
                0x0020cd84                _ZN21DetectionMission_Time3RunE9RobotInfo7NavInfo9EventFlagR8RobotCmd